 PhysX3CharacterKinematicCHECKED_x64

 Timestamp is 5a770298 (Sun Feb  4 13:54:48 2018)

 Preferred load address is 0000000180000000

 Start         Length     Name                   Class
 0001:00000000 00008de0H .text$di                CODE
 0001:00008de0 0007cd60H .text$mn                CODE
 0001:00085b40 00001110H .text$mn$00             CODE
 0001:00086c50 000017e1H .text$x                 CODE
 0002:00000000 00000110H .CRT$XCA                DATA
 0002:00000110 00000140H .CRT$XCU                DATA
 0002:00000250 00000110H .CRT$XCZ                DATA
 0002:00000360 00000110H .CRT$XIA                DATA
 0002:00000470 00000130H .CRT$XIC                DATA
 0002:000005a0 00000110H .CRT$XIZ                DATA
 0002:000006b0 00000110H .CRT$XPA                DATA
 0002:000007c0 00000120H .CRT$XPX                DATA
 0002:000008e0 00000110H .CRT$XPXA               DATA
 0002:000009f0 00000110H .CRT$XPZ                DATA
 0002:00000b00 00000110H .CRT$XTA                DATA
 0002:00000c10 00000110H .CRT$XTZ                DATA
 0002:00000d20 0000d670H .rdata                  DATA
 0002:0000e390 000004ecH .rdata$r                DATA
 0002:0000e87c 0000019cH .rdata$zzzdbg           DATA
 0002:0000ea18 00000110H .rtc$IAA                DATA
 0002:0000eb28 00000110H .rtc$IZZ                DATA
 0002:0000ec38 00000110H .rtc$TAA                DATA
 0002:0000ed48 00000110H .rtc$TZZ                DATA
 0002:0000ee58 00007d18H .xdata                  DATA
 0002:00016b70 00000b14H .edata                  DATA
 0003:00000000 00000cd0H .data                   DATA
 0003:00000cd0 000003a0H .data$r                 DATA
 0003:00001070 00002001H .bss                    DATA
 0004:00000000 000059c4H .pdata                  DATA
 0005:00000000 000005b0H .idata$5                DATA
 0005:000005b0 0000003cH .idata$2                DATA
 0005:000005ec 00000014H .idata$3                DATA
 0005:00000600 000005b0H .idata$4                DATA
 0005:00000bb0 00001498H .idata$6                DATA
 0006:00000000 0000013fH .00cfg                  DATA
 0007:00000000 000001c0H .rsrc$01                DATA
 0007:000001c0 00000700H .rsrc$02                DATA

  Address         Publics by Value              Rva+Base               Lib:Object

 0000:00000000       ___safe_se_handler_table   0000000000000000     <absolute>
 0000:00000000       __hybrid_code_map_count    0000000000000000     <absolute>
 0000:00000000       ___safe_se_handler_count   0000000000000000     <absolute>
 0000:00000000       __guard_longjmp_table      0000000000000000     <absolute>
 0000:00000000       __hybrid_code_map          0000000000000000     <absolute>
 0000:00000000       __enclave_config           0000000000000000     <absolute>
 0000:00000000       __guard_fids_count         0000000000000000     <absolute>
 0000:00000000       __guard_iat_count          0000000000000000     <absolute>
 0000:00000000       __hybrid_auxiliary_iat     0000000000000000     <absolute>
 0000:00000000       __guard_longjmp_count      0000000000000000     <absolute>
 0000:00000000       __guard_iat_table          0000000000000000     <absolute>
 0000:00000000       __guard_fids_table         0000000000000000     <absolute>
 0000:00000000       __dynamic_value_reloc_table 0000000000000000     <absolute>
 0000:00000100       __guard_flags              0000000000000100     <absolute>
 0000:00000000       __ImageBase                0000000180000000     <linker-defined>
 0001:00008de0       ??0BoxController@Cct@physx@@QEAA@AEBVPxControllerDesc@2@AEAVPxPhysics@2@PEAVPxScene@2@@Z 0000000180009de0 f   CctBoxController.obj
 0001:00008ed0       ??1BoxController@Cct@physx@@UEAA@XZ 0000000180009ed0 f   CctBoxController.obj
 0001:00008f10       ?getWorldBox@BoxController@Cct@physx@@UEBA_NAEAUPxExtendedBounds3@3@@Z 0000000180009f10 f   CctBoxController.obj
 0001:00008fc0       ?setFootPosition@BoxController@Cct@physx@@UEAA_NAEBUPxExtendedVec3@3@@Z 0000000180009fc0 f   CctBoxController.obj
 0001:00009040       ?getFootPosition@BoxController@Cct@physx@@UEBA?AUPxExtendedVec3@3@XZ 000000018000a040 f   CctBoxController.obj
 0001:000090c0       ?invalidateCache@BoxController@Cct@physx@@UEAAXXZ 000000018000a0c0 f   CctBoxController.obj
 0001:00009120       ?resize@BoxController@Cct@physx@@UEAAXM@Z 000000018000a120 f   CctBoxController.obj
 0001:000091e0       ?getHalfHeight@BoxController@Cct@physx@@UEBAMXZ 000000018000a1e0 f   CctBoxController.obj
 0001:000091f0       ?getHalfSideExtent@BoxController@Cct@physx@@UEBAMXZ 000000018000a1f0 f   CctBoxController.obj
 0001:00009200       ?getHalfForwardExtent@BoxController@Cct@physx@@UEBAMXZ 000000018000a200 f   CctBoxController.obj
 0001:00009210       ?setHalfHeight@BoxController@Cct@physx@@UEAA_NM@Z 000000018000a210 f   CctBoxController.obj
 0001:00009230       ?setHalfSideExtent@BoxController@Cct@physx@@UEAA_NM@Z 000000018000a230 f   CctBoxController.obj
 0001:00009250       ?setHalfForwardExtent@BoxController@Cct@physx@@UEAA_NM@Z 000000018000a250 f   CctBoxController.obj
 0001:00009270       ?updateKinematicProxy@BoxController@Cct@physx@@QEAA_NXZ 000000018000a270 f   CctBoxController.obj
 0001:00009310       ?getOBB@BoxController@Cct@physx@@QEBAXAEAVPxExtendedBox@3@@Z 000000018000a310 f   CctBoxController.obj
 0001:00009590       ??0Allocator@shdfnd@physx@@QEAA@PEBD@Z 000000018000a590 f i CctBoxController.obj
 0001:000095a0       ??0PxControllerManager@physx@@IEAA@XZ 000000018000a5a0 f i CctBoxController.obj
 0001:000095c0       ??0PxControllerManager@physx@@QEAA@AEBV01@@Z 000000018000a5c0 f i CctBoxController.obj
 0001:000095e0       ??0PxFoundation@physx@@QEAA@AEBV01@@Z 000000018000a5e0 f i CctBoxController.obj
 0001:00009600       ??0PxFoundation@physx@@QEAA@XZ 000000018000a600 f i CctBoxController.obj
 0001:00009620       ??1PxBoxController@physx@@MEAA@XZ 000000018000a620 f i CctBoxController.obj
 0001:00009630       ??1PxController@physx@@MEAA@XZ 000000018000a630 f i CctBoxController.obj
 0001:00009640       ??1PxControllerManager@physx@@MEAA@XZ 000000018000a640 f i CctBoxController.obj
 0001:00009650       ??1PxFoundation@physx@@MEAA@XZ 000000018000a650 f i CctBoxController.obj
 0001:00009660       ??4Allocator@shdfnd@physx@@QEAAAEAV012@$$QEAV012@@Z 000000018000a660 f i CctBoxController.obj
 0001:00009670       ??4Allocator@shdfnd@physx@@QEAAAEAV012@AEBV012@@Z 000000018000a670 f i CctBoxController.obj
 0001:00009680       ??4MutexImpl@shdfnd@physx@@QEAAAEAV012@AEBV012@@Z 000000018000a680 f i CctBoxController.obj
 0001:00009690       ??4PxControllerManager@physx@@QEAAAEAV01@AEBV01@@Z 000000018000a690 f i CctBoxController.obj
 0001:000096a0       ??4PxFoundation@physx@@QEAAAEAV01@AEBV01@@Z 000000018000a6a0 f i CctBoxController.obj
 0001:000096a4       ??_EBoxController@Cct@physx@@W7EAAPEAXI@Z 000000018000a6a4 f i CctBoxController.obj
 0001:000096b0       ??_EPxControllerManager@physx@@MEAAPEAXI@Z 000000018000a6b0 f i CctBoxController.obj
 0001:00009760       ??_EPxFoundation@physx@@MEAAPEAXI@Z 000000018000a760 f i CctBoxController.obj
 0001:00009810       ??_FAllocator@shdfnd@physx@@QEAAXXZ 000000018000a810 f i CctBoxController.obj
 0001:00009820       ??_FNamedAllocator@shdfnd@physx@@QEAAXXZ 000000018000a820 f i CctBoxController.obj
 0001:00009830       ??_EBoxController@Cct@physx@@UEAAPEAXI@Z 000000018000a830 f i CctBoxController.obj
 0001:00009830       ??_GBoxController@Cct@physx@@UEAAPEAXI@Z 000000018000a830 f i CctBoxController.obj
 0001:000098d0       ??_GPxBoxController@physx@@MEAAPEAXI@Z 000000018000a8d0 f i CctBoxController.obj
 0001:000098d0       ??_EPxBoxController@physx@@MEAAPEAXI@Z 000000018000a8d0 f i CctBoxController.obj
 0001:00009910       ??_EPxController@physx@@MEAAPEAXI@Z 000000018000a910 f i CctBoxController.obj
 0001:00009910       ??_GPxController@physx@@MEAAPEAXI@Z 000000018000a910 f i CctBoxController.obj
 0001:00009950       ??_GPxControllerManager@physx@@MEAAPEAXI@Z 000000018000a950 f i CctBoxController.obj
 0001:00009990       ??_GPxFoundation@physx@@MEAAPEAXI@Z 000000018000a990 f i CctBoxController.obj
 0001:000099d0       ??_H@YAXPEAX_K1P6APEAX0@Z@Z 000000018000a9d0 f i CctBoxController.obj
 0001:00009a30       ??_I@YAXPEAX_K1P6AX0@Z@Z   000000018000aa30 f i CctBoxController.obj
 0001:00009aa0       ?__empty_global_delete@@YAXPEAX@Z 000000018000aaa0 f i CctBoxController.obj
 0001:00009ab0       ?__global_delete@@YAXPEAX_K@Z 000000018000aab0 f i CctBoxController.obj
 0001:00009ab0       ?__empty_global_delete@@YAXPEAX_K@Z 000000018000aab0 f i CctBoxController.obj
 0001:00009ac0       ?getActor@BoxController@Cct@physx@@UEBAPEAVPxRigidDynamic@3@XZ 000000018000aac0 f i CctBoxController.obj
 0001:00009ad0       ?getContactOffset@BoxController@Cct@physx@@UEBAMXZ 000000018000aad0 f i CctBoxController.obj
 0001:00009ae0       ?getHalfHeightInternal@BoxController@Cct@physx@@UEBAMXZ 000000018000aae0 f i CctBoxController.obj
 0001:00009af0       ?getNonWalkableMode@BoxController@Cct@physx@@UEBA?AW4Enum@PxControllerNonWalkableMode@3@XZ 000000018000aaf0 f i CctBoxController.obj
 0001:00009b00       ?getPosition@BoxController@Cct@physx@@UEBAAEBUPxExtendedVec3@3@XZ 000000018000ab00 f i CctBoxController.obj
 0001:00009b10       ?getPxController@BoxController@Cct@physx@@UEAAPEAVPxController@3@XZ 000000018000ab10 f i CctBoxController.obj
 0001:00009b20       ?getScene@BoxController@Cct@physx@@UEAAPEAVPxScene@3@XZ 000000018000ab20 f i CctBoxController.obj
 0001:00009b30       ?getSlopeLimit@BoxController@Cct@physx@@UEBAMXZ 000000018000ab30 f i CctBoxController.obj
 0001:00009b40       ?getState@BoxController@Cct@physx@@UEBAXAEAUPxControllerState@3@@Z 000000018000ab40 f i CctBoxController.obj
 0001:00009b50       ?getStats@BoxController@Cct@physx@@UEBAXAEAUPxControllerStats@3@@Z 000000018000ab50 f i CctBoxController.obj
 0001:00009b60       ?getStepOffset@BoxController@Cct@physx@@UEBAMXZ 000000018000ab60 f i CctBoxController.obj
 0001:00009b70       ?getType@BoxController@Cct@physx@@UEBA?AW4Enum@PxControllerShapeType@3@XZ 000000018000ab70 f i CctBoxController.obj
 0001:00009b80       ?getUpDirection@BoxController@Cct@physx@@UEBA?AVPxVec3@3@XZ 000000018000ab80 f i CctBoxController.obj
 0001:00009ba0       ?getUserData@BoxController@Cct@physx@@UEBAPEAXXZ 000000018000aba0 f i CctBoxController.obj
 0001:00009bb0       ?release@BoxController@Cct@physx@@UEAAXXZ 000000018000abb0 f i CctBoxController.obj
 0001:00009bc0       ?setContactOffset@BoxController@Cct@physx@@UEAAXM@Z 000000018000abc0 f i CctBoxController.obj
 0001:00009be0       ?setNonWalkableMode@BoxController@Cct@physx@@UEAAXW4Enum@PxControllerNonWalkableMode@3@@Z 000000018000abe0 f i CctBoxController.obj
 0001:00009bf0       ?setPosition@BoxController@Cct@physx@@UEAA_NAEBUPxExtendedVec3@3@@Z 000000018000abf0 f i CctBoxController.obj
 0001:00009c00       ?setSlopeLimit@BoxController@Cct@physx@@UEAAXM@Z 000000018000ac00 f i CctBoxController.obj
 0001:00009c20       ?setStepOffset@BoxController@Cct@physx@@UEAAXM@Z 000000018000ac20 f i CctBoxController.obj
 0001:00009c40       ?setUpDirection@BoxController@Cct@physx@@UEAAXAEBVPxVec3@3@@Z 000000018000ac40 f i CctBoxController.obj
 0001:00009c50       ?setUserData@BoxController@Cct@physx@@UEAAXPEAX@Z 000000018000ac50 f i CctBoxController.obj
 0001:00009c60       ??0CapsuleController@Cct@physx@@QEAA@AEBVPxControllerDesc@2@AEAVPxPhysics@2@PEAVPxScene@2@@Z 000000018000ac60 f   CctCapsuleController.obj
 0001:00009d50       ??1CapsuleController@Cct@physx@@UEAA@XZ 000000018000ad50 f   CctCapsuleController.obj
 0001:00009d90       ?getWorldBox@CapsuleController@Cct@physx@@UEBA_NAEAUPxExtendedBounds3@3@@Z 000000018000ad90 f   CctCapsuleController.obj
 0001:00009e40       ?setFootPosition@CapsuleController@Cct@physx@@UEAA_NAEBUPxExtendedVec3@3@@Z 000000018000ae40 f   CctCapsuleController.obj
 0001:00009ed0       ?getFootPosition@CapsuleController@Cct@physx@@UEBA?AUPxExtendedVec3@3@XZ 000000018000aed0 f   CctCapsuleController.obj
 0001:00009f60       ?invalidateCache@CapsuleController@Cct@physx@@UEAAXXZ 000000018000af60 f   CctCapsuleController.obj
 0001:00009fc0       ?resize@CapsuleController@Cct@physx@@UEAAXM@Z 000000018000afc0 f   CctCapsuleController.obj
 0001:0000a090       ?getClimbingMode@CapsuleController@Cct@physx@@UEBA?AW4Enum@PxCapsuleClimbingMode@3@XZ 000000018000b090 f   CctCapsuleController.obj
 0001:0000a0a0       ?setRadius@CapsuleController@Cct@physx@@UEAA_NM@Z 000000018000b0a0 f   CctCapsuleController.obj
 0001:0000a130       ?setHeight@CapsuleController@Cct@physx@@UEAA_NM@Z 000000018000b130 f   CctCapsuleController.obj
 0001:0000a1d0       ?setClimbingMode@CapsuleController@Cct@physx@@UEAA_NW4Enum@PxCapsuleClimbingMode@3@@Z 000000018000b1d0 f   CctCapsuleController.obj
 0001:0000a1f0       ?getCapsule@CapsuleController@Cct@physx@@QEBAXAEAUPxExtendedCapsule@3@@Z 000000018000b1f0 f   CctCapsuleController.obj
 0001:0000a470       ??1PxCapsuleController@physx@@MEAA@XZ 000000018000b470 f i CctCapsuleController.obj
 0001:0000a480       ??_ECapsuleController@Cct@physx@@W7EAAPEAXI@Z 000000018000b480 f i CctCapsuleController.obj
 0001:0000a490       ??_ECapsuleController@Cct@physx@@UEAAPEAXI@Z 000000018000b490 f i CctCapsuleController.obj
 0001:0000a490       ??_GCapsuleController@Cct@physx@@UEAAPEAXI@Z 000000018000b490 f i CctCapsuleController.obj
 0001:0000a530       ??_EPxCapsuleController@physx@@MEAAPEAXI@Z 000000018000b530 f i CctCapsuleController.obj
 0001:0000a530       ??_GPxCapsuleController@physx@@MEAAPEAXI@Z 000000018000b530 f i CctCapsuleController.obj
 0001:0000a570       ?getActor@CapsuleController@Cct@physx@@UEBAPEAVPxRigidDynamic@3@XZ 000000018000b570 f i CctCapsuleController.obj
 0001:0000a580       ?getContactOffset@CapsuleController@Cct@physx@@UEBAMXZ 000000018000b580 f i CctCapsuleController.obj
 0001:0000a590       ?getHalfHeightInternal@CapsuleController@Cct@physx@@UEBAMXZ 000000018000b590 f i CctCapsuleController.obj
 0001:0000a5b0       ?getHeight@CapsuleController@Cct@physx@@UEBAMXZ 000000018000b5b0 f i CctCapsuleController.obj
 0001:0000a5c0       ?getNonWalkableMode@CapsuleController@Cct@physx@@UEBA?AW4Enum@PxControllerNonWalkableMode@3@XZ 000000018000b5c0 f i CctCapsuleController.obj
 0001:0000a5d0       ?getPosition@CapsuleController@Cct@physx@@UEBAAEBUPxExtendedVec3@3@XZ 000000018000b5d0 f i CctCapsuleController.obj
 0001:0000a5e0       ?getPxController@CapsuleController@Cct@physx@@UEAAPEAVPxController@3@XZ 000000018000b5e0 f i CctCapsuleController.obj
 0001:0000a5f0       ?getRadius@CapsuleController@Cct@physx@@UEBAMXZ 000000018000b5f0 f i CctCapsuleController.obj
 0001:0000a600       ?getScene@CapsuleController@Cct@physx@@UEAAPEAVPxScene@3@XZ 000000018000b600 f i CctCapsuleController.obj
 0001:0000a610       ?getSlopeLimit@CapsuleController@Cct@physx@@UEBAMXZ 000000018000b610 f i CctCapsuleController.obj
 0001:0000a620       ?getState@CapsuleController@Cct@physx@@UEBAXAEAUPxControllerState@3@@Z 000000018000b620 f i CctCapsuleController.obj
 0001:0000a630       ?getStats@CapsuleController@Cct@physx@@UEBAXAEAUPxControllerStats@3@@Z 000000018000b630 f i CctCapsuleController.obj
 0001:0000a640       ?getStepOffset@CapsuleController@Cct@physx@@UEBAMXZ 000000018000b640 f i CctCapsuleController.obj
 0001:0000a650       ?getType@CapsuleController@Cct@physx@@UEBA?AW4Enum@PxControllerShapeType@3@XZ 000000018000b650 f i CctCapsuleController.obj
 0001:0000a660       ?getUpDirection@CapsuleController@Cct@physx@@UEBA?AVPxVec3@3@XZ 000000018000b660 f i CctCapsuleController.obj
 0001:0000a680       ?getUserData@CapsuleController@Cct@physx@@UEBAPEAXXZ 000000018000b680 f i CctCapsuleController.obj
 0001:0000a690       ?release@CapsuleController@Cct@physx@@UEAAXXZ 000000018000b690 f i CctCapsuleController.obj
 0001:0000a6a0       ?setContactOffset@CapsuleController@Cct@physx@@UEAAXM@Z 000000018000b6a0 f i CctCapsuleController.obj
 0001:0000a6c0       ?setNonWalkableMode@CapsuleController@Cct@physx@@UEAAXW4Enum@PxControllerNonWalkableMode@3@@Z 000000018000b6c0 f i CctCapsuleController.obj
 0001:0000a6d0       ?setPosition@CapsuleController@Cct@physx@@UEAA_NAEBUPxExtendedVec3@3@@Z 000000018000b6d0 f i CctCapsuleController.obj
 0001:0000a6e0       ?setSlopeLimit@CapsuleController@Cct@physx@@UEAAXM@Z 000000018000b6e0 f i CctCapsuleController.obj
 0001:0000a700       ?setStepOffset@CapsuleController@Cct@physx@@UEAAXM@Z 000000018000b700 f i CctCapsuleController.obj
 0001:0000a720       ?setUpDirection@CapsuleController@Cct@physx@@UEAAXAEBVPxVec3@3@@Z 000000018000b720 f i CctCapsuleController.obj
 0001:0000a730       ?setUserData@CapsuleController@Cct@physx@@UEAAXPEAX@Z 000000018000b730 f i CctCapsuleController.obj
 0001:0000a740       ??0CCTParams@Cct@physx@@QEAA@XZ 000000018000b740 f   CctCharacterController.obj
 0001:0000a780       ??0SweepTest@Cct@physx@@QEAA@_N@Z 000000018000b780 f   CctCharacterController.obj
 0001:0000a990       ??1SweepTest@Cct@physx@@QEAA@XZ 000000018000b990 f   CctCharacterController.obj
 0001:0000aa70       ?moveCharacter@SweepTest@Cct@physx@@QEAA?AV?$PxFlags@W4Enum@PxControllerCollisionFlag@physx@@E@3@PEBUInternalCBData_FindTouchedGeom@23@PEAUInternalCBData_OnHit@23@AEAVSweptVolume@23@AEBVPxVec3@3@AEBUUserObstacles@23@MAEBVPxControllerFilters@3@_N6AEAPEBVPxRigidActor@3@AEAPEBVPxShape@3@_K@Z 000000018000ba70 f   CctCharacterController.obj
 0001:0000b610       ?doSweepTest@SweepTest@Cct@physx@@QEAA_NPEBUInternalCBData_FindTouchedGeom@23@PEAUInternalCBData_OnHit@23@AEBUUserObstacles@23@AEAVSweptVolume@23@AEBVPxVec3@3@4IPEAIMAEBVPxControllerFilters@3@W4SweepPass@23@AEAPEBVPxRigidActor@3@AEAPEBVPxShape@3@_K@Z 000000018000c610 f   CctCharacterController.obj
 0001:0000c670       ?findTouchedObstacles@SweepTest@Cct@physx@@QEAAXAEBUUserObstacles@23@AEBUPxExtendedBounds3@3@@Z 000000018000d670 f   CctCharacterController.obj
 0001:0000cda0       ?voidTestCache@SweepTest@Cct@physx@@QEAAXXZ 000000018000dda0 f   CctCharacterController.obj
 0001:0000ce50       ?onRelease@SweepTest@Cct@physx@@QEAAXAEBVPxBase@3@@Z 000000018000de50 f   CctCharacterController.obj
 0001:0000cf60       ?updateCachedShapesRegistration@SweepTest@Cct@physx@@QEAAXI_N@Z 000000018000df60 f   CctCharacterController.obj
 0001:0000d010       ?onObstacleRemoved@SweepTest@Cct@physx@@QEAAXI@Z 000000018000e010 f   CctCharacterController.obj
 0001:0000d030       ?onObstacleUpdated@SweepTest@Cct@physx@@QEAAXIPEBVPxObstacleContext@3@AEBVPxVec3@3@1M@Z 000000018000e030 f   CctCharacterController.obj
 0001:0000d160       ?onObstacleAdded@SweepTest@Cct@physx@@QEAAXIPEBVPxObstacleContext@3@AEBVPxVec3@3@1M@Z 000000018000e160 f   CctCharacterController.obj
 0001:0000d310       ?onOriginShift@SweepTest@Cct@physx@@QEAAXAEBVPxVec3@3@@Z 000000018000e310 f   CctCharacterController.obj
 0001:0000d4b0       ?updateTouchedGeoms@SweepTest@Cct@physx@@AEAAXPEBUInternalCBData_FindTouchedGeom@23@AEBUUserObstacles@23@AEBUPxExtendedBounds3@3@AEBVPxControllerFilters@3@AEBVPxVec3@3@@Z 000000018000e4b0 f   CctCharacterController.obj
 0001:0000de20       ?findTouchedObject@Controller@Cct@physx@@IEAAXAEBVPxControllerFilters@3@PEBVPxObstacleContext@3@AEBVPxVec3@3@@Z 000000018000ee20 f   CctCharacterController.obj
 0001:0000e590       ?rideOnTouchedObject@Controller@Cct@physx@@IEAA_NAEAVSweptVolume@23@AEBVPxVec3@3@AEAV53@PEBVPxObstacleContext@3@@Z 000000018000f590 f   CctCharacterController.obj
 0001:0000ec60       ?move@Controller@Cct@physx@@IEAA?AV?$PxFlags@W4Enum@PxControllerCollisionFlag@physx@@E@3@AEAVSweptVolume@23@AEBVPxVec3@3@MMAEBVPxControllerFilters@3@PEBVPxObstacleContext@3@_N@Z 000000018000fc60 f   CctCharacterController.obj
 0001:0000fdc0       ?filterTouchedShape@Controller@Cct@physx@@IEAA_NAEBVPxControllerFilters@3@@Z 0000000180010dc0 f   CctCharacterController.obj
 0001:00011650       ?move@BoxController@Cct@physx@@UEAA?AV?$PxFlags@W4Enum@PxControllerCollisionFlag@physx@@E@3@AEBVPxVec3@3@MMAEBVPxControllerFilters@3@PEBVPxObstacleContext@3@@Z 0000000180012650 f   CctCharacterController.obj
 0001:00011810       ?move@CapsuleController@Cct@physx@@UEAA?AV?$PxFlags@W4Enum@PxControllerCollisionFlag@physx@@E@3@AEBVPxVec3@3@MMAEBVPxControllerFilters@3@PEBVPxObstacleContext@3@@Z 0000000180012810 f   CctCharacterController.obj
 0001:000136e0       ??0PxMat33@physx@@QEAA@AEBV01@@Z 00000001800146e0 f i CctCharacterController.obj
 0001:00013730       ??0PxVec3@physx@@QEAA@XZ   0000000180014730 f i CctCharacterController.obj
 0001:00013740       ??1?$PxHitBuffer@UPxRaycastHit@physx@@@physx@@UEAA@XZ 0000000180014740 f i CctCharacterController.obj
 0001:00013750       ??1?$PxHitCallback@UPxRaycastHit@physx@@@physx@@UEAA@XZ 0000000180014750 f i CctCharacterController.obj
 0001:00013760       ??1PxQueryFilterCallback@physx@@UEAA@XZ 0000000180014760 f i CctCharacterController.obj
 0001:00013770       ??4FPUGuard@shdfnd@physx@@QEAAAEAV012@AEBV012@@Z 0000000180014770 f i CctCharacterController.obj
 0001:00013790       ??DPxQuat@physx@@QEBA?AV01@AEBV01@@Z 0000000180014790 f i CctCharacterController.obj
 0001:00013910       ??_G?$PxHitBuffer@UPxRaycastHit@physx@@@physx@@UEAAPEAXI@Z 0000000180014910 f i CctCharacterController.obj
 0001:00013910       ??_E?$PxHitBuffer@UPxRaycastHit@physx@@@physx@@UEAAPEAXI@Z 0000000180014910 f i CctCharacterController.obj
 0001:00013950       ??_G?$PxHitCallback@UPxRaycastHit@physx@@@physx@@UEAAPEAXI@Z 0000000180014950 f i CctCharacterController.obj
 0001:00013950       ??_E?$PxHitCallback@UPxRaycastHit@physx@@@physx@@UEAAPEAXI@Z 0000000180014950 f i CctCharacterController.obj
 0001:00013990       ??_EControllerFilter@@UEAAPEAXI@Z 0000000180014990 f i CctCharacterController.obj
 0001:00013990       ??_GControllerFilter@@UEAAPEAXI@Z 0000000180014990 f i CctCharacterController.obj
 0001:000139d0       ??_GPxQueryFilterCallback@physx@@UEAAPEAXI@Z 00000001800149d0 f i CctCharacterController.obj
 0001:000139d0       ??_EPxQueryFilterCallback@physx@@UEAAPEAXI@Z 00000001800149d0 f i CctCharacterController.obj
 0001:00014390       ?finalizeQuery@?$PxHitCallback@UPxRaycastHit@physx@@@physx@@UEAAXXZ 0000000180015390 f i CctCharacterController.obj
 0001:000143a0       ?growAndPushBack@?$Array@PEBXVNamedAllocator@shdfnd@physx@@@shdfnd@physx@@IEAAAEAPEBXAEBQEBX@Z 00000001800153a0 f i CctCharacterController.obj
 0001:000144d0       ?growAndPushBack@?$Array@UPxExtendedCapsule@physx@@VNamedAllocator@shdfnd@2@@shdfnd@physx@@IEAAAEAUPxExtendedCapsule@3@AEBU43@@Z 00000001800154d0 f i CctCharacterController.obj
 0001:00014630       ?growAndPushBack@?$Array@VPxExtendedBox@physx@@VNamedAllocator@shdfnd@2@@shdfnd@physx@@IEAAAEAVPxExtendedBox@3@AEBV43@@Z 0000000180015630 f i CctCharacterController.obj
 0001:00014a20       ?postFilter@ControllerFilter@@UEAA?AW4Enum@PxQueryHitType@physx@@AEBUPxFilterData@4@AEBUPxQueryHit@4@@Z 0000000180015a20 f i CctCharacterController.obj
 0001:00014a40       ?preFilter@ControllerFilter@@UEAA?AW4Enum@PxQueryHitType@physx@@AEBUPxFilterData@4@PEBVPxShape@4@PEBVPxRigidActor@4@AEAV?$PxFlags@W4Enum@PxHitFlag@physx@@G@4@@Z 0000000180015a40 f i CctCharacterController.obj
 0001:00014bb0       ?processTouches@?$PxHitBuffer@UPxRaycastHit@physx@@@physx@@MEAA_NPEBUPxRaycastHit@2@I@Z 0000000180015bb0 f i CctCharacterController.obj
 0001:00014bc0       ?recreate@?$Array@IVNamedAllocator@shdfnd@physx@@@shdfnd@physx@@IEAAXI@Z 0000000180015bc0 f i CctCharacterController.obj
 0001:000150d0       ?getSceneTimestamp@Cct@physx@@YAIPEBUInternalCBData_FindTouchedGeom@12@@Z 00000001800160d0 f   CctCharacterControllerCallbacks.obj
 0001:000150f0       ?findTouchedGeometry@Cct@physx@@YAXPEBUInternalCBData_FindTouchedGeom@12@AEBUPxExtendedBounds3@2@AEAVTriArray@12@AEAV?$Array@IVNamedAllocator@shdfnd@physx@@@shdfnd@2@3AEBVCCTFilter@12@AEBUCCTParams@12@AEAG@Z 00000001800160f0 f   CctCharacterControllerCallbacks.obj
 0001:00016110       ?shapeHitCallback@Cct@physx@@YAIPEBUInternalCBData_OnHit@12@AEBUSweptContact@12@AEBVPxVec3@2@M@Z 0000000180017110 f   CctCharacterControllerCallbacks.obj
 0001:00016220       ?userHitCallback@Cct@physx@@YAIPEBUInternalCBData_OnHit@12@AEBUSweptContact@12@AEBVPxVec3@2@M@Z 0000000180017220 f   CctCharacterControllerCallbacks.obj
 0001:00016990       ??0PxOverlapHit@physx@@QEAA@XZ 0000000180017990 f i CctCharacterControllerCallbacks.obj
 0001:000169b0       ??1?$PxHitBuffer@UPxOverlapHit@physx@@@physx@@UEAA@XZ 00000001800179b0 f i CctCharacterControllerCallbacks.obj
 0001:000169c0       ??1?$PxHitCallback@UPxOverlapHit@physx@@@physx@@UEAA@XZ 00000001800179c0 f i CctCharacterControllerCallbacks.obj
 0001:000169d0       ??_G?$PxHitBuffer@UPxOverlapHit@physx@@@physx@@UEAAPEAXI@Z 00000001800179d0 f i CctCharacterControllerCallbacks.obj
 0001:000169d0       ??_E?$PxHitBuffer@UPxOverlapHit@physx@@@physx@@UEAAPEAXI@Z 00000001800179d0 f i CctCharacterControllerCallbacks.obj
 0001:00016a10       ??_E?$PxHitCallback@UPxOverlapHit@physx@@@physx@@UEAAPEAXI@Z 0000000180017a10 f i CctCharacterControllerCallbacks.obj
 0001:00016a10       ??_G?$PxHitCallback@UPxOverlapHit@physx@@@physx@@UEAAPEAXI@Z 0000000180017a10 f i CctCharacterControllerCallbacks.obj
 0001:00017220       ?finalizeQuery@?$PxHitCallback@UPxOverlapHit@physx@@@physx@@UEAAXXZ 0000000180018220 f i CctCharacterControllerCallbacks.obj
 0001:00017230       ?growAndPushBack@?$Array@IVNamedAllocator@shdfnd@physx@@@shdfnd@physx@@IEAAAEAIAEBI@Z 0000000180018230 f i CctCharacterControllerCallbacks.obj
 0001:0001b960       ?processTouches@?$PxHitBuffer@UPxOverlapHit@physx@@@physx@@MEAA_NPEBUPxOverlapHit@2@I@Z 000000018001c960 f i CctCharacterControllerCallbacks.obj
 0001:0001b970       ?recreate@?$Array@VPxTriangle@physx@@VNamedAllocator@shdfnd@2@@shdfnd@physx@@IEAAXI@Z 000000018001c970 f i CctCharacterControllerCallbacks.obj
 0001:0001c3f0       PxCreateControllerManager  000000018001d3f0 f   CctCharacterControllerManager.obj
 0001:0001c4a0       ??0CharacterControllerManager@Cct@physx@@QEAA@AEAVPxScene@2@_N@Z 000000018001d4a0 f   CctCharacterControllerManager.obj
 0001:0001c730       ??1CharacterControllerManager@Cct@physx@@UEAA@XZ 000000018001d730 f   CctCharacterControllerManager.obj
 0001:0001c8e0       ?release@CharacterControllerManager@Cct@physx@@UEAAXXZ 000000018001d8e0 f   CctCharacterControllerManager.obj
 0001:0001cb40       ?getScene@CharacterControllerManager@Cct@physx@@UEBAAEAVPxScene@3@XZ 000000018001db40 f   CctCharacterControllerManager.obj
 0001:0001cb50       ?getNbControllers@CharacterControllerManager@Cct@physx@@UEBAIXZ 000000018001db50 f   CctCharacterControllerManager.obj
 0001:0001cb60       ?getController@CharacterControllerManager@Cct@physx@@UEAAPEAVPxController@3@I@Z 000000018001db60 f   CctCharacterControllerManager.obj
 0001:0001cbc0       ?createController@CharacterControllerManager@Cct@physx@@UEAAPEAVPxController@3@AEBVPxControllerDesc@3@@Z 000000018001dbc0 f   CctCharacterControllerManager.obj
 0001:0001cde0       ?purgeControllers@CharacterControllerManager@Cct@physx@@UEAAXXZ 000000018001dde0 f   CctCharacterControllerManager.obj
 0001:0001cfe0       ?getRenderBuffer@CharacterControllerManager@Cct@physx@@UEAAAEAVPxRenderBuffer@3@XZ 000000018001dfe0 f   CctCharacterControllerManager.obj
 0001:0001d1b0       ?setDebugRenderingFlags@CharacterControllerManager@Cct@physx@@UEAAXV?$PxFlags@W4Enum@PxControllerDebugRenderFlag@physx@@I@3@@Z 000000018001e1b0 f   CctCharacterControllerManager.obj
 0001:0001d1f0       ?getNbObstacleContexts@CharacterControllerManager@Cct@physx@@UEBAIXZ 000000018001e1f0 f   CctCharacterControllerManager.obj
 0001:0001d200       ?getObstacleContext@CharacterControllerManager@Cct@physx@@UEAAPEAVPxObstacleContext@3@I@Z 000000018001e200 f   CctCharacterControllerManager.obj
 0001:0001d260       ?createObstacleContext@CharacterControllerManager@Cct@physx@@UEAAPEAVPxObstacleContext@3@XZ 000000018001e260 f   CctCharacterControllerManager.obj
 0001:0001d340       ?computeInteractions@CharacterControllerManager@Cct@physx@@UEAAXMPEAVPxControllerFilterCallback@3@@Z 000000018001e340 f   CctCharacterControllerManager.obj
 0001:0001d580       ?setTessellation@CharacterControllerManager@Cct@physx@@UEAAX_NM@Z 000000018001e580 f   CctCharacterControllerManager.obj
 0001:0001d5a0       ?setOverlapRecoveryModule@CharacterControllerManager@Cct@physx@@UEAAX_N@Z 000000018001e5a0 f   CctCharacterControllerManager.obj
 0001:0001d5b0       ?setPreciseSweeps@CharacterControllerManager@Cct@physx@@UEAAX_N@Z 000000018001e5b0 f   CctCharacterControllerManager.obj
 0001:0001d5c0       ?setPreventVerticalSlidingAgainstCeiling@CharacterControllerManager@Cct@physx@@UEAAX_N@Z 000000018001e5c0 f   CctCharacterControllerManager.obj
 0001:0001d5d0       ?shiftOrigin@CharacterControllerManager@Cct@physx@@UEAAXAEBVPxVec3@3@@Z 000000018001e5d0 f   CctCharacterControllerManager.obj
 0001:0001d6a0       ?onRelease@CharacterControllerManager@Cct@physx@@UEAAXPEBVPxBase@3@PEAXW4Enum@PxDeletionEventFlag@3@@Z 000000018001e6a0 f   CctCharacterControllerManager.obj
 0001:0001d830       ?registerObservedObject@CharacterControllerManager@Cct@physx@@QEAAXPEBVPxBase@3@@Z 000000018001e830 f   CctCharacterControllerManager.obj
 0001:0001d8c0       ?unregisterObservedObject@CharacterControllerManager@Cct@physx@@QEAAXPEBVPxBase@3@@Z 000000018001e8c0 f   CctCharacterControllerManager.obj
 0001:0001d960       ?onObstacleRemoved@CharacterControllerManager@Cct@physx@@QEBAXI@Z 000000018001e960 f   CctCharacterControllerManager.obj
 0001:0001d9b0       ?onObstacleUpdated@CharacterControllerManager@Cct@physx@@QEBAXIPEBVPxObstacleContext@3@@Z 000000018001e9b0 f   CctCharacterControllerManager.obj
 0001:0001dad0       ?onObstacleAdded@CharacterControllerManager@Cct@physx@@QEBAXIPEBVPxObstacleContext@3@@Z 000000018001ead0 f   CctCharacterControllerManager.obj
 0001:0001dbf0       ?releaseController@CharacterControllerManager@Cct@physx@@QEAAXAEAVPxController@3@@Z 000000018001ebf0 f   CctCharacterControllerManager.obj
 0001:0001ddb0       ?getControllers@CharacterControllerManager@Cct@physx@@QEAAPEAPEAVController@23@XZ 000000018001edb0 f   CctCharacterControllerManager.obj
 0001:0001ddc0       ?releaseObstacleContext@CharacterControllerManager@Cct@physx@@QEAAXAEAVObstacleContext@23@@Z 000000018001edc0 f   CctCharacterControllerManager.obj
 0001:0001de30       ?resetObstaclesBuffers@CharacterControllerManager@Cct@physx@@QEAAXXZ 000000018001ee30 f   CctCharacterControllerManager.obj
 0001:0001e640       ??$resetOrClear@V?$Array@PEBXVNamedAllocator@shdfnd@physx@@@shdfnd@physx@@@@YAXAEAV?$Array@PEBXVNamedAllocator@shdfnd@physx@@@shdfnd@physx@@@Z 000000018001f640 f i CctCharacterControllerManager.obj
 0001:0001e6b0       ??$resetOrClear@V?$Array@UPxExtendedCapsule@physx@@VNamedAllocator@shdfnd@2@@shdfnd@physx@@@@YAXAEAV?$Array@UPxExtendedCapsule@physx@@VNamedAllocator@shdfnd@2@@shdfnd@physx@@@Z 000000018001f6b0 f i CctCharacterControllerManager.obj
 0001:0001e740       ??$resetOrClear@V?$Array@VPxExtendedBox@physx@@VNamedAllocator@shdfnd@2@@shdfnd@physx@@@@YAXAEAV?$Array@VPxExtendedBox@physx@@VNamedAllocator@shdfnd@2@@shdfnd@physx@@@Z 000000018001f740 f i CctCharacterControllerManager.obj
 0001:0001e7a0       ??1PxDeletionListener@physx@@MEAA@XZ 000000018001f7a0 f i CctCharacterControllerManager.obj
 0001:0001e7b0       ??1PxRenderBuffer@physx@@UEAA@XZ 000000018001f7b0 f i CctCharacterControllerManager.obj
 0001:0001e7c0       ??_ECharacterControllerManager@Cct@physx@@W7EAAPEAXI@Z 000000018001f7c0 f i CctCharacterControllerManager.obj
 0001:0001e7d0       ??_GCharacterControllerManager@Cct@physx@@UEAAPEAXI@Z 000000018001f7d0 f i CctCharacterControllerManager.obj
 0001:0001e7d0       ??_ECharacterControllerManager@Cct@physx@@UEAAPEAXI@Z 000000018001f7d0 f i CctCharacterControllerManager.obj
 0001:0001e850       ??_EPxDeletionListener@physx@@MEAAPEAXI@Z 000000018001f850 f i CctCharacterControllerManager.obj
 0001:0001e850       ??_GPxDeletionListener@physx@@MEAAPEAXI@Z 000000018001f850 f i CctCharacterControllerManager.obj
 0001:0001e890       ??_EPxRenderBuffer@physx@@UEAAPEAXI@Z 000000018001f890 f i CctCharacterControllerManager.obj
 0001:0001e890       ??_GPxRenderBuffer@physx@@UEAAPEAXI@Z 000000018001f890 f i CctCharacterControllerManager.obj
 0001:0001e8d0       ??_ERenderBuffer@Cm@physx@@UEAAPEAXI@Z 000000018001f8d0 f i CctCharacterControllerManager.obj
 0001:0001e8d0       ??_GRenderBuffer@Cm@physx@@UEAAPEAXI@Z 000000018001f8d0 f i CctCharacterControllerManager.obj
 0001:0001f840       ?append@RenderBuffer@Cm@physx@@UEAAXAEBVPxRenderBuffer@3@@Z 0000000180020840 f i CctCharacterControllerManager.obj
 0001:0001fbd0       ?clear@RenderBuffer@Cm@physx@@UEAAXXZ 0000000180020bd0 f i CctCharacterControllerManager.obj
 0001:00020230       ?copy@?$Array@UPxDebugLine@physx@@VNamedAllocator@shdfnd@2@@shdfnd@physx@@KAXPEAUPxDebugLine@3@0PEBU43@@Z 0000000180021230 f i CctCharacterControllerManager.obj
 0001:00020450       ?copy@?$Array@UPxDebugPoint@physx@@VNamedAllocator@shdfnd@2@@shdfnd@physx@@KAXPEAUPxDebugPoint@3@0PEBU43@@Z 0000000180021450 f i CctCharacterControllerManager.obj
 0001:00020590       ?copy@?$Array@UPxDebugText@physx@@VNamedAllocator@shdfnd@2@@shdfnd@physx@@KAXPEAUPxDebugText@3@0PEBU43@@Z 0000000180021590 f i CctCharacterControllerManager.obj
 0001:00020760       ?copy@?$Array@UPxDebugTriangle@physx@@VNamedAllocator@shdfnd@2@@shdfnd@physx@@KAXPEAUPxDebugTriangle@3@0PEBU43@@Z 0000000180021760 f i CctCharacterControllerManager.obj
 0001:000209e0       ?create@?$HashBase@PEAVPxShape@physx@@PEAV12@U?$Hash@PEAVPxShape@physx@@@shdfnd@2@UGetKey@?$HashSetBase@PEAVPxShape@physx@@U?$Hash@PEAVPxShape@physx@@@shdfnd@2@VNonTrackingAllocator@42@$0A@@internal@42@VNonTrackingAllocator@42@$0A@@internal@shdfnd@physx@@QEAAPEAPEAVPxShape@4@AEBQEAV54@AEA_N@Z 00000001800219e0 f i CctCharacterControllerManager.obj
 0001:00020bf0       ?create@?$HashBase@V?$Pair@QEBVPxBase@physx@@UObservedRefCounter@Cct@2@@shdfnd@physx@@PEBVPxBase@3@U?$Hash@PEBVPxBase@physx@@@23@UGetKey@?$HashMapBase@PEBVPxBase@physx@@UObservedRefCounter@Cct@2@U?$Hash@PEBVPxBase@physx@@@shdfnd@2@VNonTrackingAllocator@62@@internal@23@VNonTrackingAllocator@23@$00@internal@shdfnd@physx@@QEAAPEAV?$Pair@QEBVPxBase@physx@@UObservedRefCounter@Cct@2@@34@AEBQEBVPxBase@4@AEA_N@Z 0000000180021bf0 f i CctCharacterControllerManager.obj
 0001:00020df0       ?erase@?$HashBase@V?$Pair@QEBVPxBase@physx@@UObservedRefCounter@Cct@2@@shdfnd@physx@@PEBVPxBase@3@U?$Hash@PEBVPxBase@physx@@@23@UGetKey@?$HashMapBase@PEBVPxBase@physx@@UObservedRefCounter@Cct@2@U?$Hash@PEBVPxBase@physx@@@shdfnd@2@VNonTrackingAllocator@62@@internal@23@VNonTrackingAllocator@23@$00@internal@shdfnd@physx@@QEAA_NAEBQEBVPxBase@4@@Z 0000000180021df0 f i CctCharacterControllerManager.obj
 0001:00020ff0       ?getAllocator@Foundation@shdfnd@physx@@QEAAAEAVPxAllocatorCallback@3@XZ 0000000180021ff0 f i CctCharacterControllerManager.obj
 0001:00021000       ?getAllocatorCallback@Foundation@shdfnd@physx@@UEAAAEAVPxAllocatorCallback@3@XZ 0000000180022000 f i CctCharacterControllerManager.obj
 0001:00021010       ?getErrorCallback@Foundation@shdfnd@physx@@UEAAAEAVPxErrorCallback@3@XZ 0000000180022010 f i CctCharacterControllerManager.obj
 0001:00021020       ?getErrorLevel@Foundation@shdfnd@physx@@UEBA?AW4Enum@PxErrorCode@3@XZ 0000000180022020 f i CctCharacterControllerManager.obj
 0001:00021030       ?getInternalErrorCallback@Foundation@shdfnd@physx@@QEAAAEAVPxErrorCallback@3@XZ 0000000180022030 f i CctCharacterControllerManager.obj
 0001:00021040       ?getLines@RenderBuffer@Cm@physx@@UEBAPEBUPxDebugLine@3@XZ 0000000180022040 f i CctCharacterControllerManager.obj
 0001:00021050       ?getNamedAllocMap@Foundation@shdfnd@physx@@QEAAAEAV?$HashMap@PEBVNamedAllocator@shdfnd@physx@@PEBDU?$Hash@PEBVNamedAllocator@shdfnd@physx@@@23@VNonTrackingAllocator@23@@23@XZ 0000000180022050 f i CctCharacterControllerManager.obj
 0001:00021060       ?getNamedAllocMutex@Foundation@shdfnd@physx@@QEAAAEAV?$MutexT@VAllocator@shdfnd@physx@@@23@XZ 0000000180022060 f i CctCharacterControllerManager.obj
 0001:00021070       ?getNbLines@RenderBuffer@Cm@physx@@UEBAIXZ 0000000180022070 f i CctCharacterControllerManager.obj
 0001:00021080       ?getNbPoints@RenderBuffer@Cm@physx@@UEBAIXZ 0000000180022080 f i CctCharacterControllerManager.obj
 0001:00021090       ?getNbTexts@RenderBuffer@Cm@physx@@UEBAIXZ 0000000180022090 f i CctCharacterControllerManager.obj
 0001:000210a0       ?getNbTriangles@RenderBuffer@Cm@physx@@UEBAIXZ 00000001800220a0 f i CctCharacterControllerManager.obj
 0001:000210b0       ?getPoints@RenderBuffer@Cm@physx@@UEBAPEBUPxDebugPoint@3@XZ 00000001800220b0 f i CctCharacterControllerManager.obj
 0001:000210c0       ?getReportAllocationNames@Foundation@shdfnd@physx@@UEBA_NXZ 00000001800220c0 f i CctCharacterControllerManager.obj
 0001:000210d0       ?getTempAllocFreeTable@Foundation@shdfnd@physx@@QEAAAEAV?$Array@PEATTempAllocatorChunk@shdfnd@physx@@VAllocator@23@@23@XZ 00000001800220d0 f i CctCharacterControllerManager.obj
 0001:000210e0       ?getTempAllocMutex@Foundation@shdfnd@physx@@QEAAAEAV?$MutexT@VAllocator@shdfnd@physx@@@23@XZ 00000001800220e0 f i CctCharacterControllerManager.obj
 0001:000210f0       ?getTexts@RenderBuffer@Cm@physx@@UEBAPEBUPxDebugText@3@XZ 00000001800220f0 f i CctCharacterControllerManager.obj
 0001:00021100       ?getTriangles@RenderBuffer@Cm@physx@@UEBAPEBUPxDebugTriangle@3@XZ 0000000180022100 f i CctCharacterControllerManager.obj
 0001:00021110       ?growAndPushBack@?$Array@PEAVController@Cct@physx@@VNamedAllocator@shdfnd@3@@shdfnd@physx@@IEAAAEAPEAVController@Cct@3@AEBQEAV453@@Z 0000000180022110 f i CctCharacterControllerManager.obj
 0001:00021240       ?growAndPushBack@?$Array@PEAVObstacleContext@Cct@physx@@VNamedAllocator@shdfnd@3@@shdfnd@physx@@IEAAAEAPEAVObstacleContext@Cct@3@AEBQEAV453@@Z 0000000180022240 f i CctCharacterControllerManager.obj
 0001:00021370       ?growAndPushBack@?$Array@UPxDebugLine@physx@@VNamedAllocator@shdfnd@2@@shdfnd@physx@@IEAAAEAUPxDebugLine@3@AEBU43@@Z 0000000180022370 f i CctCharacterControllerManager.obj
 0001:000214b0       ?growAndPushBack@?$Array@UPxDebugPoint@physx@@VNamedAllocator@shdfnd@2@@shdfnd@physx@@IEAAAEAUPxDebugPoint@3@AEBU43@@Z 00000001800224b0 f i CctCharacterControllerManager.obj
 0001:000215c0       ?growAndPushBack@?$Array@UPxDebugText@physx@@VNamedAllocator@shdfnd@2@@shdfnd@physx@@IEAAAEAUPxDebugText@3@AEBU43@@Z 00000001800225c0 f i CctCharacterControllerManager.obj
 0001:000216f0       ?growAndPushBack@?$Array@UPxDebugTriangle@physx@@VNamedAllocator@shdfnd@2@@shdfnd@physx@@IEAAAEAUPxDebugTriangle@3@AEBU43@@Z 00000001800226f0 f i CctCharacterControllerManager.obj
 0001:00021860       ?recreate@?$Array@PEBXVNamedAllocator@shdfnd@physx@@@shdfnd@physx@@IEAAXI@Z 0000000180022860 f i CctCharacterControllerManager.obj
 0001:00021970       ?recreate@?$Array@UPxDebugLine@physx@@VNamedAllocator@shdfnd@2@@shdfnd@physx@@IEAAXI@Z 0000000180022970 f i CctCharacterControllerManager.obj
 0001:00021a30       ?recreate@?$Array@UPxDebugPoint@physx@@VNamedAllocator@shdfnd@2@@shdfnd@physx@@IEAAXI@Z 0000000180022a30 f i CctCharacterControllerManager.obj
 0001:00021af0       ?recreate@?$Array@UPxDebugText@physx@@VNamedAllocator@shdfnd@2@@shdfnd@physx@@IEAAXI@Z 0000000180022af0 f i CctCharacterControllerManager.obj
 0001:00021bb0       ?recreate@?$Array@UPxDebugTriangle@physx@@VNamedAllocator@shdfnd@2@@shdfnd@physx@@IEAAXI@Z 0000000180022bb0 f i CctCharacterControllerManager.obj
 0001:00021c80       ?recreate@?$Array@UPxExtendedCapsule@physx@@VNamedAllocator@shdfnd@2@@shdfnd@physx@@IEAAXI@Z 0000000180022c80 f i CctCharacterControllerManager.obj
 0001:00021da0       ?recreate@?$Array@VPxExtendedBox@physx@@VNamedAllocator@shdfnd@2@@shdfnd@physx@@IEAAXI@Z 0000000180022da0 f i CctCharacterControllerManager.obj
 0001:00022100       ?reserveInternal@?$HashBase@PEAVPxShape@physx@@PEAV12@U?$Hash@PEAVPxShape@physx@@@shdfnd@2@UGetKey@?$HashSetBase@PEAVPxShape@physx@@U?$Hash@PEAVPxShape@physx@@@shdfnd@2@VNonTrackingAllocator@42@$0A@@internal@42@VNonTrackingAllocator@42@$0A@@internal@shdfnd@physx@@AEAAXI@Z 0000000180023100 f i CctCharacterControllerManager.obj
 0001:000225b0       ?reserveInternal@?$HashBase@V?$Pair@QEBVPxBase@physx@@UObservedRefCounter@Cct@2@@shdfnd@physx@@PEBVPxBase@3@U?$Hash@PEBVPxBase@physx@@@23@UGetKey@?$HashMapBase@PEBVPxBase@physx@@UObservedRefCounter@Cct@2@U?$Hash@PEBVPxBase@physx@@@shdfnd@2@VNonTrackingAllocator@62@@internal@23@VNonTrackingAllocator@23@$00@internal@shdfnd@physx@@AEAAXI@Z 00000001800235b0 f i CctCharacterControllerManager.obj
 0001:00022810       ?resize@?$Array@PEBXVNamedAllocator@shdfnd@physx@@@shdfnd@physx@@QEAAXIAEBQEBX@Z 0000000180023810 f i CctCharacterControllerManager.obj
 0001:00022920       ?resize@?$Array@UPxExtendedCapsule@physx@@VNamedAllocator@shdfnd@2@@shdfnd@physx@@QEAAXIAEBUPxExtendedCapsule@3@@Z 0000000180023920 f i CctCharacterControllerManager.obj
 0001:000229c0       ?resize@?$Array@VPxExtendedBox@physx@@VNamedAllocator@shdfnd@2@@shdfnd@physx@@QEAAXIAEBVPxExtendedBox@3@@Z 00000001800239c0 f i CctCharacterControllerManager.obj
 0001:00022c70       ?setErrorLevel@Foundation@shdfnd@physx@@UEAAXW4Enum@PxErrorCode@3@@Z 0000000180023c70 f i CctCharacterControllerManager.obj
 0001:00022c80       ?setReportAllocationNames@Foundation@shdfnd@physx@@UEAAX_N@Z 0000000180023c80 f i CctCharacterControllerManager.obj
 0001:00022c90       ?shift@RenderBuffer@Cm@physx@@QEAAXAEBVPxVec3@3@@Z 0000000180023c90 f i CctCharacterControllerManager.obj
 0001:00022f00       ??0Controller@Cct@physx@@QEAA@AEBVPxControllerDesc@2@PEAVPxScene@2@@Z 0000000180023f00 f   CctController.obj
 0001:000231d0       ??1Controller@Cct@physx@@UEAA@XZ 00000001800241d0 f   CctController.obj
 0001:00023250       ?releaseInternal@Controller@Cct@physx@@QEAAXXZ 0000000180024250 f   CctController.obj
 0001:00023280       ?getInternalState@Controller@Cct@physx@@QEBAXAEAUPxControllerState@3@@Z 0000000180024280 f   CctController.obj
 0001:00023350       ?getInternalStats@Controller@Cct@physx@@QEBAXAEAUPxControllerStats@3@@Z 0000000180024350 f   CctController.obj
 0001:00023390       ?onOriginShift@Controller@Cct@physx@@QEAAXAEBVPxVec3@3@@Z 0000000180024390 f   CctController.obj
 0001:00023460       ?onRelease@Controller@Cct@physx@@QEAAXAEBVPxBase@3@@Z 0000000180024460 f   CctController.obj
 0001:00023470       ?setUpDirectionInternal@Controller@Cct@physx@@IEAAXAEBVPxVec3@3@@Z 0000000180024470 f   CctController.obj
 0001:000235a0       ?getKineShape@Controller@Cct@physx@@IEBAPEAVPxShape@3@XZ 00000001800245a0 f   CctController.obj
 0001:000235e0       ?createProxyActor@Controller@Cct@physx@@IEAA_NAEAVPxPhysics@3@AEBVPxGeometry@3@AEBVPxMaterial@3@@Z 00000001800245e0 f   CctController.obj
 0001:00023720       ?setPos@Controller@Cct@physx@@IEAA_NAEBUPxExtendedVec3@3@@Z 0000000180024720 f   CctController.obj
 0001:000239f0       ??_GController@Cct@physx@@UEAAPEAXI@Z 00000001800249f0 f i CctController.obj
 0001:000239f0       ??_EController@Cct@physx@@UEAAPEAXI@Z 00000001800249f0 f i CctController.obj
 0001:00023ae0       ??0HandleManager@Cct@physx@@QEAA@XZ 0000000180024ae0 f   CctObstacleContext.obj
 0001:00023c40       ??1HandleManager@Cct@physx@@QEAA@XZ 0000000180024c40 f   CctObstacleContext.obj
 0001:00023c70       ?Add@HandleManager@Cct@physx@@QEAAIPEAX@Z 0000000180024c70 f   CctObstacleContext.obj
 0001:00023f20       ?Remove@HandleManager@Cct@physx@@QEAAXI@Z 0000000180024f20 f   CctObstacleContext.obj
 0001:00024000       ?GetObject@HandleManager@Cct@physx@@QEBAPEAXI@Z 0000000180025000 f   CctObstacleContext.obj
 0001:00024060       ?UpdateObject@HandleManager@Cct@physx@@QEAA_NIPEAX@Z 0000000180025060 f   CctObstacleContext.obj
 0001:000240c0       ?SetupLists@HandleManager@Cct@physx@@AEAA_NPEAPEAXPEAG11@Z 00000001800250c0 f   CctObstacleContext.obj
 0001:000241a0       ??0ObstacleContext@Cct@physx@@QEAA@AEAVCharacterControllerManager@12@@Z 00000001800251a0 f   CctObstacleContext.obj
 0001:00024370       ??1ObstacleContext@Cct@physx@@UEAA@XZ 0000000180025370 f   CctObstacleContext.obj
 0001:00024410       ?release@ObstacleContext@Cct@physx@@UEAAXXZ 0000000180025410 f   CctObstacleContext.obj
 0001:00024430       ?getControllerManager@ObstacleContext@Cct@physx@@UEBAAEAVPxControllerManager@3@XZ 0000000180025430 f   CctObstacleContext.obj
 0001:00024440       ?addObstacle@ObstacleContext@Cct@physx@@UEAAIAEBVPxObstacle@3@@Z 0000000180025440 f   CctObstacleContext.obj
 0001:000246b0       ?removeObstacle@ObstacleContext@Cct@physx@@UEAA_NI@Z 00000001800256b0 f   CctObstacleContext.obj
 0001:00024960       ?updateObstacle@ObstacleContext@Cct@physx@@UEAA_NIAEBVPxObstacle@3@@Z 0000000180025960 f   CctObstacleContext.obj
 0001:00024af0       ?getNbObstacles@ObstacleContext@Cct@physx@@UEBAIXZ 0000000180025af0 f   CctObstacleContext.obj
 0001:00024b00       ?getObstacle@ObstacleContext@Cct@physx@@UEBAPEBVPxObstacle@3@I@Z 0000000180025b00 f   CctObstacleContext.obj
 0001:00024b50       ?getObstacleByHandle@ObstacleContext@Cct@physx@@UEBAPEBVPxObstacle@3@I@Z 0000000180025b50 f   CctObstacleContext.obj
 0001:00024bf0       ?raycastSingle@ObstacleContext@Cct@physx@@QEBAPEBVPxObstacle@3@AEAUPxRaycastHit@3@AEBVPxVec3@3@1MAEAI@Z 0000000180025bf0 f   CctObstacleContext.obj
 0001:00024f10       ?raycastSingle@ObstacleContext@Cct@physx@@QEBAPEBVPxObstacle@3@AEAUPxRaycastHit@3@AEBIAEBVPxVec3@3@2M@Z 0000000180025f10 f   CctObstacleContext.obj
 0001:00025120       ?onOriginShift@ObstacleContext@Cct@physx@@QEAAXAEBVPxVec3@3@@Z 0000000180026120 f   CctObstacleContext.obj
 0001:000257c0       ??1PxObstacleContext@physx@@UEAA@XZ 00000001800267c0 f i CctObstacleContext.obj
 0001:000257d0       ??_GObstacleContext@Cct@physx@@UEAAPEAXI@Z 00000001800267d0 f i CctObstacleContext.obj
 0001:000257d0       ??_EObstacleContext@Cct@physx@@UEAAPEAXI@Z 00000001800267d0 f i CctObstacleContext.obj
 0001:000258f0       ??_GPxObstacleContext@physx@@UEAAPEAXI@Z 00000001800268f0 f i CctObstacleContext.obj
 0001:000258f0       ??_EPxObstacleContext@physx@@UEAAPEAXI@Z 00000001800268f0 f i CctObstacleContext.obj
 0001:00025930       ?growAndPushBack@?$Array@UInternalBoxObstacle@ObstacleContext@Cct@physx@@VNamedAllocator@shdfnd@4@@shdfnd@physx@@IEAAAEAUInternalBoxObstacle@ObstacleContext@Cct@3@AEBU4563@@Z 0000000180026930 f i CctObstacleContext.obj
 0001:00025d90       ?growAndPushBack@?$Array@UInternalCapsuleObstacle@ObstacleContext@Cct@physx@@VNamedAllocator@shdfnd@4@@shdfnd@physx@@IEAAAEAUInternalCapsuleObstacle@ObstacleContext@Cct@3@AEBU4563@@Z 0000000180026d90 f i CctObstacleContext.obj
 0001:000261b0       ??0SweptBox@Cct@physx@@QEAA@XZ 00000001800271b0 f   CctSweptBox.obj
 0001:000261e0       ??1SweptBox@Cct@physx@@UEAA@XZ 00000001800271e0 f   CctSweptBox.obj
 0001:00026200       ?computeTemporalBox@SweptBox@Cct@physx@@UEBAXAEBVSweepTest@23@AEAUPxExtendedBounds3@3@AEBUPxExtendedVec3@3@AEBVPxVec3@3@@Z 0000000180027200 f   CctSweptBox.obj
 0001:00026280       ??_GSweptBox@Cct@physx@@UEAAPEAXI@Z 0000000180027280 f i CctSweptBox.obj
 0001:00026280       ??_ESweptBox@Cct@physx@@UEAAPEAXI@Z 0000000180027280 f i CctSweptBox.obj
 0001:000262d0       ??0SweptCapsule@Cct@physx@@QEAA@XZ 00000001800272d0 f   CctSweptCapsule.obj
 0001:00026300       ??1SweptCapsule@Cct@physx@@UEAA@XZ 0000000180027300 f   CctSweptCapsule.obj
 0001:00026320       ?computeTemporalBox@SweptCapsule@Cct@physx@@UEBAXAEBVSweepTest@23@AEAUPxExtendedBounds3@3@AEBUPxExtendedVec3@3@AEBVPxVec3@3@@Z 0000000180027320 f   CctSweptCapsule.obj
 0001:000263a0       ??_GSweptCapsule@Cct@physx@@UEAAPEAXI@Z 00000001800273a0 f i CctSweptCapsule.obj
 0001:000263a0       ??_ESweptCapsule@Cct@physx@@UEAAPEAXI@Z 00000001800273a0 f i CctSweptCapsule.obj
 0001:000263f0       ??0SweptVolume@Cct@physx@@QEAA@XZ 00000001800273f0 f   CctSweptVolume.obj
 0001:00026410       ??1SweptVolume@Cct@physx@@UEAA@XZ 0000000180027410 f   CctSweptVolume.obj
 0001:00026430       ?computeTemporalBox@Cct@physx@@YAXAEAUPxExtendedBounds3@2@MMMMAEBVPxVec3@2@AEBUPxExtendedVec3@2@1@Z 0000000180027430 f   CctSweptVolume.obj
 0001:00026840       ??_GSweptVolume@Cct@physx@@UEAAPEAXI@Z 0000000180027840 f i CctSweptVolume.obj
 0001:00026840       ??_ESweptVolume@Cct@physx@@UEAAPEAXI@Z 0000000180027840 f i CctSweptVolume.obj
 0001:00026880       ??0PxMeshOverlapUtil@physx@@QEAA@XZ 0000000180027880 f   PhysX3ExtensionsCHECKED:ExtTriangleMeshExt.obj
 0001:000268b0       ??1PxMeshOverlapUtil@physx@@QEAA@XZ 00000001800278b0 f   PhysX3ExtensionsCHECKED:ExtTriangleMeshExt.obj
 0001:000268f0       ?findOverlap@PxMeshOverlapUtil@physx@@QEAAIAEBVPxGeometry@2@AEBVPxTransform@2@AEBVPxTriangleMeshGeometry@2@1@Z 00000001800278f0 f   PhysX3ExtensionsCHECKED:ExtTriangleMeshExt.obj
 0001:00026a50       ?findOverlap@PxMeshOverlapUtil@physx@@QEAAIAEBVPxGeometry@2@AEBVPxTransform@2@AEBVPxHeightFieldGeometry@2@1@Z 0000000180027a50 f   PhysX3ExtensionsCHECKED:ExtTriangleMeshExt.obj
 0001:00026b90       ?PxComputeMeshPenetration@physx@@YA?AVPxVec3@1@IAEBVPxGeometry@1@AEBVPxTransform@1@AEBVPxTriangleMeshGeometry@1@1AEAI@Z 0000000180027b90 f   PhysX3ExtensionsCHECKED:ExtTriangleMeshExt.obj
 0001:00026c20       ?PxComputeTriangleMeshPenetration@physx@@YA_NAEAVPxVec3@1@AEAMAEBVPxGeometry@1@AEBVPxTransform@1@AEBVPxTriangleMeshGeometry@1@3IPEAI@Z 0000000180027c20 f   PhysX3ExtensionsCHECKED:ExtTriangleMeshExt.obj
 0001:00026c30       ?PxComputeHeightFieldPenetration@physx@@YA?AVPxVec3@1@IAEBVPxGeometry@1@AEBVPxTransform@1@AEBVPxHeightFieldGeometry@1@1AEAI@Z 0000000180027c30 f   PhysX3ExtensionsCHECKED:ExtTriangleMeshExt.obj
 0001:00026cc0       ?PxComputeHeightFieldPenetration@physx@@YA_NAEAVPxVec3@1@AEAMAEBVPxGeometry@1@AEBVPxTransform@1@AEBVPxHeightFieldGeometry@1@3IPEAI@Z 0000000180027cc0 f   PhysX3ExtensionsCHECKED:ExtTriangleMeshExt.obj
 0001:00027260       ?updateMassAndInertia@PxRigidBodyExt@physx@@SA_NAEAVPxRigidBody@2@PEBMIPEBVPxVec3@2@_N@Z 0000000180028260 f   PhysX3ExtensionsCHECKED:ExtRigidBodyExt.obj
 0001:00027290       ?updateMassAndInertia@PxRigidBodyExt@physx@@SA_NAEAVPxRigidBody@2@MPEBVPxVec3@2@_N@Z 0000000180028290 f   PhysX3ExtensionsCHECKED:ExtRigidBodyExt.obj
 0001:000272d0       ?setMassAndUpdateInertia@PxRigidBodyExt@physx@@SA_NAEAVPxRigidBody@2@PEBMIPEBVPxVec3@2@_N@Z 00000001800282d0 f   PhysX3ExtensionsCHECKED:ExtRigidBodyExt.obj
 0001:00027300       ?setMassAndUpdateInertia@PxRigidBodyExt@physx@@SA_NAEAVPxRigidBody@2@MPEBVPxVec3@2@_N@Z 0000000180028300 f   PhysX3ExtensionsCHECKED:ExtRigidBodyExt.obj
 0001:00027340       ?computeMassPropertiesFromShapes@PxRigidBodyExt@physx@@SA?AVPxMassProperties@2@PEBQEBVPxShape@2@I@Z 0000000180028340 f   PhysX3ExtensionsCHECKED:ExtRigidBodyExt.obj
 0001:00027760       ?addForceAtPos@PxRigidBodyExt@physx@@SAXAEAVPxRigidBody@2@AEBVPxVec3@2@1W4Enum@PxForceMode@2@_N@Z 0000000180028760 f   PhysX3ExtensionsCHECKED:ExtRigidBodyExt.obj
 0001:00027780       ?addForceAtLocalPos@PxRigidBodyExt@physx@@SAXAEAVPxRigidBody@2@AEBVPxVec3@2@1W4Enum@PxForceMode@2@_N@Z 0000000180028780 f   PhysX3ExtensionsCHECKED:ExtRigidBodyExt.obj
 0001:00027950       ?addLocalForceAtPos@PxRigidBodyExt@physx@@SAXAEAVPxRigidBody@2@AEBVPxVec3@2@1W4Enum@PxForceMode@2@_N@Z 0000000180028950 f   PhysX3ExtensionsCHECKED:ExtRigidBodyExt.obj
 0001:00027b10       ?addLocalForceAtLocalPos@PxRigidBodyExt@physx@@SAXAEAVPxRigidBody@2@AEBVPxVec3@2@1W4Enum@PxForceMode@2@_N@Z 0000000180028b10 f   PhysX3ExtensionsCHECKED:ExtRigidBodyExt.obj
 0001:00027dc0       ?getVelocityAtPos@PxRigidBodyExt@physx@@SA?AVPxVec3@2@AEBVPxRigidBody@2@AEBV32@@Z 0000000180028dc0 f   PhysX3ExtensionsCHECKED:ExtRigidBodyExt.obj
 0001:00027fb0       ?getLocalVelocityAtLocalPos@PxRigidBodyExt@physx@@SA?AVPxVec3@2@AEBVPxRigidBody@2@AEBV32@@Z 0000000180028fb0 f   PhysX3ExtensionsCHECKED:ExtRigidBodyExt.obj
 0001:000282b0       ?getVelocityAtOffset@PxRigidBodyExt@physx@@SA?AVPxVec3@2@AEBVPxRigidBody@2@AEBV32@@Z 00000001800292b0 f   PhysX3ExtensionsCHECKED:ExtRigidBodyExt.obj
 0001:00028490       ?linearSweepSingle@PxRigidBodyExt@physx@@SA_NAEAVPxRigidBody@2@AEAVPxScene@2@AEBVPxVec3@2@MV?$PxFlags@W4Enum@PxHitFlag@physx@@G@2@AEAUPxSweepHit@2@AEAIAEBUPxQueryFilterData@2@PEAVPxQueryFilterCallback@2@PEBUPxQueryCache@2@M@Z 0000000180029490 f   PhysX3ExtensionsCHECKED:ExtRigidBodyExt.obj
 0001:00028720       ?linearSweepMultiple@PxRigidBodyExt@physx@@SAIAEAVPxRigidBody@2@AEAVPxScene@2@AEBVPxVec3@2@MV?$PxFlags@W4Enum@PxHitFlag@physx@@G@2@PEAUPxSweepHit@2@PEAIIAEAU72@AEAHAEA_NAEBUPxQueryFilterData@2@PEAVPxQueryFilterCallback@2@PEBUPxQueryCache@2@M@Z 0000000180029720 f   PhysX3ExtensionsCHECKED:ExtRigidBodyExt.obj
 0001:00028d20       ?computeVelocityDeltaFromImpulse@PxRigidBodyExt@physx@@SAXAEBVPxRigidBody@2@AEBVPxVec3@2@1AEAV42@2@Z 0000000180029d20 f   PhysX3ExtensionsCHECKED:ExtRigidBodyExt.obj
 0001:00029130       ?computeVelocityDeltaFromImpulse@PxRigidBodyExt@physx@@SAXAEBVPxRigidBody@2@AEBVPxTransform@2@AEBVPxVec3@2@2MMAEAV52@3@Z 000000018002a130 f   PhysX3ExtensionsCHECKED:ExtRigidBodyExt.obj
 0001:00029680       ?computeLinearAngularImpulse@PxRigidBodyExt@physx@@SAXAEBVPxRigidBody@2@AEBVPxTransform@2@AEBVPxVec3@2@2MMAEAV52@3@Z 000000018002a680 f   PhysX3ExtensionsCHECKED:ExtRigidBodyExt.obj
 0001:00029920       ??0InertiaTensorComputer@Ext@physx@@QEAA@_N@Z 000000018002a920 f   PhysX3ExtensionsCHECKED:ExtRigidBodyExt.obj
 0001:00029950       ??0InertiaTensorComputer@Ext@physx@@QEAA@AEBVPxMat33@2@AEBVPxVec3@2@M@Z 000000018002a950 f   PhysX3ExtensionsCHECKED:ExtRigidBodyExt.obj
 0001:000299b0       ??1InertiaTensorComputer@Ext@physx@@QEAA@XZ 000000018002a9b0 f   PhysX3ExtensionsCHECKED:ExtRigidBodyExt.obj
 0001:000299c0       ?translate@InertiaTensorComputer@Ext@physx@@QEAAXAEBVPxVec3@3@@Z 000000018002a9c0 f   PhysX3ExtensionsCHECKED:ExtRigidBodyExt.obj
 0001:00029de0       ?setBox@InertiaTensorComputer@Ext@physx@@QEAAXAEBVPxVec3@3@@Z 000000018002ade0 f   PhysX3ExtensionsCHECKED:ExtRigidBodyExt.obj
 0001:00029e80       ?setSphere@InertiaTensorComputer@Ext@physx@@QEAAXM@Z 000000018002ae80 f   PhysX3ExtensionsCHECKED:ExtRigidBodyExt.obj
 0001:00029ee0       ?setCylinder@InertiaTensorComputer@Ext@physx@@QEAAXHMM@Z 000000018002aee0 f   PhysX3ExtensionsCHECKED:ExtRigidBodyExt.obj
 0001:00029fb0       ?setCapsule@InertiaTensorComputer@Ext@physx@@QEAAXHMM@Z 000000018002afb0 f   PhysX3ExtensionsCHECKED:ExtRigidBodyExt.obj
 0001:0002a0c0       ?setEllipsoid@InertiaTensorComputer@Ext@physx@@QEAAXMMM@Z 000000018002b0c0 f   PhysX3ExtensionsCHECKED:ExtRigidBodyExt.obj
 0001:0002a150       ?computeSphereMass@Ext@physx@@YAMMM@Z 000000018002b150 f   PhysX3ExtensionsCHECKED:ExtRigidBodyExt.obj
 0001:0002a180       ?computeSphereDensity@Ext@physx@@YAMMM@Z 000000018002b180 f   PhysX3ExtensionsCHECKED:ExtRigidBodyExt.obj
 0001:0002a1b0       ?computeBoxMass@Ext@physx@@YAMAEBVPxVec3@2@M@Z 000000018002b1b0 f   PhysX3ExtensionsCHECKED:ExtRigidBodyExt.obj
 0001:0002a200       ?computeBoxDensity@Ext@physx@@YAMAEBVPxVec3@2@M@Z 000000018002b200 f   PhysX3ExtensionsCHECKED:ExtRigidBodyExt.obj
 0001:0002a250       ?computeEllipsoidMass@Ext@physx@@YAMAEBVPxVec3@2@M@Z 000000018002b250 f   PhysX3ExtensionsCHECKED:ExtRigidBodyExt.obj
 0001:0002a2a0       ?computeEllipsoidDensity@Ext@physx@@YAMAEBVPxVec3@2@M@Z 000000018002b2a0 f   PhysX3ExtensionsCHECKED:ExtRigidBodyExt.obj
 0001:0002a2f0       ?computeCylinderMass@Ext@physx@@YAMMMM@Z 000000018002b2f0 f   PhysX3ExtensionsCHECKED:ExtRigidBodyExt.obj
 0001:0002a310       ?computeCylinderDensity@Ext@physx@@YAMMMM@Z 000000018002b310 f   PhysX3ExtensionsCHECKED:ExtRigidBodyExt.obj
 0001:0002a330       ?computeCapsuleMass@Ext@physx@@YAMMMM@Z 000000018002b330 f   PhysX3ExtensionsCHECKED:ExtRigidBodyExt.obj
 0001:0002a360       ?computeCapsuleDensity@Ext@physx@@YAMMMM@Z 000000018002b360 f   PhysX3ExtensionsCHECKED:ExtRigidBodyExt.obj
 0001:0002a390       ?computeConeMass@Ext@physx@@YAMMMM@Z 000000018002b390 f   PhysX3ExtensionsCHECKED:ExtRigidBodyExt.obj
 0001:0002a3c0       ?computeConeDensity@Ext@physx@@YAMMMM@Z 000000018002b3c0 f   PhysX3ExtensionsCHECKED:ExtRigidBodyExt.obj
 0001:0002a3f0       ?computeBoxInertiaTensor@Ext@physx@@YAXAEAVPxVec3@2@MMMM@Z 000000018002b3f0 f   PhysX3ExtensionsCHECKED:ExtRigidBodyExt.obj
 0001:0002a440       ?computeSphereInertiaTensor@Ext@physx@@YAXAEAVPxVec3@2@MM_N@Z 000000018002b440 f   PhysX3ExtensionsCHECKED:ExtRigidBodyExt.obj
 0001:0002b110       ??0PxMassProperties@physx@@QEAA@AEBVPxGeometry@1@@Z 000000018002c110 f i PhysX3ExtensionsCHECKED:ExtRigidBodyExt.obj
 0001:0002b900       ??1?$PxHitBuffer@UPxSweepHit@physx@@@physx@@UEAA@XZ 000000018002c900 f i PhysX3ExtensionsCHECKED:ExtRigidBodyExt.obj
 0001:0002b910       ??1?$PxHitCallback@UPxSweepHit@physx@@@physx@@UEAA@XZ 000000018002c910 f i PhysX3ExtensionsCHECKED:ExtRigidBodyExt.obj
 0001:0002b920       ??_G?$PxHitBuffer@UPxSweepHit@physx@@@physx@@UEAAPEAXI@Z 000000018002c920 f i PhysX3ExtensionsCHECKED:ExtRigidBodyExt.obj
 0001:0002b920       ??_E?$PxHitBuffer@UPxSweepHit@physx@@@physx@@UEAAPEAXI@Z 000000018002c920 f i PhysX3ExtensionsCHECKED:ExtRigidBodyExt.obj
 0001:0002b960       ??_G?$PxHitCallback@UPxSweepHit@physx@@@physx@@UEAAPEAXI@Z 000000018002c960 f i PhysX3ExtensionsCHECKED:ExtRigidBodyExt.obj
 0001:0002b960       ??_E?$PxHitCallback@UPxSweepHit@physx@@@physx@@UEAAPEAXI@Z 000000018002c960 f i PhysX3ExtensionsCHECKED:ExtRigidBodyExt.obj
 0001:0002b9a0       ?addForceAtPosInternal@@YAXAEAVPxRigidBody@physx@@AEBVPxVec3@2@1W4Enum@PxForceMode@2@_N@Z 000000018002c9a0 f i PhysX3ExtensionsCHECKED:ExtRigidBodyExt.obj
 0001:0002bd20       ?allocate@?$Array@PEAVPxShape@physx@@V?$InlineAllocator@$0IA@VNamedAllocator@shdfnd@physx@@@shdfnd@2@@shdfnd@physx@@IEAAPEAPEAVPxShape@3@I@Z 000000018002cd20 f i PhysX3ExtensionsCHECKED:ExtRigidBodyExt.obj
 0001:0002bdc0       ?allocate@?$Array@VPxMassProperties@physx@@V?$InlineAllocator@$0DEA@VNamedAllocator@shdfnd@physx@@@shdfnd@2@@shdfnd@physx@@IEAAPEAVPxMassProperties@3@I@Z 000000018002cdc0 f i PhysX3ExtensionsCHECKED:ExtRigidBodyExt.obj
 0001:0002be50       ?allocate@?$Array@VPxTransform@physx@@V?$InlineAllocator@$0BMA@VNamedAllocator@shdfnd@physx@@@shdfnd@2@@shdfnd@physx@@IEAAPEAVPxTransform@3@I@Z 000000018002ce50 f i PhysX3ExtensionsCHECKED:ExtRigidBodyExt.obj
 0001:0002d5f0       ?copy@?$Array@VPxMassProperties@physx@@V?$InlineAllocator@$0DEA@VNamedAllocator@shdfnd@physx@@@shdfnd@2@@shdfnd@physx@@KAXPEAVPxMassProperties@3@0PEBV43@@Z 000000018002e5f0 f i PhysX3ExtensionsCHECKED:ExtRigidBodyExt.obj
 0001:0002d890       ?copy@?$Array@VPxTransform@physx@@V?$InlineAllocator@$0BMA@VNamedAllocator@shdfnd@physx@@@shdfnd@2@@shdfnd@physx@@KAXPEAVPxTransform@3@0PEBV43@@Z 000000018002e890 f i PhysX3ExtensionsCHECKED:ExtRigidBodyExt.obj
 0001:0002da40       ?finalizeQuery@?$PxHitCallback@UPxSweepHit@physx@@@physx@@UEAAXXZ 000000018002ea40 f i PhysX3ExtensionsCHECKED:ExtRigidBodyExt.obj
 0001:0002da50       ?getGlobalPose@PxShapeExt@physx@@SA?AVPxTransform@2@AEBVPxShape@2@AEBVPxRigidActor@2@@Z 000000018002ea50 f i PhysX3ExtensionsCHECKED:ExtRigidBodyExt.obj
 0001:0002dca0       ?getVelocityAtPosInternal@@YA?AVPxVec3@physx@@AEBVPxRigidBody@2@AEBV12@@Z 000000018002eca0 f i PhysX3ExtensionsCHECKED:ExtRigidBodyExt.obj
 0001:0002ddb0       ?growAndPushBack@?$Array@VPxMassProperties@physx@@V?$InlineAllocator@$0DEA@VNamedAllocator@shdfnd@physx@@@shdfnd@2@@shdfnd@physx@@IEAAAEAVPxMassProperties@3@AEBV43@@Z 000000018002edb0 f i PhysX3ExtensionsCHECKED:ExtRigidBodyExt.obj
 0001:0002df00       ?growAndPushBack@?$Array@VPxTransform@physx@@V?$InlineAllocator@$0BMA@VNamedAllocator@shdfnd@physx@@@shdfnd@2@@shdfnd@physx@@IEAAAEAVPxTransform@3@AEBV43@@Z 000000018002ef00 f i PhysX3ExtensionsCHECKED:ExtRigidBodyExt.obj
 0001:0002e030       ?processTouches@?$PxHitBuffer@UPxSweepHit@physx@@@physx@@MEAA_NPEBUPxSweepHit@2@I@Z 000000018002f030 f i PhysX3ExtensionsCHECKED:ExtRigidBodyExt.obj
 0001:0002e040       ?recreate@?$Array@PEAVPxShape@physx@@V?$InlineAllocator@$0IA@VNamedAllocator@shdfnd@physx@@@shdfnd@2@@shdfnd@physx@@IEAAXI@Z 000000018002f040 f i PhysX3ExtensionsCHECKED:ExtRigidBodyExt.obj
 0001:0002e130       ?recreate@?$Array@VPxMassProperties@physx@@V?$InlineAllocator@$0DEA@VNamedAllocator@shdfnd@physx@@@shdfnd@2@@shdfnd@physx@@IEAAXI@Z 000000018002f130 f i PhysX3ExtensionsCHECKED:ExtRigidBodyExt.obj
 0001:0002e1d0       ?recreate@?$Array@VPxTransform@physx@@V?$InlineAllocator@$0BMA@VNamedAllocator@shdfnd@physx@@@shdfnd@2@@shdfnd@physx@@IEAAXI@Z 000000018002f1d0 f i PhysX3ExtensionsCHECKED:ExtRigidBodyExt.obj
 0001:0002e270       ?resize@?$Array@PEAVPxShape@physx@@V?$InlineAllocator@$0IA@VNamedAllocator@shdfnd@physx@@@shdfnd@2@@shdfnd@physx@@QEAAXIAEBQEAVPxShape@3@@Z 000000018002f270 f i PhysX3ExtensionsCHECKED:ExtRigidBodyExt.obj
 0001:0002e390       ?rotate@InertiaTensorComputer@Ext@physx@@QEAAXAEBVPxMat33@3@@Z 000000018002f390 f i PhysX3ExtensionsCHECKED:ExtRigidBodyExt.obj
 0001:0002e980       ?scaleInertia@PxMassProperties@physx@@SA?AVPxMat33@2@AEBV32@AEBVPxQuat@2@AEBVPxVec3@2@@Z 000000018002f980 f i PhysX3ExtensionsCHECKED:ExtRigidBodyExt.obj
 0001:0002f840       ?sum@PxMassProperties@physx@@SA?AV12@PEBV12@PEBVPxTransform@2@I@Z 0000000180030840 f i PhysX3ExtensionsCHECKED:ExtRigidBodyExt.obj
 0001:00030570       ?transform@InertiaTensorComputer@Ext@physx@@QEAAXAEBVPxTransform@3@@Z 0000000180031570 f i PhysX3ExtensionsCHECKED:ExtRigidBodyExt.obj
 0001:00030750       ?transformFast@PxBounds3@physx@@SA?AV12@AEBVPxTransform@2@AEBV12@@Z 0000000180031750 f i PhysX3ExtensionsCHECKED:ExtRigidBodyExt.obj
 0001:00030ee3       ?getAllocator@shdfnd@physx@@YAAEAVPxAllocatorCallback@2@XZ 0000000180031ee3 f   PxFoundationCHECKED_x64:PxFoundationCHECKED_x64.dll
 0001:00030ee9       ??0NamedAllocator@shdfnd@physx@@QEAA@PEBD@Z 0000000180031ee9 f   PxFoundationCHECKED_x64:PxFoundationCHECKED_x64.dll
 0001:00030eef       ?lock@MutexImpl@shdfnd@physx@@QEAAXXZ 0000000180031eef f   PxFoundationCHECKED_x64:PxFoundationCHECKED_x64.dll
 0001:00030ef5       ?unlock@MutexImpl@shdfnd@physx@@QEAAXXZ 0000000180031ef5 f   PxFoundationCHECKED_x64:PxFoundationCHECKED_x64.dll
 0001:00030efb       PxGetProfilerCallback      0000000180031efb f   PxFoundationCHECKED_x64:PxFoundationCHECKED_x64.dll
 0001:00030f01       ??0NamedAllocator@shdfnd@physx@@QEAA@AEBV012@@Z 0000000180031f01 f   PxFoundationCHECKED_x64:PxFoundationCHECKED_x64.dll
 0001:00030f07       ??1NamedAllocator@shdfnd@physx@@QEAA@XZ 0000000180031f07 f   PxFoundationCHECKED_x64:PxFoundationCHECKED_x64.dll
 0001:00030f0d       ?allocate@NamedAllocator@shdfnd@physx@@QEAAPEAX_KPEBDH@Z 0000000180031f0d f   PxFoundationCHECKED_x64:PxFoundationCHECKED_x64.dll
 0001:00030f13       ?deallocate@NamedAllocator@shdfnd@physx@@QEAAXPEAX@Z 0000000180031f13 f   PxFoundationCHECKED_x64:PxFoundationCHECKED_x64.dll
 0001:00030f19       PxGetFoundation            0000000180031f19 f   PxFoundationCHECKED_x64:PxFoundationCHECKED_x64.dll
 0001:00030f1f       ??0MutexImpl@shdfnd@physx@@QEAA@XZ 0000000180031f1f f   PxFoundationCHECKED_x64:PxFoundationCHECKED_x64.dll
 0001:00030f25       ??1MutexImpl@shdfnd@physx@@QEAA@XZ 0000000180031f25 f   PxFoundationCHECKED_x64:PxFoundationCHECKED_x64.dll
 0001:00030f2b       ?getSize@MutexImpl@shdfnd@physx@@SAIXZ 0000000180031f2b f   PxFoundationCHECKED_x64:PxFoundationCHECKED_x64.dll
 0001:00030f31       ?getInstance@Foundation@shdfnd@physx@@SAAEAV123@XZ 0000000180031f31 f   PxFoundationCHECKED_x64:PxFoundationCHECKED_x64.dll
 0001:00030f37       ?incRefCount@Foundation@shdfnd@physx@@SAXXZ 0000000180031f37 f   PxFoundationCHECKED_x64:PxFoundationCHECKED_x64.dll
 0001:00030f3d       ?decRefCount@Foundation@shdfnd@physx@@SAXXZ 0000000180031f3d f   PxFoundationCHECKED_x64:PxFoundationCHECKED_x64.dll
 0001:00030f43       ?error@Foundation@shdfnd@physx@@QEAAXW4Enum@PxErrorCode@3@PEBDH1ZZ 0000000180031f43 f   PxFoundationCHECKED_x64:PxFoundationCHECKED_x64.dll
 0001:00030f49       ?PxShortestRotation@physx@@YA?AVPxQuat@1@AEBVPxVec3@1@0@Z 0000000180031f49 f   PxFoundationCHECKED_x64:PxFoundationCHECKED_x64.dll
 0001:00030f4f       ?PxDiagonalize@physx@@YA?AVPxVec3@1@AEBVPxMat33@1@AEAVPxQuat@1@@Z 0000000180031f4f f   PxFoundationCHECKED_x64:PxFoundationCHECKED_x64.dll
 0001:00030f55       ?sweep@PxMeshQuery@physx@@SA_NAEBVPxVec3@2@MAEBVPxGeometry@2@AEBVPxTransform@2@IPEBVPxTriangle@2@AEAUPxSweepHit@2@V?$PxFlags@W4Enum@PxHitFlag@physx@@G@2@PEBIM_N@Z 0000000180031f55 f   PhysX3CommonCHECKED_x64:PhysX3CommonCHECKED_x64.dll
 0001:00030f5b       ??0RenderOutput@Cm@physx@@QEAA@AEAVRenderBuffer@12@@Z 0000000180031f5b f   PhysX3CommonCHECKED_x64:PhysX3CommonCHECKED_x64.dll
 0001:00030f61       ??6RenderOutput@Cm@physx@@QEAAAEAV012@I@Z 0000000180031f61 f   PhysX3CommonCHECKED_x64:PhysX3CommonCHECKED_x64.dll
 0001:00030f67       ??6RenderOutput@Cm@physx@@QEAAAEAV012@AEBVPxTransform@2@@Z 0000000180031f67 f   PhysX3CommonCHECKED_x64:PhysX3CommonCHECKED_x64.dll
 0001:00030f6d       ?outputCapsule@RenderOutput@Cm@physx@@QEAAAEAV123@MMAEBVPxMat44@3@@Z 0000000180031f6d f   PhysX3CommonCHECKED_x64:PhysX3CommonCHECKED_x64.dll
 0001:00030f73       ??6Cm@physx@@YAAEAVRenderOutput@01@AEAV201@AEBUDebugBox@01@@Z 0000000180031f73 f   PhysX3CommonCHECKED_x64:PhysX3CommonCHECKED_x64.dll
 0001:00030f79       ?PxTransformFromSegment@physx@@YA?AVPxTransform@1@AEBVPxVec3@1@0PEAM@Z 0000000180031f79 f   PhysX3CommonCHECKED_x64:PhysX3CommonCHECKED_x64.dll
 0001:00030f7f       ?sweep@PxGeometryQuery@physx@@SA_NAEBVPxVec3@2@MAEBVPxGeometry@2@AEBVPxTransform@2@12AEAUPxSweepHit@2@V?$PxFlags@W4Enum@PxHitFlag@physx@@G@2@M@Z 0000000180031f7f f   PhysX3CommonCHECKED_x64:PhysX3CommonCHECKED_x64.dll
 0001:00030f85       ?computePenetration@PxGeometryQuery@physx@@SA_NAEAVPxVec3@2@AEAMAEBVPxGeometry@2@AEBVPxTransform@2@23@Z 0000000180031f85 f   PhysX3CommonCHECKED_x64:PhysX3CommonCHECKED_x64.dll
 0001:00030f8b       ?intersectOBBOBB@Gu@physx@@YA_NAEBVPxVec3@2@0AEBVPxMat33@2@001_N@Z 0000000180031f8b f   PhysX3CommonCHECKED_x64:PhysX3CommonCHECKED_x64.dll
 0001:00030f91       ?distanceSegmentBoxSquared@Gu@physx@@YAMAEBVPxVec3@2@000AEBVPxMat33@2@PEAMPEAV32@@Z 0000000180031f91 f   PhysX3CommonCHECKED_x64:PhysX3CommonCHECKED_x64.dll
 0001:00030f97       ?getTriangle@PxMeshQuery@physx@@SAXAEBVPxTriangleMeshGeometry@2@AEBVPxTransform@2@IAEAVPxTriangle@2@PEAI3@Z 0000000180031f97 f   PhysX3CommonCHECKED_x64:PhysX3CommonCHECKED_x64.dll
 0001:00030f9d       ?getTriangle@PxMeshQuery@physx@@SAXAEBVPxHeightFieldGeometry@2@AEBVPxTransform@2@IAEAVPxTriangle@2@PEAI3@Z 0000000180031f9d f   PhysX3CommonCHECKED_x64:PhysX3CommonCHECKED_x64.dll
 0001:00030fa3       ??6RenderOutput@Cm@physx@@QEAAAEAV012@W4Primitive@012@@Z 0000000180031fa3 f   PhysX3CommonCHECKED_x64:PhysX3CommonCHECKED_x64.dll
 0001:00030fa9       ??6RenderOutput@Cm@physx@@QEAAAEAV012@VPxVec3@2@@Z 0000000180031fa9 f   PhysX3CommonCHECKED_x64:PhysX3CommonCHECKED_x64.dll
 0001:00030faf       ?intersectTriangleBox_Unsafe@Gu@physx@@YAHAEBVPxVec3@2@0000@Z 0000000180031faf f   PhysX3CommonCHECKED_x64:PhysX3CommonCHECKED_x64.dll
 0001:00030fb5       ?CompleteBoxPruning@Cm@physx@@YA_NPEBVPxBounds3@2@IAEAV?$Array@IVNamedAllocator@shdfnd@physx@@@shdfnd@2@AEBVAxes@Gu@2@@Z 0000000180031fb5 f   PhysX3CommonCHECKED_x64:PhysX3CommonCHECKED_x64.dll
 0001:00030fbb       ?distanceSegmentSegmentSquared@Gu@physx@@YAMAEBVPxVec3@2@000PEAM1@Z 0000000180031fbb f   PhysX3CommonCHECKED_x64:PhysX3CommonCHECKED_x64.dll
 0001:00030fc1       ?getRaycastFuncTable@Gu@physx@@YAAEAY06Q6AIAEBVPxGeometry@2@AEBVPxTransform@2@AEBVPxVec3@2@2MV?$PxFlags@W4Enum@PxHitFlag@physx@@G@2@IPEIAUPxRaycastHit@2@@ZXZ 0000000180031fc1 f   PhysX3CommonCHECKED_x64:PhysX3CommonCHECKED_x64.dll
 0001:00030fc7       ?findOverlapTriangleMesh@PxMeshQuery@physx@@SAIAEBVPxGeometry@2@AEBVPxTransform@2@AEBVPxTriangleMeshGeometry@2@1PEAIIIAEA_N@Z 0000000180031fc7 f   PhysX3CommonCHECKED_x64:PhysX3CommonCHECKED_x64.dll
 0001:00030fcd       ?findOverlapHeightField@PxMeshQuery@physx@@SAIAEBVPxGeometry@2@AEBVPxTransform@2@AEBVPxHeightFieldGeometry@2@1PEAIIIAEA_N@Z 0000000180031fcd f   PhysX3CommonCHECKED_x64:PhysX3CommonCHECKED_x64.dll
 0001:00030fd4       ??3@YAXPEAX_K@Z            0000000180031fd4 f   LIBCMT:delete_scalar_size.obj
 0001:00030fdc       ??_V@YAXPEAX_K@Z           0000000180031fdc f   LIBCMT:delete_array_size.obj
 0001:00031000       _alloca_probe              0000000180032000 f   LIBCMT:_chkstk_.obj
 0001:00031000       __chkstk                   0000000180032000 f   LIBCMT:_chkstk_.obj
 0001:0003106c       ?__scrt_initialize_type_info@@YAXXZ 000000018003206c f   LIBCMT:tncleanup.obj
 0001:00031080       ?__scrt_uninitialize_type_info@@YAXXZ 0000000180032080 f   LIBCMT:tncleanup.obj
 0001:00031090       ??1type_info@@UEAA@XZ      0000000180032090 f   LIBCMT:std_type_info_static.obj
 0001:000310a0       ??_Gtype_info@@UEAAPEAXI@Z 00000001800320a0 f i LIBCMT:std_type_info_static.obj
 0001:000310a0       ??_Etype_info@@UEAAPEAXI@Z 00000001800320a0 f i LIBCMT:std_type_info_static.obj
 0001:00031554       _CRT_INIT                  0000000180032554 f   LIBCMT:dll_dllmain.obj
 0001:0003155c       _DllMainCRTStartup         000000018003255c f   LIBCMT:dll_dllmain.obj
 0001:000315a8       ??3@YAXPEAX@Z              00000001800325a8 f   LIBCMT:delete_scalar.obj
 0001:000315b0       ??_V@YAXPEAX@Z             00000001800325b0 f   LIBCMT:delete_array.obj
 0001:00031640       __security_init_cookie     0000000180032640 f   LIBCMT:gs_support.obj
 0001:00031718       DllMain                    0000000180032718 f   LIBCMT:dll_dllmain_stub.obj
 0001:00031720       __local_stdio_printf_options 0000000180032720 f i LIBCMT:default_local_stdio_options.obj
 0001:0003172c       __local_stdio_scanf_options 000000018003272c f i LIBCMT:default_local_stdio_options.obj
 0001:00031738       __scrt_initialize_default_local_stdio_options 0000000180032738 f   LIBCMT:default_local_stdio_options.obj
 0001:0003175c       ??$__crt_fast_decode_pointer@PEAP6AXXZ@@YAPEAP6AXXZQEAP6AXXZ@Z 000000018003275c f i LIBCMT:utility.obj
 0001:00031778       ??$__crt_fast_encode_pointer@PEAP6AXXZ@@YAPEAP6AXXZQEAP6AXXZ@Z 0000000180032778 f i LIBCMT:utility.obj
 0001:000317a0       ?__crt_rotate_pointer_value@@YA_K_KH@Z 00000001800327a0 f i LIBCMT:utility.obj
 0001:000317ac       ?configure_argv@__scrt_narrow_argv_policy@@SAHXZ 00000001800327ac f i LIBCMT:utility.obj
 0001:00031824       ?initialize_environment@__scrt_narrow_environment_policy@@SAHXZ 0000000180032824 f i LIBCMT:utility.obj
 0001:00031868       NtCurrentTeb               0000000180032868 f i LIBCMT:utility.obj
 0001:00031874       __scrt_acquire_startup_lock 0000000180032874 f   LIBCMT:utility.obj
 0001:000318bc       __scrt_dllmain_after_initialize_c 00000001800328bc f   LIBCMT:utility.obj
 0001:00031900       __scrt_dllmain_before_initialize_c 0000000180032900 f   LIBCMT:utility.obj
 0001:0003191c       __scrt_dllmain_crt_thread_attach 000000018003291c f   LIBCMT:utility.obj
 0001:00031950       __scrt_dllmain_crt_thread_detach 0000000180032950 f   LIBCMT:utility.obj
 0001:0003196c       __scrt_dllmain_exception_filter 000000018003296c f   LIBCMT:utility.obj
 0001:000319e8       __scrt_dllmain_uninitialize_c 00000001800329e8 f   LIBCMT:utility.obj
 0001:00031a24       __scrt_dllmain_uninitialize_critical 0000000180032a24 f   LIBCMT:utility.obj
 0001:00031a40       __scrt_initialize_crt      0000000180032a40 f   LIBCMT:utility.obj
 0001:00031a9c       __scrt_initialize_onexit_tables 0000000180032a9c f   LIBCMT:utility.obj
 0001:00031bb4       __scrt_is_nonwritable_in_current_image 0000000180032bb4 f   LIBCMT:utility.obj
 0001:00031c74       __scrt_release_startup_lock 0000000180032c74 f   LIBCMT:utility.obj
 0001:00031ca4       __scrt_uninitialize_crt    0000000180032ca4 f   LIBCMT:utility.obj
 0001:00031cdc       _onexit                    0000000180032cdc f   LIBCMT:utility.obj
 0001:00031d40       at_quick_exit              0000000180032d40 f   LIBCMT:utility.obj
 0001:00031d84       atexit                     0000000180032d84 f   LIBCMT:utility.obj
 0001:00031da0       __scrt_get_dyn_tls_init_callback 0000000180032da0 f   LIBCMT:dyn_tls_init.obj
 0001:00031dac       __crt_debugger_hook        0000000180032dac f   LIBCMT:utility_desktop.obj
 0001:00031db8       __scrt_fastfail            0000000180032db8 f   LIBCMT:utility_desktop.obj
 0001:00031f54       __scrt_get_show_window_mode 0000000180032f54 f   LIBCMT:utility_desktop.obj
 0001:00031f9c       __scrt_initialize_winrt    0000000180032f9c f   LIBCMT:utility_desktop.obj
 0001:00031fa0       __scrt_is_managed_app      0000000180032fa0 f   LIBCMT:utility_desktop.obj
 0001:0003200c       __scrt_set_unhandled_exception_filter 000000018003300c f   LIBCMT:utility_desktop.obj
 0001:00032020       __scrt_unhandled_exception_filter 0000000180033020 f   LIBCMT:utility_desktop.obj
 0001:00032068       _RTC_Initialize            0000000180033068 f   LIBCMT:_initsect_.obj
 0001:000320c4       _RTC_Terminate             00000001800330c4 f   LIBCMT:_initsect_.obj
 0001:00032120       _guard_check_icall         0000000180033120 f i LIBCMT:checkcfg.obj
 0001:00032128       __isa_available_init       0000000180033128 f   LIBCMT:_cpu_disp_.obj
 0001:00032350       _get_startup_argv_mode     0000000180033350 f   LIBCMT:argv_mode.obj
 0001:00032358       __scrt_is_ucrt_dll_in_use  0000000180033358 f   LIBCMT:ucrt_detection.obj
 0001:00032368       _guard_check_icall_nop     0000000180033368 f i LIBCMT:guard_support.obj
 0001:0003236c       ReadNoFence64              000000018003336c f i LIBCMT:guard_support.obj
 0001:00032370       ReadPointerNoFence         0000000180033370 f i LIBCMT:guard_support.obj
 0001:00032374       __guard_ss_common_verify_stub 0000000180033374 f i LIBCMT:guard_support.obj
 0001:00032378       _guard_icall_checks_enforced 0000000180033378 f i LIBCMT:guard_support.obj
 0001:00032394       _guard_rf_checks_enforced  0000000180033394 f i LIBCMT:guard_support.obj
 0001:000323b0       ??$__crt_fast_decode_pointer@P6AXXZ@@YAP6AXXZQ6AXXZ@Z 00000001800333b0 f i libvcruntime:purevirt.obj
 0001:000323cc       ??$__crt_fast_encode_pointer@P6AXXZ@@YAP6AXXZQ6AXXZ@Z 00000001800333cc f i libvcruntime:purevirt.obj
 0001:000323f4       ??$__crt_interlocked_exchange_pointer@$$A6AXXZP6AXXZ@@YAP6AXXZPEDS6AXXZQ6AXXZ@Z 00000001800333f4 f i libvcruntime:purevirt.obj
 0001:000323fc       ??$__crt_interlocked_read_pointer@$$A6AXXZ@@YAP6AXXZPEDS6AXXZ@Z 00000001800333fc f i libvcruntime:purevirt.obj
 0001:00032400       ?__crt_interlocked_read_64@@YA_JPED_J@Z 0000000180033400 f i libvcruntime:purevirt.obj
 0001:00032404       _get_purecall_handler      0000000180033404 f   libvcruntime:purevirt.obj
 0001:00032424       _purecall                  0000000180033424 f   libvcruntime:purevirt.obj
 0001:00032468       _set_purecall_handler      0000000180033468 f   libvcruntime:purevirt.obj
 0001:000324bc       ??$?RD@__crt_internal_free_policy@@QEBAXQEBD@Z 00000001800334bc f i libvcruntime:std_type_info.obj
 0001:000324c8       ??$?RX@__crt_internal_free_policy@@QEBAXQEBX@Z 00000001800334c8 f i libvcruntime:std_type_info.obj
 0001:000324d4       ??$__crt_interlocked_compare_exchange_pointer@$$CBDPEAD$$T@@YAPEBDPEDSEBDQEAD$$T@Z 00000001800334d4 f i libvcruntime:std_type_info.obj
 0001:000324e0       ??$__crt_interlocked_read_pointer@$$CBD@@YAPEBDPEDSEBD@Z 00000001800334e0 f i libvcruntime:std_type_info.obj
 0001:000324e4       ??0?$__crt_unique_heap_ptr@DU__crt_internal_free_policy@@@@QEAA@QEAD@Z 00000001800334e4 f i libvcruntime:std_type_info.obj
 0001:000324ec       ??0?$__crt_unique_heap_ptr@XU__crt_internal_free_policy@@@@QEAA@QEAX@Z 00000001800334ec f i libvcruntime:std_type_info.obj
 0001:000324f4       ??1?$__crt_unique_heap_ptr@DU__crt_internal_free_policy@@@@QEAA@XZ 00000001800334f4 f i libvcruntime:std_type_info.obj
 0001:00032518       ??1?$__crt_unique_heap_ptr@XU__crt_internal_free_policy@@@@QEAA@XZ 0000000180033518 f i libvcruntime:std_type_info.obj
 0001:00032554       ??B?$__crt_unique_heap_ptr@DU__crt_internal_free_policy@@@@QEBA_NXZ 0000000180033554 f i libvcruntime:std_type_info.obj
 0001:00032560       ??B?$__crt_unique_heap_ptr@XU__crt_internal_free_policy@@@@QEBA_NXZ 0000000180033560 f i libvcruntime:std_type_info.obj
 0001:00032584       ?detach@?$__crt_unique_heap_ptr@XU__crt_internal_free_policy@@@@QEAAPEAXXZ 0000000180033584 f i libvcruntime:std_type_info.obj
 0001:00032590       ?get@?$__crt_unique_heap_ptr@DU__crt_internal_free_policy@@@@QEBAPEADXZ 0000000180033590 f i libvcruntime:std_type_info.obj
 0001:00032594       ?get@?$__crt_unique_heap_ptr@XU__crt_internal_free_policy@@@@QEBAPEAXXZ 0000000180033594 f i libvcruntime:std_type_info.obj
 0001:00032598       ?is_valid@?$__crt_unique_heap_ptr@DU__crt_internal_free_policy@@@@QEBA_NXZ 0000000180033598 f i libvcruntime:std_type_info.obj
 0001:000325a4       ?is_valid@?$__crt_unique_heap_ptr@XU__crt_internal_free_policy@@@@QEBA_NXZ 00000001800335a4 f i libvcruntime:std_type_info.obj
 0001:000325b0       ?release@?$__crt_unique_heap_ptr@DU__crt_internal_free_policy@@@@QEAAXXZ 00000001800335b0 f i libvcruntime:std_type_info.obj
 0001:000325d4       ?release@?$__crt_unique_heap_ptr@XU__crt_internal_free_policy@@@@QEAAXXZ 00000001800335d4 f i libvcruntime:std_type_info.obj
 0001:000325f8       __std_type_info_compare    00000001800335f8 f   libvcruntime:std_type_info.obj
 0001:00032628       __std_type_info_destroy_list 0000000180033628 f   libvcruntime:std_type_info.obj
 0001:0003265c       __std_type_info_hash       000000018003365c f   libvcruntime:std_type_info.obj
 0001:000326a8       __std_type_info_name       00000001800336a8 f   libvcruntime:std_type_info.obj
 0001:00032820       memmove                    0000000180033820 f   libvcruntime:memcpy.obj
 0001:00032820       memcpy                     0000000180033820 f   libvcruntime:memcpy.obj
 0001:00032d90       memset                     0000000180033d90 f   libvcruntime:memset.obj
 0001:00032fb0       __C_specific_handler       0000000180033fb0 f   libvcruntime:_riscchandler_.obj
 0001:00033240       __vcrt_initialize          0000000180034240 f   libvcruntime:initialization.obj
 0001:00033280       __vcrt_thread_attach       0000000180034280 f   libvcruntime:initialization.obj
 0001:0003329c       __vcrt_thread_detach       000000018003429c f   libvcruntime:initialization.obj
 0001:000332b4       __vcrt_uninitialize        00000001800342b4 f   libvcruntime:initialization.obj
 0001:000332dc       __vcrt_uninitialize_critical 00000001800342dc f   libvcruntime:initialization.obj
 0001:000332f4       ??$?B$$A6AXXZ@__crt_fast_encoded_nullptr_t@@QEBAP6AXXZXZ 00000001800342f4 f i libvcruntime:purevirt_data.obj
 0001:00033318       ?__crt_fast_encode_pointer@@YA?AU__crt_fast_encoded_nullptr_t@@$$T@Z 0000000180034318 f i libvcruntime:purevirt_data.obj
 0001:00033320       __vcrt_initialize_pure_virtual_call_handler 0000000180034320 f   libvcruntime:purevirt_data.obj
 0001:0003334c       ??$__vcrt_va_start_verify_argument_type@QEBD@@YAXXZ 000000018003434c f i libvcruntime:undname.obj
 0001:00033350       ??0Block@_HeapManager@@QEAA@XZ 0000000180034350 f i libvcruntime:undname.obj
 0001:0003335c       ??0DName@@QEAA@AEAPEBDD@Z  000000018003435c f   libvcruntime:undname.obj
 0001:0003346c       ??0DName@@QEAA@AEBV0@@Z    000000018003446c f i libvcruntime:undname.obj
 0001:00033480       ??0DName@@QEAA@D@Z         0000000180034480 f   libvcruntime:undname.obj
 0001:000334c0       ??0DName@@QEAA@PEAV0@@Z    00000001800344c0 f   libvcruntime:undname.obj
 0001:00033568       ??0DName@@QEAA@PEBD@Z      0000000180034568 f   libvcruntime:undname.obj
 0001:000335b8       ??0DName@@QEAA@W4DNameStatus@@@Z 00000001800345b8 f   libvcruntime:undname.obj
 0001:000335f0       ??0DName@@QEAA@XZ          00000001800345f0 f i libvcruntime:undname.obj
 0001:00033600       ??0DName@@QEAA@_J@Z        0000000180034600 f   libvcruntime:undname.obj
 0001:000336d0       ??0DName@@QEAA@_K@Z        00000001800346d0 f   libvcruntime:undname.obj
 0001:0003377c       ??0DNameNode@@IEAA@XZ      000000018003477c f i libvcruntime:undname.obj
 0001:00033790       ??0Replicator@@QEAA@XZ     0000000180034790 f i libvcruntime:undname.obj
[...]
 0003:00001198       ?pZNameList@UnDecorator@@0PEAVReplicator@@EA 00000001800a3198     libvcruntime:undname.obj
 0003:000011a0       ?pTemplateArgList@UnDecorator@@0PEAVReplicator@@EA 00000001800a31a0     libvcruntime:undname.obj
 0003:000011a8       ?gName@UnDecorator@@0PEBDEB 00000001800a31a8     libvcruntime:undname.obj
 0003:000011b0       ?name@UnDecorator@@0PEBDEB 00000001800a31b0     libvcruntime:undname.obj
 0003:000011b8       ?outputString@UnDecorator@@0PEADEA 00000001800a31b8     libvcruntime:undname.obj
 0003:000011c0       ?maxStringLength@UnDecorator@@0HA 00000001800a31c0     libvcruntime:undname.obj
 0003:000011c4       ?disableFlags@UnDecorator@@0KA 00000001800a31c4     libvcruntime:undname.obj
 0003:000011c8       ?fExplicitTemplateParams@UnDecorator@@0_NA 00000001800a31c8     libvcruntime:undname.obj
 0003:000011c9       ?fGetTemplateArgumentList@UnDecorator@@0_NA 00000001800a31c9     libvcruntime:undname.obj
 0003:000011d0       ?m_pGetParameter@UnDecorator@@0P6APEADJ@ZEA 00000001800a31d0     libvcruntime:undname.obj
 0003:00001708       _environ_table             00000001800a3708     libucrt:environment_initialization.obj
 0003:00001710       _wenviron_table            00000001800a3710     libucrt:environment_initialization.obj
 0003:00001720       __dcrt_initial_wide_environment 00000001800a3720     libucrt:environment_initialization.obj
 0003:00001730       __dcrt_initial_narrow_environment 00000001800a3730     libucrt:environment_initialization.obj
 0003:00001740       __acrt_atexit_table        00000001800a3740     libucrt:onexit.obj
 0003:00001760       __acrt_at_quick_exit_table 00000001800a3760     libucrt:onexit.obj
 0003:00001c14       __mbcodepage               00000001800a3c14     libucrt:mbctype.obj
 0003:00001c18       __ismbcodepage             00000001800a3c18     libucrt:mbctype.obj
 0003:00001c20       __mbulinfo                 00000001800a3c20     libucrt:mbctype.obj
 0003:00001c38       __mblocalename             00000001800a3c38     libucrt:mbctype.obj
 0003:00001c44       __argc                     00000001800a3c44     libucrt:argv_data.obj
 0003:00001c48       __argv                     00000001800a3c48     libucrt:argv_data.obj
 0003:00001c58       __wargv                    00000001800a3c58     libucrt:argv_data.obj
 0003:00001c68       _acmdln                    00000001800a3c68     libucrt:argv_data.obj
 0003:00001c78       _wcmdln                    00000001800a3c78     libucrt:argv_data.obj
 0003:00001c88       _pgmptr                    00000001800a3c88     libucrt:argv_data.obj
 0003:00001c98       _wpgmptr                   00000001800a3c98     libucrt:argv_data.obj
 0003:00001ca8       __acrt_heap                00000001800a3ca8     libucrt:heap_handle.obj
 0003:00001cc0       __pioinfo                  00000001800a3cc0     libucrt:ioinit.obj
 0003:0000218c       _nhandle                   00000001800a418c     libucrt:ioinit.obj
 0003:000021d8       __acrt_current_locale_data 00000001800a41d8     libucrt:nlsdata.obj
 0003:000021e8       __acrt_stdout_buffer       00000001800a41e8     libucrt:_sftbuf.obj
 0003:000021f8       __acrt_stderr_buffer       00000001800a41f8     libucrt:_sftbuf.obj
 0003:00002208       _nstream                   00000001800a4208     libucrt:_file.obj
 0003:00002210       __piob                     00000001800a4210     libucrt:_file.obj
 0003:0000221c       _cflush                    00000001800a421c     libucrt:_file.obj
 0003:0000222c       __acrt_locale_changed_data 00000001800a422c     libucrt:wsetlocale.obj
 0003:00002230       __acrt_lconv_static_null   00000001800a4230     libucrt:localeconv.obj
 0003:00002234       __acrt_lconv_static_W_null 00000001800a4234     libucrt:localeconv.obj
 0003:000029a8       __fma3_is_available        00000001800a49a8     libucrt:fma3_available.obj
 0003:000029ac       __use_fma3_lib             00000001800a49ac     libucrt:fma3_available.obj
 0003:00003038       __scrt_ucrt_dll_is_in_use  00000001800a5038     <common>
 0003:00003048       __dyn_tls_init_callback    00000001800a5048     <common>
 0003:00003060       _pDestructExceptionObject  00000001800a5060     <common>
 0005:00000000       __imp_InitializeCriticalSectionAndSpinCount 00000001800ac000     kernel32:KERNEL32.dll
 0005:00000008       __imp_CreateFileW          00000001800ac008     kernel32:KERNEL32.dll
 0005:00000010       __imp_WriteConsoleW        00000001800ac010     kernel32:KERNEL32.dll
 0005:00000018       __imp_CreateThread         00000001800ac018     kernel32:KERNEL32.dll
 0005:00000020       __imp_WaitForSingleObjectEx 00000001800ac020     kernel32:KERNEL32.dll
 0005:00000028       __imp_CloseHandle          00000001800ac028     kernel32:KERNEL32.dll
 0005:00000030       __imp_OutputDebugStringW   00000001800ac030     kernel32:KERNEL32.dll
 0005:00000038       __imp_OutputDebugStringA   00000001800ac038     kernel32:KERNEL32.dll
 0005:00000040       __imp_SetFilePointerEx     00000001800ac040     kernel32:KERNEL32.dll
 0005:00000048       __imp_GetConsoleMode       00000001800ac048     kernel32:KERNEL32.dll
 0005:00000050       __imp_GetConsoleCP         00000001800ac050     kernel32:KERNEL32.dll
 0005:00000058       __imp_FlushFileBuffers     00000001800ac058     kernel32:KERNEL32.dll
 0005:00000060       __imp_WriteFile            00000001800ac060     kernel32:KERNEL32.dll
 0005:00000068       __imp_SetStdHandle         00000001800ac068     kernel32:KERNEL32.dll
 0005:00000070       __imp_HeapReAlloc          00000001800ac070     kernel32:KERNEL32.dll
 0005:00000078       __imp_HeapSize             00000001800ac078     kernel32:KERNEL32.dll
 0005:00000080       __imp_RaiseException       00000001800ac080     kernel32:KERNEL32.dll
 0005:00000088       __imp_GetStringTypeW       00000001800ac088     kernel32:KERNEL32.dll
 0005:00000090       __imp_SetConsoleCtrlHandler 00000001800ac090     kernel32:KERNEL32.dll
 0005:00000098       __imp_GetFileType          00000001800ac098     kernel32:KERNEL32.dll
 0005:000000a0       __imp_GetStdHandle         00000001800ac0a0     kernel32:KERNEL32.dll
 0005:000000a8       __imp_GetProcessHeap       00000001800ac0a8     kernel32:KERNEL32.dll
 0005:000000b0       __imp_SetEnvironmentVariableW 00000001800ac0b0     kernel32:KERNEL32.dll
 0005:000000b8       __imp_SetEnvironmentVariableA 00000001800ac0b8     kernel32:KERNEL32.dll
 0005:000000c0       __imp_FreeEnvironmentStringsW 00000001800ac0c0     kernel32:KERNEL32.dll
 0005:000000c8       __imp_GetEnvironmentStringsW 00000001800ac0c8     kernel32:KERNEL32.dll
 0005:000000d0       __imp_GetCommandLineW      00000001800ac0d0     kernel32:KERNEL32.dll
 0005:000000d8       __imp_GetCommandLineA      00000001800ac0d8     kernel32:KERNEL32.dll
 0005:000000e0       __imp_GetCPInfo            00000001800ac0e0     kernel32:KERNEL32.dll
 0005:000000e8       __imp_GetOEMCP             00000001800ac0e8     kernel32:KERNEL32.dll
 0005:000000f0       __imp_GetACP               00000001800ac0f0     kernel32:KERNEL32.dll
 0005:000000f8       __imp_IsValidCodePage      00000001800ac0f8     kernel32:KERNEL32.dll
 0005:00000100       __imp_FindNextFileW        00000001800ac100     kernel32:KERNEL32.dll
 0005:00000108       __imp_FindNextFileA        00000001800ac108     kernel32:KERNEL32.dll
 0005:00000110       __imp_FindFirstFileExW     00000001800ac110     kernel32:KERNEL32.dll
 0005:00000118       __imp_FindFirstFileExA     00000001800ac118     kernel32:KERNEL32.dll
 0005:00000120       __imp_FindClose            00000001800ac120     kernel32:KERNEL32.dll
 0005:00000128       __imp_EnumSystemLocalesW   00000001800ac128     kernel32:KERNEL32.dll
 0005:00000130       __imp_GetUserDefaultLCID   00000001800ac130     kernel32:KERNEL32.dll
 0005:00000138       __imp_IsValidLocale        00000001800ac138     kernel32:KERNEL32.dll
 0005:00000140       __imp_GetLocaleInfoW       00000001800ac140     kernel32:KERNEL32.dll
 0005:00000148       __imp_LCMapStringW         00000001800ac148     kernel32:KERNEL32.dll
 0005:00000150       __imp_InitializeSListHead  00000001800ac150     kernel32:KERNEL32.dll
 0005:00000158       __imp_QueryPerformanceCounter 00000001800ac158     kernel32:KERNEL32.dll
 0005:00000160       __imp_GetCurrentProcessId  00000001800ac160     kernel32:KERNEL32.dll
 0005:00000168       __imp_GetCurrentThreadId   00000001800ac168     kernel32:KERNEL32.dll
 0005:00000170       __imp_GetSystemTimeAsFileTime 00000001800ac170     kernel32:KERNEL32.dll
 0005:00000178       __imp_RtlCaptureContext    00000001800ac178     kernel32:KERNEL32.dll
 0005:00000180       __imp_RtlLookupFunctionEntry 00000001800ac180     kernel32:KERNEL32.dll
 0005:00000188       __imp_RtlVirtualUnwind     00000001800ac188     kernel32:KERNEL32.dll
 0005:00000190       __imp_IsDebuggerPresent    00000001800ac190     kernel32:KERNEL32.dll
 0005:00000198       __imp_UnhandledExceptionFilter 00000001800ac198     kernel32:KERNEL32.dll
 0005:000001a0       __imp_SetUnhandledExceptionFilter 00000001800ac1a0     kernel32:KERNEL32.dll
 0005:000001a8       __imp_GetStartupInfoW      00000001800ac1a8     kernel32:KERNEL32.dll
 0005:000001b0       __imp_IsProcessorFeaturePresent 00000001800ac1b0     kernel32:KERNEL32.dll
 0005:000001b8       __imp_GetModuleHandleW     00000001800ac1b8     kernel32:KERNEL32.dll
 0005:000001c0       __imp_InterlockedPushEntrySList 00000001800ac1c0     kernel32:KERNEL32.dll
 0005:000001c8       __imp_InterlockedFlushSList 00000001800ac1c8     kernel32:KERNEL32.dll
 0005:000001d0       __imp_RtlUnwindEx          00000001800ac1d0     kernel32:KERNEL32.dll
 0005:000001d8       __imp_GetLastError         00000001800ac1d8     kernel32:KERNEL32.dll
 0005:000001e0       __imp_SetLastError         00000001800ac1e0     kernel32:KERNEL32.dll
 0005:000001e8       __imp_EnterCriticalSection 00000001800ac1e8     kernel32:KERNEL32.dll
 0005:000001f0       __imp_LeaveCriticalSection 00000001800ac1f0     kernel32:KERNEL32.dll
 0005:000001f8       __imp_DeleteCriticalSection 00000001800ac1f8     kernel32:KERNEL32.dll
 0005:00000200       __imp_GetTimeFormatW       00000001800ac200     kernel32:KERNEL32.dll
 0005:00000208       __imp_TlsAlloc             00000001800ac208     kernel32:KERNEL32.dll
 0005:00000210       __imp_TlsGetValue          00000001800ac210     kernel32:KERNEL32.dll
 0005:00000218       __imp_TlsSetValue          00000001800ac218     kernel32:KERNEL32.dll
 0005:00000220       __imp_TlsFree              00000001800ac220     kernel32:KERNEL32.dll
 0005:00000228       __imp_FreeLibrary          00000001800ac228     kernel32:KERNEL32.dll
 0005:00000230       __imp_GetProcAddress       00000001800ac230     kernel32:KERNEL32.dll
 0005:00000238       __imp_LoadLibraryExW       00000001800ac238     kernel32:KERNEL32.dll
 0005:00000240       __imp_GetCurrentProcess    00000001800ac240     kernel32:KERNEL32.dll
 0005:00000248       __imp_ExitProcess          00000001800ac248     kernel32:KERNEL32.dll
 0005:00000250       __imp_TerminateProcess     00000001800ac250     kernel32:KERNEL32.dll
 0005:00000258       __imp_GetModuleHandleExW   00000001800ac258     kernel32:KERNEL32.dll
 0005:00000260       __imp_GetModuleFileNameA   00000001800ac260     kernel32:KERNEL32.dll
 0005:00000268       __imp_GetModuleFileNameW   00000001800ac268     kernel32:KERNEL32.dll
 0005:00000270       __imp_MultiByteToWideChar  00000001800ac270     kernel32:KERNEL32.dll
 0005:00000278       __imp_WideCharToMultiByte  00000001800ac278     kernel32:KERNEL32.dll
 0005:00000280       __imp_HeapFree             00000001800ac280     kernel32:KERNEL32.dll
 0005:00000288       __imp_HeapAlloc            00000001800ac288     kernel32:KERNEL32.dll
 0005:00000290       __imp_GetCurrentThread     00000001800ac290     kernel32:KERNEL32.dll
 0005:00000298       __imp_GetDateFormatW       00000001800ac298     kernel32:KERNEL32.dll
 0005:000002a0       __imp_CompareStringW       00000001800ac2a0     kernel32:KERNEL32.dll
 0005:000002a8       \177KERNEL32_NULL_THUNK_DATA 00000001800ac2a8     kernel32:KERNEL32.dll
 0005:00000388       __imp_?sweep@PxMeshQuery@physx@@SA_NAEBVPxVec3@2@MAEBVPxGeometry@2@AEBVPxTransform@2@IPEBVPxTriangle@2@AEAUPxSweepHit@2@V?$PxFlags@W4Enum@PxHitFlag@physx@@G@2@PEBIM_N@Z 00000001800ac388     PhysX3CommonCHECKED_x64:PhysX3CommonCHECKED_x64.dll
 0005:00000390       __imp_?findOverlapHeightField@PxMeshQuery@physx@@SAIAEBVPxGeometry@2@AEBVPxTransform@2@AEBVPxHeightFieldGeometry@2@1PEAIIIAEA_N@Z 00000001800ac390     PhysX3CommonCHECKED_x64:PhysX3CommonCHECKED_x64.dll
 0005:00000398       __imp_?findOverlapTriangleMesh@PxMeshQuery@physx@@SAIAEBVPxGeometry@2@AEBVPxTransform@2@AEBVPxTriangleMeshGeometry@2@1PEAIIIAEA_N@Z 00000001800ac398     PhysX3CommonCHECKED_x64:PhysX3CommonCHECKED_x64.dll
 0005:000003a0       __imp_?getRaycastFuncTable@Gu@physx@@YAAEAY06Q6AIAEBVPxGeometry@2@AEBVPxTransform@2@AEBVPxVec3@2@2MV?$PxFlags@W4Enum@PxHitFlag@physx@@G@2@IPEIAUPxRaycastHit@2@@ZXZ 00000001800ac3a0     PhysX3CommonCHECKED_x64:PhysX3CommonCHECKED_x64.dll
 0005:000003a8       __imp_?distanceSegmentSegmentSquared@Gu@physx@@YAMAEBVPxVec3@2@000PEAM1@Z 00000001800ac3a8     PhysX3CommonCHECKED_x64:PhysX3CommonCHECKED_x64.dll
 0005:000003b0       __imp_?CompleteBoxPruning@Cm@physx@@YA_NPEBVPxBounds3@2@IAEAV?$Array@IVNamedAllocator@shdfnd@physx@@@shdfnd@2@AEBVAxes@Gu@2@@Z 00000001800ac3b0     PhysX3CommonCHECKED_x64:PhysX3CommonCHECKED_x64.dll
 0005:000003b8       __imp_?intersectTriangleBox_Unsafe@Gu@physx@@YAHAEBVPxVec3@2@0000@Z 00000001800ac3b8     PhysX3CommonCHECKED_x64:PhysX3CommonCHECKED_x64.dll
 0005:000003c0       __imp_??6RenderOutput@Cm@physx@@QEAAAEAV012@VPxVec3@2@@Z 00000001800ac3c0     PhysX3CommonCHECKED_x64:PhysX3CommonCHECKED_x64.dll
 0005:000003c8       __imp_??6RenderOutput@Cm@physx@@QEAAAEAV012@W4Primitive@012@@Z 00000001800ac3c8     PhysX3CommonCHECKED_x64:PhysX3CommonCHECKED_x64.dll
 0005:000003d0       __imp_?getTriangle@PxMeshQuery@physx@@SAXAEBVPxHeightFieldGeometry@2@AEBVPxTransform@2@IAEAVPxTriangle@2@PEAI3@Z 00000001800ac3d0     PhysX3CommonCHECKED_x64:PhysX3CommonCHECKED_x64.dll
 0005:000003d8       __imp_?getTriangle@PxMeshQuery@physx@@SAXAEBVPxTriangleMeshGeometry@2@AEBVPxTransform@2@IAEAVPxTriangle@2@PEAI3@Z 00000001800ac3d8     PhysX3CommonCHECKED_x64:PhysX3CommonCHECKED_x64.dll
 0005:000003e0       __imp_?distanceSegmentBoxSquared@Gu@physx@@YAMAEBVPxVec3@2@000AEBVPxMat33@2@PEAMPEAV32@@Z 00000001800ac3e0     PhysX3CommonCHECKED_x64:PhysX3CommonCHECKED_x64.dll
 0005:000003e8       __imp_?intersectOBBOBB@Gu@physx@@YA_NAEBVPxVec3@2@0AEBVPxMat33@2@001_N@Z 00000001800ac3e8     PhysX3CommonCHECKED_x64:PhysX3CommonCHECKED_x64.dll
 0005:000003f0       __imp_?computePenetration@PxGeometryQuery@physx@@SA_NAEAVPxVec3@2@AEAMAEBVPxGeometry@2@AEBVPxTransform@2@23@Z 00000001800ac3f0     PhysX3CommonCHECKED_x64:PhysX3CommonCHECKED_x64.dll
 0005:000003f8       __imp_?sweep@PxGeometryQuery@physx@@SA_NAEBVPxVec3@2@MAEBVPxGeometry@2@AEBVPxTransform@2@12AEAUPxSweepHit@2@V?$PxFlags@W4Enum@PxHitFlag@physx@@G@2@M@Z 00000001800ac3f8     PhysX3CommonCHECKED_x64:PhysX3CommonCHECKED_x64.dll
 0005:00000400       __imp_?PxTransformFromSegment@physx@@YA?AVPxTransform@1@AEBVPxVec3@1@0PEAM@Z 00000001800ac400     PhysX3CommonCHECKED_x64:PhysX3CommonCHECKED_x64.dll
 0005:00000408       __imp_??6Cm@physx@@YAAEAVRenderOutput@01@AEAV201@AEBUDebugBox@01@@Z 00000001800ac408     PhysX3CommonCHECKED_x64:PhysX3CommonCHECKED_x64.dll
 0005:00000410       __imp_?outputCapsule@RenderOutput@Cm@physx@@QEAAAEAV123@MMAEBVPxMat44@3@@Z 00000001800ac410     PhysX3CommonCHECKED_x64:PhysX3CommonCHECKED_x64.dll
 0005:00000418       __imp_??6RenderOutput@Cm@physx@@QEAAAEAV012@AEBVPxTransform@2@@Z 00000001800ac418     PhysX3CommonCHECKED_x64:PhysX3CommonCHECKED_x64.dll
 0005:00000420       __imp_??6RenderOutput@Cm@physx@@QEAAAEAV012@I@Z 00000001800ac420     PhysX3CommonCHECKED_x64:PhysX3CommonCHECKED_x64.dll
 0005:00000428       __imp_??0RenderOutput@Cm@physx@@QEAA@AEAVRenderBuffer@12@@Z 00000001800ac428     PhysX3CommonCHECKED_x64:PhysX3CommonCHECKED_x64.dll
 0005:00000430       \177PhysX3CommonCHECKED_x64_NULL_THUNK_DATA 00000001800ac430     PhysX3CommonCHECKED_x64:PhysX3CommonCHECKED_x64.dll
 0005:000004a8       __imp_PxGetFoundation      00000001800ac4a8     PxFoundationCHECKED_x64:PxFoundationCHECKED_x64.dll
 0005:000004b0       __imp_?PxDiagonalize@physx@@YA?AVPxVec3@1@AEBVPxMat33@1@AEAVPxQuat@1@@Z 00000001800ac4b0     PxFoundationCHECKED_x64:PxFoundationCHECKED_x64.dll
 0005:000004b8       __imp_?PxShortestRotation@physx@@YA?AVPxQuat@1@AEBVPxVec3@1@0@Z 00000001800ac4b8     PxFoundationCHECKED_x64:PxFoundationCHECKED_x64.dll
 0005:000004c0       __imp_?error@Foundation@shdfnd@physx@@QEAAXW4Enum@PxErrorCode@3@PEBDH1ZZ 00000001800ac4c0     PxFoundationCHECKED_x64:PxFoundationCHECKED_x64.dll
 0005:000004c8       __imp_?decRefCount@Foundation@shdfnd@physx@@SAXXZ 00000001800ac4c8     PxFoundationCHECKED_x64:PxFoundationCHECKED_x64.dll
 0005:000004d0       __imp_?incRefCount@Foundation@shdfnd@physx@@SAXXZ 00000001800ac4d0     PxFoundationCHECKED_x64:PxFoundationCHECKED_x64.dll
 0005:000004d8       __imp_?getInstance@Foundation@shdfnd@physx@@SAAEAV123@XZ 00000001800ac4d8     PxFoundationCHECKED_x64:PxFoundationCHECKED_x64.dll
 0005:000004e0       __imp_?getSize@MutexImpl@shdfnd@physx@@SAIXZ 00000001800ac4e0     PxFoundationCHECKED_x64:PxFoundationCHECKED_x64.dll
 0005:000004e8       __imp_??1MutexImpl@shdfnd@physx@@QEAA@XZ 00000001800ac4e8     PxFoundationCHECKED_x64:PxFoundationCHECKED_x64.dll
 0005:000004f0       __imp_??0MutexImpl@shdfnd@physx@@QEAA@XZ 00000001800ac4f0     PxFoundationCHECKED_x64:PxFoundationCHECKED_x64.dll
 0005:000004f8       __imp_?getAllocator@shdfnd@physx@@YAAEAVPxAllocatorCallback@2@XZ 00000001800ac4f8     PxFoundationCHECKED_x64:PxFoundationCHECKED_x64.dll
 0005:00000500       __imp_?deallocate@NamedAllocator@shdfnd@physx@@QEAAXPEAX@Z 00000001800ac500     PxFoundationCHECKED_x64:PxFoundationCHECKED_x64.dll
 0005:00000508       __imp_?allocate@NamedAllocator@shdfnd@physx@@QEAAPEAX_KPEBDH@Z 00000001800ac508     PxFoundationCHECKED_x64:PxFoundationCHECKED_x64.dll
 0005:00000510       __imp_??1NamedAllocator@shdfnd@physx@@QEAA@XZ 00000001800ac510     PxFoundationCHECKED_x64:PxFoundationCHECKED_x64.dll
 0005:00000518       __imp_??0NamedAllocator@shdfnd@physx@@QEAA@AEBV012@@Z 00000001800ac518     PxFoundationCHECKED_x64:PxFoundationCHECKED_x64.dll
 0005:00000520       __imp_PxGetProfilerCallback 00000001800ac520     PxFoundationCHECKED_x64:PxFoundationCHECKED_x64.dll
 0005:00000528       __imp_?unlock@MutexImpl@shdfnd@physx@@QEAAXXZ 00000001800ac528     PxFoundationCHECKED_x64:PxFoundationCHECKED_x64.dll
 0005:00000530       __imp_?lock@MutexImpl@shdfnd@physx@@QEAAXXZ 00000001800ac530     PxFoundationCHECKED_x64:PxFoundationCHECKED_x64.dll
 0005:00000538       __imp_??0NamedAllocator@shdfnd@physx@@QEAA@PEBD@Z 00000001800ac538     PxFoundationCHECKED_x64:PxFoundationCHECKED_x64.dll
 0005:00000540       \177PxFoundationCHECKED_x64_NULL_THUNK_DATA 00000001800ac540     PxFoundationCHECKED_x64:PxFoundationCHECKED_x64.dll
 0005:000005b0       __IMPORT_DESCRIPTOR_PxFoundationCHECKED_x64 00000001800ac5b0     PxFoundationCHECKED_x64:PxFoundationCHECKED_x64.dll
 0005:000005c4       __IMPORT_DESCRIPTOR_PhysX3CommonCHECKED_x64 00000001800ac5c4     PhysX3CommonCHECKED_x64:PhysX3CommonCHECKED_x64.dll
 0005:000005d8       __IMPORT_DESCRIPTOR_KERNEL32 00000001800ac5d8     kernel32:KERNEL32.dll
 0005:000005ec       __NULL_IMPORT_DESCRIPTOR   00000001800ac5ec     PxFoundationCHECKED_x64:PxFoundationCHECKED_x64.dll
 0006:00000000       __guard_check_icall_fptr   00000001800af000     LIBCMT:guard_support.obj
 0006:00000010       __guard_dispatch_icall_fptr 00000001800af010     LIBCMT:guard_support.obj
 0006:00000020       __guard_ss_verify_failure_fptr 00000001800af020     LIBCMT:guard_support.obj
 0006:00000030       __guard_ss_verify_sp_fptr  00000001800af030     LIBCMT:guard_support.obj
