 PhysX3CookingCHECKED_x64

 Timestamp is 5a770298 (Sun Feb  4 13:54:48 2018)

 Preferred load address is 0000000180000000

 Start         Length     Name                   Class
 0001:00000000 00009450H .text$di                CODE
 0001:00009450 00092d90H .text$mn                CODE
 0001:0009c1e0 00001110H .text$mn$00             CODE
 0001:0009d2f0 000017e1H .text$x                 CODE
 0002:00000000 00000110H .CRT$XCA                DATA
 0002:00000110 00000308H .CRT$XCU                DATA
 0002:00000418 00000110H .CRT$XCZ                DATA
 0002:00000528 00000110H .CRT$XIA                DATA
 0002:00000638 00000130H .CRT$XIC                DATA
 0002:00000768 00000110H .CRT$XIZ                DATA
 0002:00000878 00000110H .CRT$XPA                DATA
 0002:00000988 00000120H .CRT$XPX                DATA
 0002:00000aa8 00000110H .CRT$XPXA               DATA
 0002:00000bb8 00000110H .CRT$XPZ                DATA
 0002:00000cc8 00000110H .CRT$XTA                DATA
 0002:00000dd8 00000118H .CRT$XTZ                DATA
 0002:00000ef0 0000f210H .rdata                  DATA
 0002:00010100 000004ecH .rdata$r                DATA
 0002:000105ec 00000194H .rdata$zzzdbg           DATA
 0002:00010780 00000110H .rtc$IAA                DATA
 0002:00010890 00000110H .rtc$IZZ                DATA
 0002:000109a0 00000110H .rtc$TAA                DATA
 0002:00010ab0 00000110H .rtc$TZZ                DATA
 0002:00010bc0 00009990H .xdata                  DATA
 0002:0001a550 000001a3H .edata                  DATA
 0003:00000000 00000cc0H .data                   DATA
 0003:00000cc0 000006a0H .data$r                 DATA
 0003:00001360 000023e1H .bss                    DATA
 0004:00000000 00006984H .pdata                  DATA
 0005:00000000 000003b8H .idata$5                DATA
 0005:000003b8 00000014H .idata$2                DATA
 0005:000003cc 00000014H .idata$3                DATA
 0005:000003e0 000003b8H .idata$4                DATA
 0005:00000798 00000871H .idata$6                DATA
 0006:00000000 00000040H .didat$2                DATA
 0006:00000040 00000020H .didat$3                DATA
 0006:00000060 00000280H .didat$4                DATA
 0006:000002e0 00000280H .didat$5                DATA
 0006:00000560 00000b90H .didat$6                DATA
 0006:000010f0 000002c0H .didat$7                DATA
 0007:00000000 0000013fH .00cfg                  DATA
 0008:00000000 00000940H _RDATA                  DATA
 0009:00000000 000001c0H .rsrc$01                DATA
 0009:000001c0 000006a9H .rsrc$02                DATA

  Address         Publics by Value              Rva+Base               Lib:Object

 0000:00000000       __enclave_config           0000000000000000     <absolute>
 0000:00000000       __guard_iat_table          0000000000000000     <absolute>
 0000:00000000       __hybrid_code_map_count    0000000000000000     <absolute>
 0000:00000000       __hybrid_code_map          0000000000000000     <absolute>
 0000:00000000       __guard_longjmp_table      0000000000000000     <absolute>
 0000:00000000       __guard_longjmp_count      0000000000000000     <absolute>
 0000:00000000       ___safe_se_handler_count   0000000000000000     <absolute>
 0000:00000000       __hybrid_auxiliary_iat     0000000000000000     <absolute>
 0000:00000000       __dynamic_value_reloc_table 0000000000000000     <absolute>
 0000:00000000       __guard_iat_count          0000000000000000     <absolute>
 0000:00000000       __guard_fids_table         0000000000000000     <absolute>
 0000:00000000       ___safe_se_handler_table   0000000000000000     <absolute>
 0000:00000000       __guard_fids_count         0000000000000000     <absolute>
 0000:00000100       __guard_flags              0000000000000100     <absolute>
 0000:00000000       __ImageBase                0000000180000000     <linker-defined>
 0001:00009450       PxSetPhysXCookingDelayLoadHook 000000018000a450 f   WindowsCookingDelayLoadHook.obj
 0001:00009460       ?delayHook@@YAP6A_JXZIPEAUDelayLoadInfo@@@Z 000000018000a460 f   WindowsCookingDelayLoadHook.obj
 0001:000094c0       ?physXCommonDliNotePreLoadLibrary@Cm@physx@@YAP6A_JXZPEBDPEBVPxDelayLoadHook@2@@Z 000000018000a4c0 f i WindowsCookingDelayLoadHook.obj
 0001:000097e0       ?saveHeightField@physx@@YA_NAEBVHeightField@Gu@1@AEAVPxOutputStream@1@_N@Z 000000018000a7e0 f   HeightFieldCooking.obj
 0001:00009ac0       ?__empty_global_delete@@YAXPEAX@Z 000000018000aac0 f i HeightFieldCooking.obj
 0001:00009ad0       ?__global_array_delete@@YAXPEAX_K@Z 000000018000aad0 f i HeightFieldCooking.obj
 0001:00009ad0       ?__empty_global_delete@@YAXPEAX_K@Z 000000018000aad0 f i HeightFieldCooking.obj
 0001:00009ad0       ?__global_delete@@YAXPEAX_K@Z 000000018000aad0 f i HeightFieldCooking.obj
 0001:00009ae0       ?buildFromTriangles@RTreeCooker@physx@@SAXAEAURTree@Gu@2@PEBVPxVec3@2@IPEBGPEBIIAEAV?$Array@IVNamedAllocator@shdfnd@physx@@@shdfnd@2@PEAURemapCallback@12@MW4Enum@PxMeshCookingHint@2@@Z 000000018000aae0 f   RTreeCooking.obj
 0001:00009e70       ??$partition@UBoundsLTE@physx@@@quickSelect@physx@@YAIPEIAIIIIAEBUBoundsLTE@1@@Z 000000018000ae70 f i RTreeCooking.obj
 0001:0000a070       ??$quickSelectFirstK@UBoundsLTE@physx@@@quickSelect@physx@@YAXPEIAIIIIAEBUBoundsLTE@1@@Z 000000018000b070 f i RTreeCooking.obj
 0001:0000a2d0       ??$smallSort@I$$CBUSortBoundsPredicate@physx@@@internal@shdfnd@physx@@YAXPEAIHHAEBUSortBoundsPredicate@2@@Z 000000018000b2d0 f i RTreeCooking.obj
 0001:0000a650       ??$sort@I@shdfnd@physx@@YAXPEAII@Z 000000018000b650 f i RTreeCooking.obj
 0001:0000a6b0       ??$sort@IU?$Less@I@shdfnd@physx@@VNamedAllocator@23@@shdfnd@physx@@YAXPEAIIAEBU?$Less@I@01@AEBVNamedAllocator@01@I@Z 000000018000b6b0 f i RTreeCooking.obj
 0001:0000ab30       ??$sort@IUSortBoundsPredicate@physx@@@shdfnd@physx@@YAXPEAIIAEBUSortBoundsPredicate@1@@Z 000000018000bb30 f i RTreeCooking.obj
 0001:0000aba0       ??$sort@IUSortBoundsPredicate@physx@@VNamedAllocator@shdfnd@2@@shdfnd@physx@@YAXPEAIIAEBUSortBoundsPredicate@1@AEBVNamedAllocator@01@I@Z 000000018000bba0 f i RTreeCooking.obj
 0001:0000b100       ??_H@YAXPEAX_K1P6APEAX0@Z@Z 000000018000c100 f i RTreeCooking.obj
 0001:0000b160       ?allocate@?$Array@UInterval@physx@@V?$InlineAllocator@$0CA@VNamedAllocator@shdfnd@physx@@@shdfnd@2@@shdfnd@physx@@IEAAPEAUInterval@3@I@Z 000000018000c160 f i RTreeCooking.obj
 0001:0000c340       ?copy@?$Array@URTreeNodeNQ@physx@@VNamedAllocator@shdfnd@2@@shdfnd@physx@@KAXPEAURTreeNodeNQ@3@0PEBU43@@Z 000000018000d340 f i RTreeCooking.obj
 0001:0000c570       ?copy@?$Array@VPxVec3@physx@@VNamedAllocator@shdfnd@2@@shdfnd@physx@@KAXPEAVPxVec3@3@0PEBV43@@Z 000000018000d570 f i RTreeCooking.obj
 0001:0000c670       ?growAndPushBack@?$Array@IVNamedAllocator@shdfnd@physx@@@shdfnd@physx@@IEAAAEAIAEBI@Z 000000018000d670 f i RTreeCooking.obj
 0001:0000c790       ?growAndPushBack@?$Array@UInterval@physx@@V?$InlineAllocator@$0CA@VNamedAllocator@shdfnd@physx@@@shdfnd@2@@shdfnd@physx@@IEAAAEAUInterval@3@AEBU43@@Z 000000018000d790 f i RTreeCooking.obj
 0001:0000c890       ?growAndPushBack@?$Array@UPxBounds3V@physx@@VNamedAllocator@shdfnd@2@@shdfnd@physx@@IEAAAEAUPxBounds3V@3@AEBU43@@Z 000000018000d890 f i RTreeCooking.obj
 0001:0000c9c0       ?growAndPushBack@?$Array@URTreeNodeNQ@physx@@VNamedAllocator@shdfnd@2@@shdfnd@physx@@IEAAAEAURTreeNodeNQ@3@AEBU43@@Z 000000018000d9c0 f i RTreeCooking.obj
 0001:0000cb00       ?growAndPushBack@?$Array@URTreeNodeQ@Gu@physx@@VNamedAllocator@shdfnd@3@@shdfnd@physx@@IEAAAEAURTreeNodeQ@Gu@3@AEBU453@@Z 000000018000db00 f i RTreeCooking.obj
 0001:0000cc50       ?growAndPushBack@?$Array@VPxVec3@physx@@VNamedAllocator@shdfnd@2@@shdfnd@physx@@IEAAAEAVPxVec3@3@AEBV43@@Z 000000018000dc50 f i RTreeCooking.obj
 0001:0000cd60       ?recreate@?$Array@IVNamedAllocator@shdfnd@physx@@@shdfnd@physx@@IEAAXI@Z 000000018000dd60 f i RTreeCooking.obj
 0001:0000ce70       ?recreate@?$Array@UPxBounds3V@physx@@VNamedAllocator@shdfnd@2@@shdfnd@physx@@IEAAXI@Z 000000018000de70 f i RTreeCooking.obj
 0001:0000cf80       ?recreate@?$Array@URTreeNodeNQ@physx@@VNamedAllocator@shdfnd@2@@shdfnd@physx@@IEAAXI@Z 000000018000df80 f i RTreeCooking.obj
 0001:0000d040       ?recreate@?$Array@URTreeNodeQ@Gu@physx@@VNamedAllocator@shdfnd@3@@shdfnd@physx@@IEAAXI@Z 000000018000e040 f i RTreeCooking.obj
 0001:0000d150       ?recreate@?$Array@VPxVec3@physx@@VNamedAllocator@shdfnd@2@@shdfnd@physx@@IEAAXI@Z 000000018000e150 f i RTreeCooking.obj
 0001:0000d220       ?resize@?$Array@IVNamedAllocator@shdfnd@physx@@@shdfnd@physx@@QEAAXIAEBI@Z 000000018000e220 f i RTreeCooking.obj
 0001:0000d330       ?resizeUninitialized@?$Array@URTreeNodeNQ@physx@@VNamedAllocator@shdfnd@2@@shdfnd@physx@@QEAAXI@Z 000000018000e330 f i RTreeCooking.obj
 0001:0000d380       ?sort4@SubSortQuick@physx@@QEAAXPEIAIIAEAV?$Array@URTreeNodeNQ@physx@@VNamedAllocator@shdfnd@2@@shdfnd@2@AEAIAEAUPxBounds3V@2@I@Z 000000018000e380 f i RTreeCooking.obj
 0001:0000d800       ?sort4@SubSortSAH@physx@@QEAAXPEAIIAEAV?$Array@URTreeNodeNQ@physx@@VNamedAllocator@shdfnd@2@@shdfnd@2@AEAIIPEAURTreeNodeNQ@2@@Z 000000018000e800 f i RTreeCooking.obj
 0001:0000e100       ?split@SubSortSAH@physx@@QEAAIPEAII@Z 000000018000f100 f i RTreeCooking.obj
 0001:0000ea90       ??0TriangleMeshBuilder@physx@@QEAA@AEAVTriangleMeshData@Gu@1@AEBUPxCookingParams@1@@Z 000000018000fa90 f   TriangleMeshBuilder.obj
 0001:0000eac0       ??1TriangleMeshBuilder@physx@@UEAA@XZ 000000018000fac0 f   TriangleMeshBuilder.obj
 0001:0000eb30       ?cleanMesh@TriangleMeshBuilder@physx@@QEAA_N_NPEAW4Enum@PxTriangleMeshCookingResult@2@@Z 000000018000fb30 f   TriangleMeshBuilder.obj
 0001:0000f090       ?remapTopology@TriangleMeshBuilder@physx@@QEAAXPEBI@Z 0000000180010090 f   TriangleMeshBuilder.obj
 0001:0000f380       ?createSharedEdgeData@TriangleMeshBuilder@physx@@QEAAX_N0@Z 0000000180010380 f   TriangleMeshBuilder.obj
 0001:0000f860       ?recordTriangleIndices@TriangleMeshBuilder@physx@@QEAAXXZ 0000000180010860 f   TriangleMeshBuilder.obj
 0001:0000f960       ?createGRBMidPhaseAndData@TriangleMeshBuilder@physx@@QEAAXI@Z 0000000180010960 f   TriangleMeshBuilder.obj
 0001:0000fc00       ?createGRBData@TriangleMeshBuilder@physx@@QEAAXXZ 0000000180010c00 f   TriangleMeshBuilder.obj
 0001:0000fcf0       ?loadFromDesc@TriangleMeshBuilder@physx@@QEAA_NAEBVPxTriangleMeshDesc@2@PEAW4Enum@PxTriangleMeshCookingResult@2@_N@Z 0000000180010cf0 f   TriangleMeshBuilder.obj
 0001:00010210       ?save@TriangleMeshBuilder@physx@@QEBA_NAEAVPxOutputStream@2@_NAEBUPxCookingParams@2@@Z 0000000180011210 f   TriangleMeshBuilder.obj
 0001:00010810       ?checkMeshIndicesSize@TriangleMeshBuilder@physx@@QEAAXXZ 0000000180011810 f   TriangleMeshBuilder.obj
 0001:00010920       ?computeLocalBounds@TriangleMeshBuilder@physx@@IEAAXXZ 0000000180011920 f   TriangleMeshBuilder.obj
 0001:000109c0       ?importMesh@TriangleMeshBuilder@physx@@IEAA_NAEBVPxTriangleMeshDesc@2@AEBUPxCookingParams@2@PEAW4Enum@PxTriangleMeshCookingResult@2@_N@Z 00000001800119c0 f   TriangleMeshBuilder.obj
 0001:00010d80       ?releaseEdgeList@TriangleMeshBuilder@physx@@IEAAXXZ 0000000180011d80 f   TriangleMeshBuilder.obj
 0001:00010de0       ?createEdgeList@TriangleMeshBuilder@physx@@IEAAXXZ 0000000180011de0 f   TriangleMeshBuilder.obj
 0001:00010f20       ??0RTreeTriangleMeshBuilder@physx@@QEAA@AEBUPxCookingParams@1@@Z 0000000180011f20 f   TriangleMeshBuilder.obj
 0001:00010fe0       ??1RTreeTriangleMeshBuilder@physx@@UEAA@XZ 0000000180011fe0 f   TriangleMeshBuilder.obj
 0001:00011050       ?createMidPhaseStructure@RTreeTriangleMeshBuilder@physx@@UEAAXXZ 0000000180012050 f   TriangleMeshBuilder.obj
 0001:00011190       ?saveMidPhaseStructure@RTreeTriangleMeshBuilder@physx@@UEBAXAEAVPxOutputStream@2@_N@Z 0000000180012190 f   TriangleMeshBuilder.obj
 0001:000113e0       ??0BV4TriangleMeshBuilder@physx@@QEAA@AEBUPxCookingParams@1@@Z 00000001800123e0 f   TriangleMeshBuilder.obj
 0001:000114b0       ??1BV4TriangleMeshBuilder@physx@@UEAA@XZ 00000001800124b0 f   TriangleMeshBuilder.obj
 0001:00011540       ?createMidPhaseStructure@BV4TriangleMeshBuilder@physx@@UEAAXXZ 0000000180012540 f   TriangleMeshBuilder.obj
 0001:00011860       ?saveMidPhaseStructure@BV4TriangleMeshBuilder@physx@@UEBAXAEAVPxOutputStream@2@_N@Z 0000000180012860 f   TriangleMeshBuilder.obj
 0001:00011a60       ?onMeshIndexFormatChange@BV4TriangleMeshBuilder@physx@@UEAAXXZ 0000000180012a60 f   TriangleMeshBuilder.obj
 0001:00011aa0       ?createMidPhaseStructure@BV32TriangleMeshBuilder@physx@@SAXAEBUPxCookingParams@2@AEAVTriangleMeshData@Gu@2@AEAVBV32Tree@52@@Z 0000000180012aa0 f   TriangleMeshBuilder.obj
 0001:00011c80       ?saveMidPhaseStructure@BV32TriangleMeshBuilder@physx@@SAXPEAVBV32Tree@Gu@2@AEAVPxOutputStream@2@_N@Z 0000000180012c80 f   TriangleMeshBuilder.obj
 0001:00011e20       ?findSharpVertices@GrbTrimeshCookerHelper@physx@@YAXAEAV?$Array@USortedNeighbor@GrbTrimeshCookerHelper@physx@@VNamedAllocator@shdfnd@3@@shdfnd@2@AEAV?$Array@USharpEdgeRange@GrbTrimeshCookerHelper@physx@@VNamedAllocator@shdfnd@3@@42@PEBUuint3@2@PEBUuint4@2@II@Z 0000000180012e20 f   TriangleMeshBuilder.obj
 0001:000121e0       ?buildVertexConnectionNew_p1@GrbTrimeshCookerHelper@physx@@YAIAEAV?$Array@USortedNeighbor@GrbTrimeshCookerHelper@physx@@VNamedAllocator@shdfnd@3@@shdfnd@2@AEAV?$Array@USharpEdgeRange@GrbTrimeshCookerHelper@physx@@VNamedAllocator@shdfnd@3@@42@PEBUuint3@2@PEBUuint4@2@II@Z 00000001800131e0 f   TriangleMeshBuilder.obj
 0001:00012390       ?buildVertexConnectionNew_p2@GrbTrimeshCookerHelper@physx@@YAXPEAI00AEAV?$Array@USortedNeighbor@GrbTrimeshCookerHelper@physx@@VNamedAllocator@shdfnd@3@@shdfnd@2@AEAV?$Array@USharpEdgeRange@GrbTrimeshCookerHelper@physx@@VNamedAllocator@shdfnd@3@@42@I@Z 0000000180013390 f   TriangleMeshBuilder.obj
 0001:000132a0       ??$median3@USortedNeighbor@GrbTrimeshCookerHelper@physx@@$$CBU?$Less@USortedNeighbor@GrbTrimeshCookerHelper@physx@@@shdfnd@3@@internal@shdfnd@physx@@YAXPEAUSortedNeighbor@GrbTrimeshCookerHelper@2@HHAEBU?$Less@USortedNeighbor@GrbTrimeshCookerHelper@physx@@@12@@Z 00000001800142a0 f i TriangleMeshBuilder.obj
 0001:00013430       ??$sort@UEdgeTriLookup@physx@@@shdfnd@physx@@YAXPEAUEdgeTriLookup@1@I@Z 0000000180014430 f i TriangleMeshBuilder.obj
 0001:00013490       ??$sort@UEdgeTriLookup@physx@@U?$Less@UEdgeTriLookup@physx@@@shdfnd@2@VNamedAllocator@42@@shdfnd@physx@@YAXPEAUEdgeTriLookup@1@IAEBU?$Less@UEdgeTriLookup@physx@@@01@AEBVNamedAllocator@01@I@Z 0000000180014490 f i TriangleMeshBuilder.obj
 0001:00013ac0       ??$sort@USortedNeighbor@GrbTrimeshCookerHelper@physx@@@shdfnd@physx@@YAXPEAUSortedNeighbor@GrbTrimeshCookerHelper@1@I@Z 0000000180014ac0 f i TriangleMeshBuilder.obj
 0001:00013b20       ??$sort@USortedNeighbor@GrbTrimeshCookerHelper@physx@@U?$Less@USortedNeighbor@GrbTrimeshCookerHelper@physx@@@shdfnd@3@VNamedAllocator@53@@shdfnd@physx@@YAXPEAUSortedNeighbor@GrbTrimeshCookerHelper@1@IAEBU?$Less@USortedNeighbor@GrbTrimeshCookerHelper@physx@@@01@AEBVNamedAllocator@01@I@Z 0000000180014b20 f i TriangleMeshBuilder.obj
 0001:000140d0       ??0PxVec4@physx@@QEAA@XZ   00000001800150d0 f i TriangleMeshBuilder.obj
 0001:000140e0       ??1BV4TriangleData@Gu@physx@@UEAA@XZ 00000001800150e0 f i TriangleMeshBuilder.obj
 0001:00014130       ??1RTreeTriangleData@Gu@physx@@UEAA@XZ 0000000180015130 f i TriangleMeshBuilder.obj
 0001:000141b0       ??1RemapCallback@RTreeCooker@physx@@UEAA@XZ 00000001800151b0 f i TriangleMeshBuilder.obj
 0001:000141c0       ??1TriangleMeshData@Gu@physx@@UEAA@XZ 00000001800151c0 f i TriangleMeshBuilder.obj
 0001:00014390       ??_GBV4TriangleData@Gu@physx@@UEAAPEAXI@Z 0000000180015390 f i TriangleMeshBuilder.obj
 0001:00014390       ??_EBV4TriangleData@Gu@physx@@UEAAPEAXI@Z 0000000180015390 f i TriangleMeshBuilder.obj
 0001:00014440       ??_GBV4TriangleMeshBuilder@physx@@UEAAPEAXI@Z 0000000180015440 f i TriangleMeshBuilder.obj
 0001:00014440       ??_EBV4TriangleMeshBuilder@physx@@UEAAPEAXI@Z 0000000180015440 f i TriangleMeshBuilder.obj
 0001:00014520       ??_ERTreeCookerRemap@physx@@UEAAPEAXI@Z 0000000180015520 f i TriangleMeshBuilder.obj
 0001:00014520       ??_GRTreeCookerRemap@physx@@UEAAPEAXI@Z 0000000180015520 f i TriangleMeshBuilder.obj
 0001:00014560       ??_GRTreeTriangleData@Gu@physx@@UEAAPEAXI@Z 0000000180015560 f i TriangleMeshBuilder.obj
 0001:00014560       ??_ERTreeTriangleData@Gu@physx@@UEAAPEAXI@Z 0000000180015560 f i TriangleMeshBuilder.obj
 0001:000145e0       ??_GRTreeTriangleMeshBuilder@physx@@UEAAPEAXI@Z 00000001800155e0 f i TriangleMeshBuilder.obj
 0001:000145e0       ??_ERTreeTriangleMeshBuilder@physx@@UEAAPEAXI@Z 00000001800155e0 f i TriangleMeshBuilder.obj
 0001:00014690       ??_ERemapCallback@RTreeCooker@physx@@UEAAPEAXI@Z 0000000180015690 f i TriangleMeshBuilder.obj
 0001:00014690       ??_GRemapCallback@RTreeCooker@physx@@UEAAPEAXI@Z 0000000180015690 f i TriangleMeshBuilder.obj
 0001:000146d0       ??_GTriangleMeshBuilder@physx@@UEAAPEAXI@Z 00000001800156d0 f i TriangleMeshBuilder.obj
 0001:000146d0       ??_ETriangleMeshBuilder@physx@@UEAAPEAXI@Z 00000001800156d0 f i TriangleMeshBuilder.obj
 0001:00014760       ??_GTriangleMeshData@Gu@physx@@UEAAPEAXI@Z 0000000180015760 f i TriangleMeshBuilder.obj
 0001:00014760       ??_ETriangleMeshData@Gu@physx@@UEAAPEAXI@Z 0000000180015760 f i TriangleMeshBuilder.obj
 0001:000147e0       ?allocateTriangles@TriangleMeshData@Gu@physx@@QEAAPEAXI_NI@Z 00000001800157e0 f i TriangleMeshBuilder.obj
 0001:000148f0       ?allocateVertices@TriangleMeshData@Gu@physx@@QEAAPEAVPxVec3@3@I@Z 00000001800158f0 f i TriangleMeshBuilder.obj
 0001:000151a0       ?getMidphaseID@BV4TriangleMeshBuilder@physx@@UEBA?AW4Enum@PxMeshMidPhase@2@XZ 00000001800161a0 f i TriangleMeshBuilder.obj
 0001:000151b0       ?getMidphaseID@RTreeTriangleMeshBuilder@physx@@UEBA?AW4Enum@PxMeshMidPhase@2@XZ 00000001800161b0 f i TriangleMeshBuilder.obj
 0001:000151c0       ?growAndPushBack@?$Array@USortedNeighbor@GrbTrimeshCookerHelper@physx@@VNamedAllocator@shdfnd@3@@shdfnd@physx@@IEAAAEAUSortedNeighbor@GrbTrimeshCookerHelper@3@AEBU453@@Z 00000001800161c0 f i TriangleMeshBuilder.obj
 0001:000152f0       ?onMeshIndexFormatChange@TriangleMeshBuilder@physx@@UEAAXXZ 00000001800162f0 f i TriangleMeshBuilder.obj
 0001:00015300       ?recreate@?$Array@USharpEdgeRange@GrbTrimeshCookerHelper@physx@@VNamedAllocator@shdfnd@3@@shdfnd@physx@@IEAAXI@Z 0000000180016300 f i TriangleMeshBuilder.obj
 0001:00015410       ?recreate@?$Array@USortedNeighbor@GrbTrimeshCookerHelper@physx@@VNamedAllocator@shdfnd@3@@shdfnd@physx@@IEAAXI@Z 0000000180016410 f i TriangleMeshBuilder.obj
 0001:00015530       ?remap@RTreeCookerRemap@physx@@UEAAXPEAIII@Z 0000000180016530 f i TriangleMeshBuilder.obj
 0001:00015550       ?resize@?$Array@USharpEdgeRange@GrbTrimeshCookerHelper@physx@@VNamedAllocator@shdfnd@3@@shdfnd@physx@@QEAAXIAEBUSharpEdgeRange@GrbTrimeshCookerHelper@3@@Z 0000000180016550 f i TriangleMeshBuilder.obj
 0001:00015660       ?resizeUninitialized@?$Array@USortedNeighbor@GrbTrimeshCookerHelper@physx@@VNamedAllocator@shdfnd@3@@shdfnd@physx@@QEAAXI@Z 0000000180016660 f i TriangleMeshBuilder.obj
 0001:000156b0       ??0BigConvexDataBuilder@physx@@QEAA@PEBUConvexHullData@Gu@1@PEAVBigConvexData@1@PEBVPxVec3@1@@Z 00000001800166b0 f   BigConvexDataBuilder.obj
 0001:000156d0       ??1BigConvexDataBuilder@physx@@QEAA@XZ 00000001800166d0 f   BigConvexDataBuilder.obj
 0001:000156e0       ?precompute@BigConvexDataBuilder@physx@@QEAA_NI@Z 00000001800166e0 f   BigConvexDataBuilder.obj
 0001:00016330       ?initialize@BigConvexDataBuilder@physx@@QEAA_NXZ 0000000180017330 f   BigConvexDataBuilder.obj
 0001:000163e0       ?save@BigConvexDataBuilder@physx@@QEBA_NAEAVPxOutputStream@2@_N@Z 00000001800173e0 f   BigConvexDataBuilder.obj
 0001:00016630       ?computeValencies@BigConvexDataBuilder@physx@@QEAA_NAEBVConvexHullBuilder@2@@Z 0000000180017630 f   BigConvexDataBuilder.obj
 0001:00016ab0       ?saveValencies@BigConvexDataBuilder@physx@@QEBA_NAEAVPxOutputStream@2@_N@Z 0000000180017ab0 f   BigConvexDataBuilder.obj
 0001:000171c0       ??0ConvexHullBuilder@physx@@QEAA@PEAUConvexHullData@Gu@1@_N@Z 00000001800181c0 f   ConvexHullBuilder.obj
 0001:000171f0       ??1ConvexHullBuilder@physx@@QEAA@XZ 00000001800181f0 f   ConvexHullBuilder.obj
 0001:00017300       ?init@ConvexHullBuilder@physx@@QEAA_NIPEBVPxVec3@2@PEBIIIPEBUPxHullPolygon@2@_NPEAVConvexHullLib@2@@Z 0000000180018300 f   ConvexHullBuilder.obj
 0001:00017720       ?save@ConvexHullBuilder@physx@@QEBA_NAEAVPxOutputStream@2@_N@Z 0000000180018720 f   ConvexHullBuilder.obj
 0001:00017a60       ?copy@ConvexHullBuilder@physx@@QEAA_NAEAUConvexHullData@Gu@2@AEAI@Z 0000000180018a60 f   ConvexHullBuilder.obj
 0001:00017cd0       ?createEdgeList@ConvexHullBuilder@physx@@QEAA_N_NI@Z 0000000180018cd0 f   ConvexHullBuilder.obj
 0001:000185c0       ?checkHullPolygons@ConvexHullBuilder@physx@@QEBA_NXZ 00000001800195c0 f   ConvexHullBuilder.obj
 0001:00018bb0       ?calculateVertexMapTable@ConvexHullBuilder@physx@@QEAA_NI_N@Z 0000000180019bb0 f   ConvexHullBuilder.obj
 0001:00018dc0       ?computeGeomCenter@ConvexHullBuilder@physx@@IEBA_NAEAVPxVec3@2@IPEAUHullTriangleData@2@@Z 0000000180019dc0 f   ConvexHullBuilder.obj
 0001:00019830       ??0PxVec3@physx@@QEAA@XZ   000000018001a830 f i ConvexHullBuilder.obj
 0001:00019840       ??1ConvexHullLib@physx@@UEAA@XZ 000000018001a840 f   ConvexHullLib.obj
 0001:000198a0       ?cleanupVertices@ConvexHullLib@physx@@IEAA_NIPEBVPxVec3@2@IAEAIPEAV32@AEAV32@3@Z 000000018001a8a0 f   ConvexHullLib.obj
 0001:00019cf0       ?shiftAndcleanupVertices@ConvexHullLib@physx@@IEAA_NIPEBVPxVec3@2@IAEAIPEAV32@AEAV32@3@Z 000000018001acf0 f   ConvexHullLib.obj
 0001:0001a1c0       ?swapLargestFace@ConvexHullLib@physx@@IEAAXAEAVPxConvexMeshDesc@2@@Z 000000018001b1c0 f   ConvexHullLib.obj
 0001:0001a3b0       ?shiftConvexMeshDesc@ConvexHullLib@physx@@IEAAXAEAVPxConvexMeshDesc@2@@Z 000000018001b3b0 f   ConvexHullLib.obj
 0001:0001a780       ??_EConvexHullLib@physx@@UEAAPEAXI@Z 000000018001b780 f i ConvexHullLib.obj
 0001:0001a780       ??_GConvexHullLib@physx@@UEAAPEAXI@Z 000000018001b780 f i ConvexHullLib.obj
 0001:0001ae20       ??0ConvexHull@physx@@QEAA@AEBVPxVec3@1@0AEBV?$Array@VPxPlane@physx@@VNamedAllocator@shdfnd@2@@shdfnd@1@@Z 000000018001be20 f   ConvexHullUtils.obj
 0001:0001b890       ??0ConvexHull@physx@@QEAA@AEBVPxVec3@1@AEBVPxTransform@1@AEBV?$Array@VPxPlane@physx@@VNamedAllocator@shdfnd@2@@shdfnd@1@@Z 000000018001c890 f   ConvexHullUtils.obj
 0001:0001cbd0       ?findCandidatePlane@ConvexHull@physx@@QEBAHMM@Z 000000018001dbd0 f   ConvexHullUtils.obj
 0001:0001d030       ?assertIntact@ConvexHull@physx@@QEBA_NM@Z 000000018001e030 f   ConvexHullUtils.obj
 0001:0001d380       ?maxNumVertsPerFace@ConvexHull@physx@@QEBAIXZ 000000018001e380 f   ConvexHullUtils.obj
 0001:0001d400       ?convexHullCrop@physx@@YAPEAVConvexHull@1@AEBV21@AEBVPxPlane@1@M@Z 000000018001e400 f   ConvexHullUtils.obj
 0001:0001e2a0       ?computeOBBFromConvex@physx@@YA_NAEBVPxConvexMeshDesc@1@AEAVPxVec3@1@AEAVPxTransform@1@@Z 000000018001f2a0 f   ConvexHullUtils.obj
 0001:0001e9b0       ?computeOBBSIMD@local@@YAXIPEBT__m128@@AEAT2@AEBT2@1@Z 000000018001f9b0 f   ConvexHullUtils.obj
 0001:0001fb80       ??0HalfEdge@ConvexHull@physx@@QEAA@XZ 0000000180020b80 f i ConvexHullUtils.obj
 0001:0001fb90       ??0PxPlane@physx@@QEAA@XZ  0000000180020b90 f i ConvexHullUtils.obj
 0001:0001fba0       ?copy@?$Array@VPxPlane@physx@@VNamedAllocator@shdfnd@2@@shdfnd@physx@@KAXPEAVPxPlane@3@0PEBV43@@Z 0000000180020ba0 f i ConvexHullUtils.obj
 0001:0001fce0       ?getInverse@PxMat33@physx@@QEBA?BV12@XZ 0000000180020ce0 f i ConvexHullUtils.obj
 0001:0001ffc0       ?growAndPushBack@?$Array@VHalfEdge@ConvexHull@physx@@VNamedAllocator@shdfnd@3@@shdfnd@physx@@IEAAAEAVHalfEdge@ConvexHull@3@AEBV453@@Z 0000000180020fc0 f i ConvexHullUtils.obj
 0001:000200e0       ?growAndPushBack@?$Array@VPxPlane@physx@@VNamedAllocator@shdfnd@2@@shdfnd@physx@@IEAAAEAVPxPlane@3@AEBV43@@Z 00000001800210e0 f i ConvexHullUtils.obj
 0001:00020200       ?recreate@?$Array@VHalfEdge@ConvexHull@physx@@VNamedAllocator@shdfnd@3@@shdfnd@physx@@IEAAXI@Z 0000000180021200 f i ConvexHullUtils.obj
 0001:00020310       ?recreate@?$Array@VPxPlane@physx@@VNamedAllocator@shdfnd@2@@shdfnd@physx@@IEAAXI@Z 0000000180021310 f i ConvexHullUtils.obj
 0001:000203d0       ?resize@?$Array@VHalfEdge@ConvexHull@physx@@VNamedAllocator@shdfnd@3@@shdfnd@physx@@QEAAXIAEBVHalfEdge@ConvexHull@3@@Z 00000001800213d0 f i ConvexHullUtils.obj
 0001:000204e0       ?resize@?$Array@VPxPlane@physx@@VNamedAllocator@shdfnd@2@@shdfnd@physx@@QEAAXIAEBVPxPlane@3@@Z 00000001800214e0 f i ConvexHullUtils.obj
 0001:00020640       ?resize@?$Array@VPxVec3@physx@@VNamedAllocator@shdfnd@2@@shdfnd@physx@@QEAAXIAEBVPxVec3@3@@Z 0000000180021640 f i ConvexHullUtils.obj
 0001:00020760       ??0ConvexMeshBuilder@physx@@QEAA@_N@Z 0000000180021760 f   ConvexMeshBuilder.obj
 0001:000207d0       ??1ConvexMeshBuilder@physx@@QEAA@XZ 00000001800217d0 f   ConvexMeshBuilder.obj
 0001:00020830       ?build@ConvexMeshBuilder@physx@@QEAA_NAEBVPxConvexMeshDesc@2@I_NPEAVConvexHullLib@2@@Z 0000000180021830 f   ConvexMeshBuilder.obj
 0001:00020b80       ?save@ConvexMeshBuilder@physx@@QEBA_NAEAVPxOutputStream@2@_N@Z 0000000180021b80 f   ConvexMeshBuilder.obj
 0001:00020da0       ?copy@ConvexMeshBuilder@physx@@QEAA_NAEAUConvexHullData@Gu@2@AEAI@Z 0000000180021da0 f   ConvexMeshBuilder.obj
 0001:00020e30       ?loadConvexHull@ConvexMeshBuilder@physx@@QEAA_NAEBVPxConvexMeshDesc@2@PEAVConvexHullLib@2@@Z 0000000180021e30 f   ConvexMeshBuilder.obj
 0001:000210e0       ?computeHullPolygons@ConvexMeshBuilder@physx@@QEAA_NAEBIPEBVPxVec3@2@0PEBIAEAVPxAllocatorCallback@2@AEAIAEAPEAV32@4AEAPEAI4AEAPEAUPxHullPolygon@2@@Z 00000001800220e0 f   ConvexMeshBuilder.obj
 0001:00021300       ?computeGaussMaps@ConvexMeshBuilder@physx@@QEAA_NXZ 0000000180022300 f   ConvexMeshBuilder.obj
 0001:00021420       ?computeMassInfo@ConvexMeshBuilder@physx@@QEAAX_N@Z 0000000180022420 f   ConvexMeshBuilder.obj
 0001:000217f0       ?computeInternalObjects@ConvexMeshBuilder@physx@@QEAAXXZ 00000001800227f0 f   ConvexMeshBuilder.obj
 0001:000221b0       ?isFinite@PxVec3@physx@@QEBA_NXZ 00000001800231b0 f i ConvexMeshBuilder.obj
 0001:00022220       ??0ConvexPolygonsBuilder@physx@@QEAA@PEAUConvexHullData@Gu@1@_N@Z 0000000180023220 f   ConvexPolygonsBuilder.obj
 0001:00022250       ??1ConvexPolygonsBuilder@physx@@QEAA@XZ 0000000180023250 f   ConvexPolygonsBuilder.obj
 0001:000222a0       ?computeHullPolygons@ConvexPolygonsBuilder@physx@@QEAA_NAEBIPEBVPxVec3@2@0PEBI@Z 00000001800232a0 f   ConvexPolygonsBuilder.obj
 0001:000225b0       ?createPolygonData@ConvexPolygonsBuilder@physx@@AEAA_NXZ 00000001800235b0 f   ConvexPolygonsBuilder.obj
 0001:00023230       ?createTrianglesFromPolygons@ConvexPolygonsBuilder@physx@@AEAA_NXZ 0000000180024230 f   ConvexPolygonsBuilder.obj
 0001:00024240       ??$copy@VNamedAllocator@shdfnd@physx@@@?$Array@VPair@@VNamedAllocator@shdfnd@physx@@@shdfnd@physx@@IEAAXAEBV012@@Z 0000000180025240 f i ConvexPolygonsBuilder.obj
 0001:00026f10       ?growAndPushBack@?$Array@VPair@@VNamedAllocator@shdfnd@physx@@@shdfnd@physx@@IEAAAEAVPair@@AEBV4@@Z 0000000180027f10 f i ConvexPolygonsBuilder.obj
 0001:00027050       ??0InflationConvexHullLib@physx@@QEAA@AEBVPxConvexMeshDesc@1@AEBUPxCookingParams@1@@Z 0000000180028050 f   InflationConvexHullLib.obj
 0001:00027090       ??1InflationConvexHullLib@physx@@UEAA@XZ 0000000180028090 f   InflationConvexHullLib.obj
 0001:00027120       ?createConvexHull@InflationConvexHullLib@physx@@UEAA?AW4Enum@PxConvexMeshCookingResult@2@XZ 0000000180028120 f   InflationConvexHullLib.obj
 0001:00027240       ?fillConvexMeshDesc@InflationConvexHullLib@physx@@UEAAXAEAVPxConvexMeshDesc@2@@Z 0000000180028240 f   InflationConvexHullLib.obj
 0001:000272c0       ?computeHull@InflationConvexHullLib@physx@@IEAA?AW4ErrorCode@ConvexHullLibResult@2@IPEBVPxVec3@2@@Z 00000001800282c0 f   InflationConvexHullLib.obj
 0001:00027500       ?calchull@InflationConvexHullLib@physx@@IEAA?AW4ErrorCode@ConvexHullLibResult@2@PEBVPxVec3@2@IAEAPEAVConvexHull@2@@Z 0000000180028500 f   InflationConvexHullLib.obj
 0001:000277c0       ?calchullgen@InflationConvexHullLib@physx@@IEAA?AW4ErrorCode@ConvexHullLibResult@2@PEBVPxVec3@2@IAEAVHullTriangles@local@@@Z 00000001800287c0 f   InflationConvexHullLib.obj
 0001:00028880       ?calchullplanes@InflationConvexHullLib@physx@@IEAA_NPEBVPxVec3@2@AEAVHullTriangles@local@@AEAV?$Array@VPxPlane@physx@@VNamedAllocator@shdfnd@2@@shdfnd@2@@Z 0000000180029880 f   InflationConvexHullLib.obj
 0001:00028fb0       ?overhull@InflationConvexHullLib@physx@@IEAA_NPEBVPxVec3@2@IAEBV?$Array@VPxPlane@physx@@VNamedAllocator@shdfnd@2@@shdfnd@2@AEAPEAVConvexHull@2@@Z 0000000180029fb0 f   InflationConvexHullLib.obj
 0001:00029640       ?expandHull@InflationConvexHullLib@physx@@IEAA?AW4ErrorCode@ConvexHullLibResult@2@PEBVPxVec3@2@IAEBVHullTriangles@local@@AEAPEAVConvexHull@2@@Z 000000018002a640 f   InflationConvexHullLib.obj
 0001:0002a730       ?expandHullOBB@InflationConvexHullLib@physx@@IEAA?AW4ErrorCode@ConvexHullLibResult@2@PEBVPxVec3@2@IAEBVHullTriangles@local@@AEAPEAVConvexHull@2@@Z 000000018002b730 f   InflationConvexHullLib.obj
 0001:0002ae60       ?maxIndexInDirFiltered@local@@YAHPEBVPxVec3@physx@@IAEBV23@PEA_N@Z 000000018002be60 f   InflationConvexHullLib.obj
 0001:0002b110       ?maxIndexInDirSterid@local@@YAHPEBVPxVec3@physx@@IAEBV23@AEAV?$Array@EVNamedAllocator@shdfnd@physx@@@shdfnd@3@@Z 000000018002c110 f   InflationConvexHullLib.obj
 0001:0002c710       ??_GConvexHull@physx@@QEAAPEAXI@Z 000000018002d710 f i InflationConvexHullLib.obj
 0001:0002c820       ??_GInflationConvexHullLib@physx@@UEAAPEAXI@Z 000000018002d820 f i InflationConvexHullLib.obj
 0001:0002c820       ??_EInflationConvexHullLib@physx@@UEAAPEAXI@Z 000000018002d820 f i InflationConvexHullLib.obj
 0001:0002c920       ?b2bfix@HullTriangles@local@@IEAAXPEAVTri@2@0@Z 000000018002d920 f i InflationConvexHullLib.obj
 0001:0002cdf0       ?createEdgeList@InflationConvexHullLib@physx@@UEAA_NIPEBEPEAPEAEPEAPEAG2@Z 000000018002ddf0 f i InflationConvexHullLib.obj
 0001:0002ce00       ?createTri@HullTriangles@local@@QEAAPEAVTri@2@HHH@Z 000000018002de00 f i InflationConvexHullLib.obj
 0001:0002cf40       ?findExtrudable@HullTriangles@local@@QEBAPEAVTri@2@M@Z 000000018002df40 f i InflationConvexHullLib.obj
 0001:0002da50       ?getNormal@Tri@local@@QEBA?AVPxVec3@physx@@PEBV34@@Z 000000018002ea50 f i InflationConvexHullLib.obj
 0001:0002dba0       ?growAndPushBack@?$Array@EVNamedAllocator@shdfnd@physx@@@shdfnd@physx@@IEAAAEAEAEBE@Z 000000018002eba0 f i InflationConvexHullLib.obj
 0001:0002dce0       ?growAndPushBack@?$Array@HVNamedAllocator@shdfnd@physx@@@shdfnd@physx@@IEAAAEAHAEBH@Z 000000018002ece0 f i InflationConvexHullLib.obj
 0001:0002de00       ?growAndPushBack@?$Array@PEAVTri@local@@VNamedAllocator@shdfnd@physx@@@shdfnd@physx@@IEAAAEAPEAVTri@local@@AEBQEAV45@@Z 000000018002ee00 f i InflationConvexHullLib.obj
 0001:0002df30       ?growAndPushBack@?$Array@UExpandPlane@local@@VNamedAllocator@shdfnd@physx@@@shdfnd@physx@@IEAAAEAUExpandPlane@local@@AEBU45@@Z 000000018002ef30 f i InflationConvexHullLib.obj
 0001:0002e2f0       ?neib@Tri@local@@QEAAAEAHHH@Z 000000018002f2f0 f i InflationConvexHullLib.obj
 0001:0002e3d0       ?recreate@?$Array@EVNamedAllocator@shdfnd@physx@@@shdfnd@physx@@IEAAXI@Z 000000018002f3d0 f i InflationConvexHullLib.obj
 0001:0002e4e0       ?recreate@?$Array@HVNamedAllocator@shdfnd@physx@@@shdfnd@physx@@IEAAXI@Z 000000018002f4e0 f i InflationConvexHullLib.obj
 0001:0002e5f0       ?recreate@?$Array@PEAVTri@local@@VNamedAllocator@shdfnd@physx@@@shdfnd@physx@@IEAAXI@Z 000000018002f5f0 f i InflationConvexHullLib.obj
 0001:0002e700       ?removeb2b@HullTriangles@local@@IEAAXPEAVTri@2@0@Z 000000018002f700 f i InflationConvexHullLib.obj
 0001:0002e790       ?resize@?$Array@HVNamedAllocator@shdfnd@physx@@@shdfnd@physx@@QEAAXIAEBH@Z 000000018002f790 f i InflationConvexHullLib.obj
 0001:0002e8a0       ??0QuickHullConvexHullLib@physx@@QEAA@AEBVPxConvexMeshDesc@1@AEBUPxCookingParams@1@@Z 000000018002f8a0 f   QuickHullConvexHullLib.obj
 0001:0002e9a0       ??1QuickHullConvexHullLib@physx@@UEAA@XZ 000000018002f9a0 f   QuickHullConvexHullLib.obj
 0001:0002ea70       ?createConvexHull@QuickHullConvexHullLib@physx@@UEAA?AW4Enum@PxConvexMeshCookingResult@2@XZ 000000018002fa70 f   QuickHullConvexHullLib.obj
 0001:0002f030       ?fillConvexMeshDesc@QuickHullConvexHullLib@physx@@UEAAXAEAVPxConvexMeshDesc@2@@Z 0000000180030030 f   QuickHullConvexHullLib.obj
 0001:0002f080       ?createEdgeList@QuickHullConvexHullLib@physx@@UEAA_NIPEBEPEAPEAEPEAPEAG2@Z 0000000180030080 f   QuickHullConvexHullLib.obj
 0001:0002f350       ?expandHullOBB@QuickHullConvexHullLib@physx@@IEAA?AW4Enum@PxConvexMeshCookingResult@2@XZ 0000000180030350 f   QuickHullConvexHullLib.obj
 0001:0002f7d0       ?expandHull@QuickHullConvexHullLib@physx@@IEAA?AW4Enum@PxConvexMeshCookingResult@2@XZ 00000001800307d0 f   QuickHullConvexHullLib.obj
 0001:00030090       ?cleanupForSimplex@QuickHullConvexHullLib@physx@@IEAA_NPEAVPxVec3@2@IPEAUQuickHullVertex@local@@1AEAM2@Z 0000000180031090 f   QuickHullConvexHullLib.obj
 0001:00030ca0       ?fillConvexMeshDescFromQuickHull@QuickHullConvexHullLib@physx@@IEAAXAEAVPxConvexMeshDesc@2@@Z 0000000180031ca0 f   QuickHullConvexHullLib.obj
 0001:00031040       ?fillConvexMeshDescFromCroppedHull@QuickHullConvexHullLib@physx@@IEAAXAEAVPxConvexMeshDesc@2@@Z 0000000180032040 f   QuickHullConvexHullLib.obj
 0001:00031240       ?getOppositeFaceDistance@QuickHullHalfEdge@local@@QEBAMXZ 0000000180032240 f   QuickHullConvexHullLib.obj
 0001:00031280       ?mergeAdjacentFace@QuickHullFace@local@@QEAA_NPEAUQuickHullHalfEdge@2@AEAV?$Array@PEAUQuickHullFace@local@@VNamedAllocator@shdfnd@physx@@@shdfnd@physx@@@Z 0000000180032280 f   QuickHullConvexHullLib.obj
 0001:000316d0       ?checkFaceConsistency@QuickHullFace@local@@QEAA_NXZ 00000001800326d0 f   QuickHullConvexHullLib.obj
 0001:000316e0       ?connectHalfEdges@QuickHullFace@local@@AEAAPEAU12@PEAUQuickHullHalfEdge@2@0@Z 00000001800326e0 f   QuickHullConvexHullLib.obj
 0001:00031a50       ??0QuickHull@local@@QEAA@AEBUPxCookingParams@physx@@AEBVPxConvexMeshDesc@3@@Z 0000000180032a50 f   QuickHullConvexHullLib.obj
 0001:00031c60       ??1QuickHull@local@@QEAA@XZ 0000000180032c60 f   QuickHullConvexHullLib.obj
 0001:00031dc0       ?preallocate@QuickHull@local@@QEAAXI@Z 0000000180032dc0 f   QuickHullConvexHullLib.obj
 0001:00031f10       ?parseInputVertices@QuickHull@local@@QEAAXPEBVPxVec3@physx@@I@Z 0000000180032f10 f   QuickHullConvexHullLib.obj
 0001:00032080       ?releaseHull@QuickHull@local@@QEAAXXZ 0000000180033080 f   QuickHullConvexHullLib.obj
 0001:000320e0       ?setPrecomputedMinMax@QuickHull@local@@QEAAXPEBUQuickHullVertex@2@0MM@Z 00000001800330e0 f   QuickHullConvexHullLib.obj
 0001:00032270       ?buildHull@QuickHull@local@@QEAA?AW4Enum@QuickHullResult@2@XZ 0000000180033270 f   QuickHullConvexHullLib.obj
 0001:000324d0       ?maxNumVertsPerFace@QuickHull@local@@QEBAIXZ 00000001800334d0 f   QuickHullConvexHullLib.obj
 0001:00032510       ?computeMinMaxVerts@QuickHull@local@@IEAAXXZ 0000000180033510 f   QuickHullConvexHullLib.obj
 0001:00032900       ?findSimplex@QuickHull@local@@IEAA_NXZ 0000000180033900 f   QuickHullConvexHullLib.obj
 0001:00033550       ?addSimplex@QuickHull@local@@IEAAXPEAUQuickHullVertex@2@_N@Z 0000000180034550 f   QuickHullConvexHullLib.obj
 0001:00033a20       ?nextPointToAdd@QuickHull@local@@IEAAPEAUQuickHullVertex@2@AEAPEAUQuickHullFace@2@@Z 0000000180034a20 f   QuickHullConvexHullLib.obj
 0001:00033b80       ?addPointToHull@QuickHull@local@@IEAA_NPEBUQuickHullVertex@2@AEAUQuickHullFace@2@AEA_N@Z 0000000180034b80 f   QuickHullConvexHullLib.obj
 0001:00033f90       ?createTriangle@QuickHull@local@@IEAAPEAUQuickHullFace@2@AEBUQuickHullVertex@2@00@Z 0000000180034f90 f   QuickHullConvexHullLib.obj
 0001:00034340       ?addPointToFace@QuickHull@local@@IEAAXAEAUQuickHullFace@2@PEAUQuickHullVertex@2@M@Z 0000000180035340 f   QuickHullConvexHullLib.obj
 0001:00034390       ?removeEyePointFromFace@QuickHull@local@@IEAAXAEAUQuickHullFace@2@PEBUQuickHullVertex@2@@Z 0000000180035390 f   QuickHullConvexHullLib.obj
 0001:000343b0       ?calculateHorizon@QuickHull@local@@IEAAXAEBVPxVec3@physx@@PEAUQuickHullHalfEdge@2@AEAUQuickHullFace@2@AEAV?$Array@PEAUQuickHullHalfEdge@local@@VNamedAllocator@shdfnd@physx@@@shdfnd@4@AEAV?$Array@PEAUQuickHullFace@local@@VNamedAllocator@shdfnd@physx@@@84@@Z 00000001800353b0 f   QuickHullConvexHullLib.obj
 0001:00034560       ?addNewFacesFromHorizon@QuickHull@local@@IEAAXPEBUQuickHullVertex@2@AEBV?$Array@PEAUQuickHullHalfEdge@local@@VNamedAllocator@shdfnd@physx@@@shdfnd@physx@@AEAV?$Array@PEAUQuickHullFace@local@@VNamedAllocator@shdfnd@physx@@@56@@Z 0000000180035560 f   QuickHullConvexHullLib.obj
 0001:000346b0       ?doAdjacentMerge@QuickHull@local@@IEAA_NAEAUQuickHullFace@2@_NAEA_N@Z 00000001800356b0 f   QuickHullConvexHullLib.obj
 0001:00034920       ?doPostAdjacentMerge@QuickHull@local@@IEAA_NAEAUQuickHullFace@2@M@Z 0000000180035920 f   QuickHullConvexHullLib.obj
 0001:00034a60       ?deleteFacePoints@QuickHull@local@@IEAAXAEAUQuickHullFace@2@PEAU32@@Z 0000000180035a60 f   QuickHullConvexHullLib.obj
 0001:00034b70       ?resolveUnclaimedPoints@QuickHull@local@@IEAAXAEBV?$Array@PEAUQuickHullFace@local@@VNamedAllocator@shdfnd@physx@@@shdfnd@physx@@@Z 0000000180035b70 f   QuickHullConvexHullLib.obj
 0001:00034dc0       ?postMergeHull@QuickHull@local@@IEAAXXZ 0000000180035dc0 f   QuickHullConvexHullLib.obj
 0001:00034f40       ?canMergeFaces@QuickHull@local@@IEAA_NAEBUQuickHullHalfEdge@2@@Z 0000000180035f40 f   QuickHullConvexHullLib.obj
 0001:000356d0       ?getExpandPoint@local@@YAXAEBUQuickHullHalfEdge@1@AEAUExpandPoint@1@PEBV?$Array@IVNamedAllocator@shdfnd@physx@@@shdfnd@physx@@@Z 00000001800366d0 f   QuickHullConvexHullLib.obj
 0001:00035770       ?addExpandPoint@local@@YAXAEBUExpandPoint@1@AEAV?$Array@UExpandPoint@local@@VNamedAllocator@shdfnd@physx@@@shdfnd@physx@@@Z 0000000180036770 f   QuickHullConvexHullLib.obj
 0001:00037440       ??0PxPlane@physx@@QEAA@AEBV01@@Z 0000000180038440 f i QuickHullConvexHullLib.obj
 0001:00037460       ??0QuickHullVertex@local@@QEAA@XZ 0000000180038460 f i QuickHullConvexHullLib.obj
 0001:00037470       ??1?$MemBlock@UQuickHullFace@local@@$00@local@@QEAA@XZ 0000000180038470 f i QuickHullConvexHullLib.obj
 0001:00037520       ??1?$MemBlock@UQuickHullHalfEdge@local@@$0A@@local@@QEAA@XZ 0000000180038520 f i QuickHullConvexHullLib.obj
 0001:000375d0       ??_EQuickHullConvexHullLib@physx@@UEAAPEAXI@Z 00000001800385d0 f i QuickHullConvexHullLib.obj
 0001:000375d0       ??_GQuickHullConvexHullLib@physx@@UEAAPEAXI@Z 00000001800385d0 f i QuickHullConvexHullLib.obj
 0001:00037710       ??__G@YAXPEAX0_K1P6APEAX00@Z@Z 0000000180038710 f i QuickHullConvexHullLib.obj
 0001:00037790       ?copy@?$Array@UExpandPoint@local@@VNamedAllocator@shdfnd@physx@@@shdfnd@physx@@KAXPEAUExpandPoint@local@@0PEBU45@@Z 0000000180038790 f i QuickHullConvexHullLib.obj
 0001:00037870       ?getFreeItem@?$MemBlock@UQuickHullFace@local@@$00@local@@QEAAPEAUQuickHullFace@2@XZ 0000000180038870 f i QuickHullConvexHullLib.obj
 0001:00037a00       ?getFreeItem@?$MemBlock@UQuickHullHalfEdge@local@@$0A@@local@@QEAAPEAUQuickHullHalfEdge@2@XZ 0000000180038a00 f i QuickHullConvexHullLib.obj
 0001:00037b20       ?growAndPushBack@?$Array@PEAUQuickHullFace@local@@VNamedAllocator@shdfnd@physx@@@shdfnd@physx@@IEAAAEAPEAUQuickHullFace@local@@AEBQEAU45@@Z 0000000180038b20 f i QuickHullConvexHullLib.obj
 0001:00037c50       ?growAndPushBack@?$Array@PEAUQuickHullHalfEdge@local@@VNamedAllocator@shdfnd@physx@@@shdfnd@physx@@IEAAAEAPEAUQuickHullHalfEdge@local@@AEBQEAU45@@Z 0000000180038c50 f i QuickHullConvexHullLib.obj
 0001:00037d80       ?growAndPushBack@?$Array@PEAUQuickHullVertex@local@@VNamedAllocator@shdfnd@physx@@@shdfnd@physx@@IEAAAEAPEAUQuickHullVertex@local@@AEBQEAU45@@Z 0000000180038d80 f i QuickHullConvexHullLib.obj
 0001:00037eb0       ?growAndPushBack@?$Array@UExpandPoint@local@@VNamedAllocator@shdfnd@physx@@@shdfnd@physx@@IEAAAEAUExpandPoint@local@@AEBU45@@Z 0000000180038eb0 f i QuickHullConvexHullLib.obj
 0001:00038020       ?init@?$MemBlock@UQuickHullFace@local@@$00@local@@QEAAXI@Z 0000000180039020 f i QuickHullConvexHullLib.obj
 0001:00038130       ?init@?$MemBlock@UQuickHullHalfEdge@local@@$0A@@local@@QEAAXI@Z 0000000180039130 f i QuickHullConvexHullLib.obj
 0001:000381f0       ?recreate@?$Array@PEAUQuickHullFace@local@@VNamedAllocator@shdfnd@physx@@@shdfnd@physx@@IEAAXI@Z 00000001800391f0 f i QuickHullConvexHullLib.obj
 0001:00038300       ?recreate@?$Array@PEAUQuickHullHalfEdge@local@@VNamedAllocator@shdfnd@physx@@@shdfnd@physx@@IEAAXI@Z 0000000180039300 f i QuickHullConvexHullLib.obj
 0001:00038410       ?recreate@?$Array@PEAUQuickHullVertex@local@@VNamedAllocator@shdfnd@physx@@@shdfnd@physx@@IEAAXI@Z 0000000180039410 f i QuickHullConvexHullLib.obj
 0001:00038520       ?recreate@?$Array@UExpandPoint@local@@VNamedAllocator@shdfnd@physx@@@shdfnd@physx@@IEAAXI@Z 0000000180039520 f i QuickHullConvexHullLib.obj
 0001:000385e0       ?computeVolumeIntegrals@physx@@YA_NAEBVPxSimpleTriangleMesh@1@MAEAUPxIntegrals@1@@Z 00000001800395e0 f   VolumeIntegration.obj
 0001:00038650       ?computeVolumeIntegralsEberly@physx@@YA_NAEBVPxConvexMeshDesc@1@MAEAUPxIntegrals@1@AEBVPxVec3@1@@Z 0000000180039650 f   VolumeIntegration.obj
 0001:000386a0       ?computeVolumeIntegralsEberlySIMD@physx@@YA_NAEBVPxConvexMeshDesc@1@MAEAUPxIntegrals@1@AEBVPxVec3@1@@Z 00000001800396a0 f   VolumeIntegration.obj
 0001:0003b440       ?ComputeNbBoundaryEdges@AdjTriangle@physx@@QEBAIXZ 000000018003c440 f   Adjacencies.obj
 0001:0003b490       ?ComputeNbNeighbors@AdjTriangle@physx@@QEBAIXZ 000000018003c490 f   Adjacencies.obj
 0001:0003b4e0       ?HasNeighbor@AdjTriangle@physx@@QEBA_NIPEAI@Z 000000018003c4e0 f   Adjacencies.obj
 0001:0003b550       ?Flip@AdjTriangle@physx@@QEAAXXZ 000000018003c550 f   Adjacencies.obj
 0001:0003b570       ??0Adjacencies@physx@@QEAA@XZ 000000018003c570 f   Adjacencies.obj
 0001:0003b590       ??1Adjacencies@physx@@QEAA@XZ 000000018003c590 f   Adjacencies.obj
 0001:0003b600       ?Load@Adjacencies@physx@@QEAA_NAEAVPxInputStream@2@@Z 000000018003c600 f   Adjacencies.obj
 0001:0003b730       ?ComputeNbBoundaryEdges@Adjacencies@physx@@QEBAIXZ 000000018003c730 f   Adjacencies.obj
 0001:0003b7b0       ?GetBoundaryVertices@Adjacencies@physx@@QEBA_NIPEA_NPEBU?$TriangleT@I@Gu@2@@Z 000000018003c7b0 f   Adjacencies.obj
 0001:0003b910       ?MakeLastRef@Adjacencies@physx@@QEAA_NAEAVAdjTriangle@2@IPEAU?$TriangleT@I@Gu@2@@Z 000000018003c910 f   Adjacencies.obj
 0001:0003bb40       ?AssignNewEdgeCode@Adjacencies@physx@@AEAAXIE@Z 000000018003cb40 f   Adjacencies.obj
 0001:0003bb90       ??0AdjacenciesBuilder@physx@@QEAA@XZ 000000018003cb90 f   Adjacencies.obj
 0001:0003bbb0       ??1AdjacenciesBuilder@physx@@QEAA@XZ 000000018003cbb0 f   Adjacencies.obj
 0001:0003bbc0       ?Init@AdjacenciesBuilder@physx@@QEAA_NAEBUADJACENCIESCREATE@2@@Z 000000018003cbc0 f   Adjacencies.obj
 0001:0003c280       ??0AdjEdge@@QEAA@XZ        000000018003d280 f i Adjacencies.obj
 0001:0003c290       ??0AdjTriangle@physx@@QEAA@XZ 000000018003d290 f i Adjacencies.obj
 0001:0003c2a0       ??1AdjEdge@@QEAA@XZ        000000018003d2a0 f i Adjacencies.obj
 0001:0003c2b0       ??1AdjTriangle@physx@@QEAA@XZ 000000018003d2b0 f i Adjacencies.obj
 0001:0003c2c0       ??_EAdjEdge@@QEAAPEAXI@Z   000000018003d2c0 f i Adjacencies.obj
 0001:0003c360       ??_EAdjTriangle@physx@@QEAAPEAXI@Z 000000018003d360 f i Adjacencies.obj
 0001:0003c400       ??_I@YAXPEAX_K1P6AX0@Z@Z   000000018003d400 f i Adjacencies.obj
 0001:0003ca50       PxCreateCooking            000000018003da50 f   Cooking.obj
 0001:0003cb70       ?release@Cooking@physx@@UEAAXXZ 000000018003db70 f   Cooking.obj
 0001:0003cba0       ?setParams@Cooking@physx@@UEAAXAEBUPxCookingParams@2@@Z 000000018003dba0 f   Cooking.obj
 0001:0003cc20       ?getParams@Cooking@physx@@UEBAAEBUPxCookingParams@2@XZ 000000018003dc20 f   Cooking.obj
 0001:0003cc30       ?platformMismatch@Cooking@physx@@UEBA_NXZ 000000018003dc30 f   Cooking.obj
 0001:0003cc50       ?cookTriangleMesh@Cooking@physx@@UEBA_NAEBVPxTriangleMeshDesc@2@AEAVPxOutputStream@2@PEAW4Enum@PxTriangleMeshCookingResult@2@@Z 000000018003dc50 f   Cooking.obj
 0001:0003cd10       ?createTriangleMesh@Cooking@physx@@UEBAPEAVPxTriangleMesh@2@AEBVPxTriangleMeshDesc@2@AEAVPxPhysicsInsertionCallback@2@@Z 000000018003dd10 f   Cooking.obj
 0001:0003ce80       ?validateTriangleMesh@Cooking@physx@@UEBA_NAEBVPxTriangleMeshDesc@2@@Z 000000018003de80 f   Cooking.obj
 0001:0003cf90       ?cookConvexMesh@Cooking@physx@@UEBA_NAEBVPxConvexMeshDesc@2@AEAVPxOutputStream@2@PEAW4Enum@PxConvexMeshCookingResult@2@@Z 000000018003df90 f   Cooking.obj
 0001:0003d200       ?createConvexMesh@Cooking@physx@@UEBAPEAVPxConvexMesh@2@AEBVPxConvexMeshDesc@2@AEAVPxPhysicsInsertionCallback@2@@Z 000000018003e200 f   Cooking.obj
 0001:0003d510       ?validateConvexMesh@Cooking@physx@@UEBA_NAEBVPxConvexMeshDesc@2@@Z 000000018003e510 f   Cooking.obj
 0001:0003d580       ?computeHullPolygons@Cooking@physx@@UEBA_NAEBVPxSimpleTriangleMesh@2@AEAVPxAllocatorCallback@2@AEAIAEAPEAVPxVec3@2@2AEAPEAI2AEAPEAUPxHullPolygon@2@@Z 000000018003e580 f   Cooking.obj
 0001:0003d760       ?cookHeightField@Cooking@physx@@UEBA_NAEBVPxHeightFieldDesc@2@AEAVPxOutputStream@2@@Z 000000018003e760 f   Cooking.obj
 0001:0003d8b0       ?createHeightField@Cooking@physx@@UEBAPEAVPxHeightField@2@AEBVPxHeightFieldDesc@2@AEAVPxPhysicsInsertionCallback@2@@Z 000000018003e8b0 f   Cooking.obj
 0001:0003dab0       ?cookConvexMeshInternal@Cooking@physx@@AEBA_NAEBVPxConvexMeshDesc@2@AEAVConvexMeshBuilder@2@PEAVConvexHullLib@2@PEAW4Enum@PxConvexMeshCookingResult@2@@Z 000000018003eab0 f   Cooking.obj
 0001:0003dda0       ?cookTriangleMesh@Cooking@physx@@AEBA_NAEAVTriangleMeshBuilder@2@AEBVPxTriangleMeshDesc@2@AEAVPxOutputStream@2@PEAW4Enum@PxTriangleMeshCookingResult@2@@Z 000000018003eda0 f   Cooking.obj
 0001:0003de60       ?createTriangleMesh@Cooking@physx@@AEBAPEAVPxTriangleMesh@2@AEAVTriangleMeshBuilder@2@AEBVPxTriangleMeshDesc@2@AEAVPxPhysicsInsertionCallback@2@@Z 000000018003ee60 f   Cooking.obj
 0001:0003e430       ??1PxCooking@physx@@MEAA@XZ 000000018003f430 f i Cooking.obj
 0001:0003e440       ??_ECooking@physx@@UEAAPEAXI@Z 000000018003f440 f i Cooking.obj
 0001:0003e440       ??_GCooking@physx@@UEAAPEAXI@Z 000000018003f440 f i Cooking.obj
 0001:0003e4a0       ??_GPxCooking@physx@@MEAAPEAXI@Z 000000018003f4a0 f i Cooking.obj
 0001:0003e4a0       ??_EPxCooking@physx@@MEAAPEAXI@Z 000000018003f4a0 f i Cooking.obj
 0001:0003e4e0       ??0ReducedVertexCloud@physx@@QEAA@PEBVPxVec3@1@I@Z 000000018003f4e0 f   CookingUtils.obj
 0001:0003e500       ??1ReducedVertexCloud@physx@@QEAA@XZ 000000018003f500 f   CookingUtils.obj
 0001:0003e510       ?Clean@ReducedVertexCloud@physx@@QEAAAEAV12@XZ 000000018003f510 f   CookingUtils.obj
 0001:0003e580       ?Reduce@ReducedVertexCloud@physx@@QEAA_NPEAUREDUCEDCLOUD@2@@Z 000000018003f580 f   CookingUtils.obj
 0001:0003e9a0       ??0EdgeList@Gu@physx@@QEAA@XZ 000000018003f9a0 f   EdgeList.obj
 0001:0003e9c0       ??1EdgeList@Gu@physx@@QEAA@XZ 000000018003f9c0 f   EdgeList.obj
 0001:0003ea70       ?load@EdgeList@Gu@physx@@QEAA_NAEAVPxInputStream@3@@Z 000000018003fa70 f   EdgeList.obj
 0001:0003ec90       ??0EdgeListBuilder@Gu@physx@@QEAA@XZ 000000018003fc90 f   EdgeList.obj
 0001:0003ecb0       ??1EdgeListBuilder@Gu@physx@@QEAA@XZ 000000018003fcb0 f   EdgeList.obj
 0001:0003ecc0       ?init@EdgeListBuilder@Gu@physx@@QEAA_NAEBUEDGELISTCREATE@23@@Z 000000018003fcc0 f   EdgeList.obj
 0001:0003ee00       ?createFacesToEdges@EdgeListBuilder@Gu@physx@@AEAA_NIPEBIPEBG@Z 000000018003fe00 f   EdgeList.obj
 0001:0003f310       ?createEdgesToFaces@EdgeListBuilder@Gu@physx@@AEAA_NIPEBIPEBG@Z 0000000180040310 f   EdgeList.obj
 0001:0003f570       ?computeActiveEdges@EdgeListBuilder@Gu@physx@@AEAA_NIPEBIPEBGPEBVPxVec3@3@M@Z 0000000180040570 f   EdgeList.obj
 0001:000414c0       ??0MeshCleaner@physx@@QEAA@IPEBVPxVec3@1@IPEBIM@Z 00000001800424c0 f   MeshCleaner.obj
 0001:00041e70       ??1MeshCleaner@physx@@QEAA@XZ 0000000180042e70 f   MeshCleaner.obj
 0001:00042190       ?createQuantizer@physx@@YAPEAVQuantizer@1@XZ 0000000180043190 f   Quantizer.obj
 0001:000422c0       ?kmeans_cluster3d@@YAIPEBVPxVec3@physx@@IIPEAV12@PEAIMM@Z 00000001800432c0 f   Quantizer.obj
 0001:00042320       ??$kmeans_cluster@VPxVec3@physx@@M@@YAIPEBVPxVec3@physx@@IIPEAV01@PEAIMM@Z 0000000180043320 f i Quantizer.obj
 0001:00042e30       ??1Quantizer@physx@@MEAA@XZ 0000000180043e30 f i Quantizer.obj
 0001:00042e40       ??1QuantizerImpl@@EEAA@XZ  0000000180043e40 f i Quantizer.obj
 0001:00042ee0       ??_GQuantizer@physx@@MEAAPEAXI@Z 0000000180043ee0 f i Quantizer.obj
 0001:00042ee0       ??_EQuantizer@physx@@MEAAPEAXI@Z 0000000180043ee0 f i Quantizer.obj
 0001:00042f20       ??_GQuantizerImpl@@EEAAPEAXI@Z 0000000180043f20 f i Quantizer.obj
 0001:00042f20       ??_EQuantizerImpl@@EEAAPEAXI@Z 0000000180043f20 f i Quantizer.obj
 0001:00043020       ?getDenormalizeCenter@QuantizerImpl@@UEBAAEBVPxVec3@physx@@XZ 0000000180044020 f i Quantizer.obj
 0001:00043030       ?getDenormalizeScale@QuantizerImpl@@UEBAAEBVPxVec3@physx@@XZ 0000000180044030 f i Quantizer.obj
 0001:00043040       ?kmeansQuantize3D@QuantizerImpl@@UEAAPEBVPxVec3@physx@@IPEBV23@I_NIAEAI@Z 0000000180044040 f i Quantizer.obj
 0001:00043380       ?normalizeInput@QuantizerImpl@@AEAAXIPEBVPxVec3@physx@@I@Z 0000000180044380 f i Quantizer.obj
 0001:00043890       ?release@QuantizerImpl@@UEAAXXZ 0000000180044890 f i Quantizer.obj
 0001:000438a6       LoadLibraryA               00000001800448a6 f   kernel32:KERNEL32.dll
 0001:000438ac       __imp_load_?getAllocator@shdfnd@physx@@YAAEAVPxAllocatorCallback@2@XZ 00000001800448ac f   PxFoundationCHECKED_x64:PxFoundationCHECKED_x64.dll
 0001:000438b8       ?getAllocator@shdfnd@physx@@YAAEAVPxAllocatorCallback@2@XZ 00000001800448b8 f   PxFoundationCHECKED_x64:PxFoundationCHECKED_x64.dll
 0001:000438be       __tailMerge_pxfoundationchecked_x64_dll 00000001800448be     PxFoundationCHECKED_x64:PxFoundationCHECKED_x64.dll
 0001:00043937       __imp_load_??0NamedAllocator@shdfnd@physx@@QEAA@PEBD@Z 0000000180044937 f   PxFoundationCHECKED_x64:PxFoundationCHECKED_x64.dll
 0001:00043943       ??0NamedAllocator@shdfnd@physx@@QEAA@PEBD@Z 0000000180044943 f   PxFoundationCHECKED_x64:PxFoundationCHECKED_x64.dll
 0001:00043949       __imp_load_??0NamedAllocator@shdfnd@physx@@QEAA@AEBV012@@Z 0000000180044949 f   PxFoundationCHECKED_x64:PxFoundationCHECKED_x64.dll
 0001:00043955       ??0NamedAllocator@shdfnd@physx@@QEAA@AEBV012@@Z 0000000180044955 f   PxFoundationCHECKED_x64:PxFoundationCHECKED_x64.dll
 0001:0004395b       __imp_load_??1NamedAllocator@shdfnd@physx@@QEAA@XZ 000000018004495b f   PxFoundationCHECKED_x64:PxFoundationCHECKED_x64.dll
 0001:00043967       ??1NamedAllocator@shdfnd@physx@@QEAA@XZ 0000000180044967 f   PxFoundationCHECKED_x64:PxFoundationCHECKED_x64.dll
 0001:0004396d       __imp_load_?allocate@NamedAllocator@shdfnd@physx@@QEAAPEAX_KPEBDH@Z 000000018004496d f   PxFoundationCHECKED_x64:PxFoundationCHECKED_x64.dll
 0001:00043979       ?allocate@NamedAllocator@shdfnd@physx@@QEAAPEAX_KPEBDH@Z 0000000180044979 f   PxFoundationCHECKED_x64:PxFoundationCHECKED_x64.dll
 0001:0004397f       __imp_load_?deallocate@NamedAllocator@shdfnd@physx@@QEAAXPEAX@Z 000000018004497f f   PxFoundationCHECKED_x64:PxFoundationCHECKED_x64.dll
 0001:0004398b       ?deallocate@NamedAllocator@shdfnd@physx@@QEAAXPEAX@Z 000000018004498b f   PxFoundationCHECKED_x64:PxFoundationCHECKED_x64.dll
 0001:00043991       __imp_load_?allocate@TempAllocator@shdfnd@physx@@QEAAPEAX_KPEBDH@Z 0000000180044991 f   PxFoundationCHECKED_x64:PxFoundationCHECKED_x64.dll
 0001:0004399d       ?allocate@TempAllocator@shdfnd@physx@@QEAAPEAX_KPEBDH@Z 000000018004499d f   PxFoundationCHECKED_x64:PxFoundationCHECKED_x64.dll
 0001:000439a3       __imp_load_?deallocate@TempAllocator@shdfnd@physx@@QEAAXPEAX@Z 00000001800449a3 f   PxFoundationCHECKED_x64:PxFoundationCHECKED_x64.dll
 0001:000439af       ?deallocate@TempAllocator@shdfnd@physx@@QEAAXPEAX@Z 00000001800449af f   PxFoundationCHECKED_x64:PxFoundationCHECKED_x64.dll
 0001:000439b5       __imp_load_PxGetFoundation 00000001800449b5 f   PxFoundationCHECKED_x64:PxFoundationCHECKED_x64.dll
 0001:000439c1       PxGetFoundation            00000001800449c1 f   PxFoundationCHECKED_x64:PxFoundationCHECKED_x64.dll
 0001:000439c7       __imp_load_?getInstance@Foundation@shdfnd@physx@@SAAEAV123@XZ 00000001800449c7 f   PxFoundationCHECKED_x64:PxFoundationCHECKED_x64.dll
 0001:000439d3       ?getInstance@Foundation@shdfnd@physx@@SAAEAV123@XZ 00000001800449d3 f   PxFoundationCHECKED_x64:PxFoundationCHECKED_x64.dll
 0001:000439d9       __imp_load_?error@Foundation@shdfnd@physx@@QEAAXW4Enum@PxErrorCode@3@PEBDH1ZZ 00000001800449d9 f   PxFoundationCHECKED_x64:PxFoundationCHECKED_x64.dll
 0001:000439e5       ?error@Foundation@shdfnd@physx@@QEAAXW4Enum@PxErrorCode@3@PEBDH1ZZ 00000001800449e5 f   PxFoundationCHECKED_x64:PxFoundationCHECKED_x64.dll
 0001:000439eb       __imp_load_?PxDiagonalize@physx@@YA?AVPxVec3@1@AEBVPxMat33@1@AEAVPxQuat@1@@Z 00000001800449eb f   PxFoundationCHECKED_x64:PxFoundationCHECKED_x64.dll
 0001:000439f7       ?PxDiagonalize@physx@@YA?AVPxVec3@1@AEBVPxMat33@1@AEAVPxQuat@1@@Z 00000001800449f7 f   PxFoundationCHECKED_x64:PxFoundationCHECKED_x64.dll
 0001:000439fd       __imp_load_?incRefCount@Foundation@shdfnd@physx@@SAXXZ 00000001800449fd f   PxFoundationCHECKED_x64:PxFoundationCHECKED_x64.dll
 0001:00043a09       ?incRefCount@Foundation@shdfnd@physx@@SAXXZ 0000000180044a09 f   PxFoundationCHECKED_x64:PxFoundationCHECKED_x64.dll
 0001:00043a0f       __imp_load_?decRefCount@Foundation@shdfnd@physx@@SAXXZ 0000000180044a0f f   PxFoundationCHECKED_x64:PxFoundationCHECKED_x64.dll
 0001:00043a1b       ?decRefCount@Foundation@shdfnd@physx@@SAXXZ 0000000180044a1b f   PxFoundationCHECKED_x64:PxFoundationCHECKED_x64.dll
 0001:00043a21       __imp_load_??0FPUGuard@shdfnd@physx@@QEAA@XZ 0000000180044a21 f   PxFoundationCHECKED_x64:PxFoundationCHECKED_x64.dll
 0001:00043a2d       ??0FPUGuard@shdfnd@physx@@QEAA@XZ 0000000180044a2d f   PxFoundationCHECKED_x64:PxFoundationCHECKED_x64.dll
 0001:00043a33       __imp_load_??1FPUGuard@shdfnd@physx@@QEAA@XZ 0000000180044a33 f   PxFoundationCHECKED_x64:PxFoundationCHECKED_x64.dll
 0001:00043a3f       ??1FPUGuard@shdfnd@physx@@QEAA@XZ 0000000180044a3f f   PxFoundationCHECKED_x64:PxFoundationCHECKED_x64.dll
 0001:00043a45       __imp_load_?writeWord@physx@@YAXG_NAEAVPxOutputStream@1@@Z 0000000180044a45 f   PhysX3CommonCHECKED_x64:PhysX3CommonCHECKED_x64.dll
 0001:00043a51       ?writeWord@physx@@YAXG_NAEAVPxOutputStream@1@@Z 0000000180044a51 f   PhysX3CommonCHECKED_x64:PhysX3CommonCHECKED_x64.dll
 0001:00043a57       __tailMerge_physx3commonchecked_x64_dll 0000000180044a57     PhysX3CommonCHECKED_x64:PhysX3CommonCHECKED_x64.dll
 0001:00043ad0       __imp_load_?writeDword@physx@@YAXI_NAEAVPxOutputStream@1@@Z 0000000180044ad0 f   PhysX3CommonCHECKED_x64:PhysX3CommonCHECKED_x64.dll
 0001:00043adc       ?writeDword@physx@@YAXI_NAEAVPxOutputStream@1@@Z 0000000180044adc f   PhysX3CommonCHECKED_x64:PhysX3CommonCHECKED_x64.dll
 0001:00043ae2       __imp_load_?writeFloat@physx@@YAXM_NAEAVPxOutputStream@1@@Z 0000000180044ae2 f   PhysX3CommonCHECKED_x64:PhysX3CommonCHECKED_x64.dll
 0001:00043aee       ?writeFloat@physx@@YAXM_NAEAVPxOutputStream@1@@Z 0000000180044aee f   PhysX3CommonCHECKED_x64:PhysX3CommonCHECKED_x64.dll
 0001:00043af4       __imp_load_?writeHeader@physx@@YA_NCCCCI_NAEAVPxOutputStream@1@@Z 0000000180044af4 f   PhysX3CommonCHECKED_x64:PhysX3CommonCHECKED_x64.dll
 0001:00043b00       ?writeHeader@physx@@YA_NCCCCI_NAEAVPxOutputStream@1@@Z 0000000180044b00 f   PhysX3CommonCHECKED_x64:PhysX3CommonCHECKED_x64.dll
 0001:00043b06       __imp_load_??0SourceMesh@Gu@physx@@QEAA@XZ 0000000180044b06 f   PhysX3CommonCHECKED_x64:PhysX3CommonCHECKED_x64.dll
 0001:00043b12       ??0SourceMesh@Gu@physx@@QEAA@XZ 0000000180044b12 f   PhysX3CommonCHECKED_x64:PhysX3CommonCHECKED_x64.dll
 0001:00043b18       __imp_load_??1SourceMesh@Gu@physx@@QEAA@XZ 0000000180044b18 f   PhysX3CommonCHECKED_x64:PhysX3CommonCHECKED_x64.dll
 0001:00043b24       ??1SourceMesh@Gu@physx@@QEAA@XZ 0000000180044b24 f   PhysX3CommonCHECKED_x64:PhysX3CommonCHECKED_x64.dll
 0001:00043b2a       __imp_load_??0BV4Tree@Gu@physx@@QEAA@XZ 0000000180044b2a f   PhysX3CommonCHECKED_x64:PhysX3CommonCHECKED_x64.dll
 0001:00043b36       ??0BV4Tree@Gu@physx@@QEAA@XZ 0000000180044b36 f   PhysX3CommonCHECKED_x64:PhysX3CommonCHECKED_x64.dll
 0001:00043b3c       __imp_load_??1BV4Tree@Gu@physx@@QEAA@XZ 0000000180044b3c f   PhysX3CommonCHECKED_x64:PhysX3CommonCHECKED_x64.dll
 0001:00043b48       ??1BV4Tree@Gu@physx@@QEAA@XZ 0000000180044b48 f   PhysX3CommonCHECKED_x64:PhysX3CommonCHECKED_x64.dll
 0001:00043b4e       __imp_load_??0BV32Tree@Gu@physx@@QEAA@XZ 0000000180044b4e f   PhysX3CommonCHECKED_x64:PhysX3CommonCHECKED_x64.dll
 0001:00043b5a       ??0BV32Tree@Gu@physx@@QEAA@XZ 0000000180044b5a f   PhysX3CommonCHECKED_x64:PhysX3CommonCHECKED_x64.dll
 0001:00043b60       __imp_load_??1BV32Tree@Gu@physx@@QEAA@XZ 0000000180044b60 f   PhysX3CommonCHECKED_x64:PhysX3CommonCHECKED_x64.dll
 0001:00043b6c       ??1BV32Tree@Gu@physx@@QEAA@XZ 0000000180044b6c f   PhysX3CommonCHECKED_x64:PhysX3CommonCHECKED_x64.dll
 0001:00043b72       __imp_load_?writeFloatBuffer@physx@@YAXPEBMI_NAEAVPxOutputStream@1@@Z 0000000180044b72 f   PhysX3CommonCHECKED_x64:PhysX3CommonCHECKED_x64.dll
 0001:00043b7e       ?writeFloatBuffer@physx@@YAXPEBMI_NAEAVPxOutputStream@1@@Z 0000000180044b7e f   PhysX3CommonCHECKED_x64:PhysX3CommonCHECKED_x64.dll
 0001:00043b84       __imp_load_?writeWordBuffer@physx@@YAXPEBGI_NAEAVPxOutputStream@1@@Z 0000000180044b84 f   PhysX3CommonCHECKED_x64:PhysX3CommonCHECKED_x64.dll
 0001:00043b90       ?writeWordBuffer@physx@@YAXPEBGI_NAEAVPxOutputStream@1@@Z 0000000180044b90 f   PhysX3CommonCHECKED_x64:PhysX3CommonCHECKED_x64.dll
 0001:00043b96       __imp_load_?computeMaxIndex@physx@@YAIPEBII@Z 0000000180044b96 f   PhysX3CommonCHECKED_x64:PhysX3CommonCHECKED_x64.dll
 0001:00043ba2       ?computeMaxIndex@physx@@YAIPEBII@Z 0000000180044ba2 f   PhysX3CommonCHECKED_x64:PhysX3CommonCHECKED_x64.dll
 0001:00043ba8       __imp_load_?storeIndices@physx@@YAXIIPEBIAEAVPxOutputStream@1@_N@Z 0000000180044ba8 f   PhysX3CommonCHECKED_x64:PhysX3CommonCHECKED_x64.dll
 0001:00043bb4       ?storeIndices@physx@@YAXIIPEBIAEAVPxOutputStream@1@_N@Z 0000000180044bb4 f   PhysX3CommonCHECKED_x64:PhysX3CommonCHECKED_x64.dll
 0001:00043bba       __imp_load_?computeBoundsAroundVertices@Gu@physx@@YAXAEAVPxBounds3@2@IPEIBVPxVec3@2@@Z 0000000180044bba f   PhysX3CommonCHECKED_x64:PhysX3CommonCHECKED_x64.dll
 0001:00043bc6       ?computeBoundsAroundVertices@Gu@physx@@YAXAEAVPxBounds3@2@IPEIBVPxVec3@2@@Z 0000000180044bc6 f   PhysX3CommonCHECKED_x64:PhysX3CommonCHECKED_x64.dll
 0001:00043bcc       __imp_load_?BuildBV4Ex@Gu@physx@@YA_NAEAVBV4Tree@12@AEAVSourceMesh@12@MI@Z 0000000180044bcc f   PhysX3CommonCHECKED_x64:PhysX3CommonCHECKED_x64.dll
 0001:00043bd8       ?BuildBV4Ex@Gu@physx@@YA_NAEAVBV4Tree@12@AEAVSourceMesh@12@MI@Z 0000000180044bd8 f   PhysX3CommonCHECKED_x64:PhysX3CommonCHECKED_x64.dll
 0001:00043bde       __imp_load_?BuildBV32Ex@Gu@physx@@YA_NAEAVBV32Tree@12@AEAVSourceMesh@12@MI@Z 0000000180044bde f   PhysX3CommonCHECKED_x64:PhysX3CommonCHECKED_x64.dll
 0001:00043bea       ?BuildBV32Ex@Gu@physx@@YA_NAEAVBV32Tree@12@AEAVSourceMesh@12@MI@Z 0000000180044bea f   PhysX3CommonCHECKED_x64:PhysX3CommonCHECKED_x64.dll
 0001:00043bf0       __imp_load_?computeMaxIndex@physx@@YAGPEBGI@Z 0000000180044bf0 f   PhysX3CommonCHECKED_x64:PhysX3CommonCHECKED_x64.dll
 0001:00043bfc       ?computeMaxIndex@physx@@YAGPEBGI@Z 0000000180044bfc f   PhysX3CommonCHECKED_x64:PhysX3CommonCHECKED_x64.dll
 0001:00043c02       __imp_load_?WriteHeader@Gu@physx@@YA_NEEEEI_NAEAVPxOutputStream@2@@Z 0000000180044c02 f   PhysX3CommonCHECKED_x64:PhysX3CommonCHECKED_x64.dll
 0001:00043c0e       ?WriteHeader@Gu@physx@@YA_NEEEEI_NAEAVPxOutputStream@2@@Z 0000000180044c0e f   PhysX3CommonCHECKED_x64:PhysX3CommonCHECKED_x64.dll
 0001:00043c14       __imp_load_?StoreIndices@Gu@physx@@YAXGIPEBGAEAVPxOutputStream@2@_N@Z 0000000180044c14 f   PhysX3CommonCHECKED_x64:PhysX3CommonCHECKED_x64.dll
 0001:00043c20       ?StoreIndices@Gu@physx@@YAXGIPEBGAEAVPxOutputStream@2@_N@Z 0000000180044c20 f   PhysX3CommonCHECKED_x64:PhysX3CommonCHECKED_x64.dll
 0001:00043c26       __imp_load_?CreateOffsets@BigConvexData@physx@@IEAAXXZ 0000000180044c26 f   PhysX3CommonCHECKED_x64:PhysX3CommonCHECKED_x64.dll
 0001:00043c32       ?CreateOffsets@BigConvexData@physx@@IEAAXXZ 0000000180044c32 f   PhysX3CommonCHECKED_x64:PhysX3CommonCHECKED_x64.dll
 0001:00043c38       __imp_load_??0RadixSortBuffered@Cm@physx@@QEAA@XZ 0000000180044c38 f   PhysX3CommonCHECKED_x64:PhysX3CommonCHECKED_x64.dll
 0001:00043c44       ??0RadixSortBuffered@Cm@physx@@QEAA@XZ 0000000180044c44 f   PhysX3CommonCHECKED_x64:PhysX3CommonCHECKED_x64.dll
 0001:00043c4a       __imp_load_??1RadixSortBuffered@Cm@physx@@UEAA@XZ 0000000180044c4a f   PhysX3CommonCHECKED_x64:PhysX3CommonCHECKED_x64.dll
 0001:00043c56       ??1RadixSortBuffered@Cm@physx@@UEAA@XZ 0000000180044c56 f   PhysX3CommonCHECKED_x64:PhysX3CommonCHECKED_x64.dll
 0001:00043c5c       __imp_load_?Sort@RadixSortBuffered@Cm@physx@@QEAAAEAV123@PEBIIW4RadixHint@23@@Z 0000000180044c5c f   PhysX3CommonCHECKED_x64:PhysX3CommonCHECKED_x64.dll
 0001:00043c68       ?Sort@RadixSortBuffered@Cm@physx@@QEAAAEAV123@PEBIIW4RadixHint@23@@Z 0000000180044c68 f   PhysX3CommonCHECKED_x64:PhysX3CommonCHECKED_x64.dll
 0001:00043c6e       __imp_load_?computeOBBPoints@Gu@physx@@YAXPEIAVPxVec3@2@AEBV32@1111@Z 0000000180044c6e f   PhysX3CommonCHECKED_x64:PhysX3CommonCHECKED_x64.dll
 0001:00043c7a       ?computeOBBPoints@Gu@physx@@YAXPEIAVPxVec3@2@AEBV32@1111@Z 0000000180044c7a f   PhysX3CommonCHECKED_x64:PhysX3CommonCHECKED_x64.dll
 0001:00043c80       __imp_load_??0BigConvexData@physx@@QEAA@XZ 0000000180044c80 f   PhysX3CommonCHECKED_x64:PhysX3CommonCHECKED_x64.dll
 0001:00043c8c       ??0BigConvexData@physx@@QEAA@XZ 0000000180044c8c f   PhysX3CommonCHECKED_x64:PhysX3CommonCHECKED_x64.dll
 0001:00043c92       __imp_load_??1BigConvexData@physx@@QEAA@XZ 0000000180044c92 f   PhysX3CommonCHECKED_x64:PhysX3CommonCHECKED_x64.dll
 0001:00043c9e       ??1BigConvexData@physx@@QEAA@XZ 0000000180044c9e f   PhysX3CommonCHECKED_x64:PhysX3CommonCHECKED_x64.dll
 0001:00043ca4       __imp_load_?readDword@physx@@YAI_NAEAVPxInputStream@1@@Z 0000000180044ca4 f   PhysX3CommonCHECKED_x64:PhysX3CommonCHECKED_x64.dll
 0001:00043cb0       ?readDword@physx@@YAI_NAEAVPxInputStream@1@@Z 0000000180044cb0 f   PhysX3CommonCHECKED_x64:PhysX3CommonCHECKED_x64.dll
 0001:00043cb6       __imp_load_?ReadHeader@Gu@physx@@YA_NEEEEAEAIAEA_NAEAVPxInputStream@2@@Z 0000000180044cb6 f   PhysX3CommonCHECKED_x64:PhysX3CommonCHECKED_x64.dll
 0001:00043cc2       ?ReadHeader@Gu@physx@@YA_NEEEEAEAIAEA_NAEAVPxInputStream@2@@Z 0000000180044cc2 f   PhysX3CommonCHECKED_x64:PhysX3CommonCHECKED_x64.dll
 0001:00043cc8       __imp_load_??0HeightField@Gu@physx@@QEAA@PEAVGuMeshFactory@2@@Z 0000000180044cc8 f   PhysX3CommonCHECKED_x64:PhysX3CommonCHECKED_x64.dll
 0001:00043cd4       ??0HeightField@Gu@physx@@QEAA@PEAVGuMeshFactory@2@@Z 0000000180044cd4 f   PhysX3CommonCHECKED_x64:PhysX3CommonCHECKED_x64.dll
 0001:00043cda       __imp_load_?loadFromDesc@HeightField@Gu@physx@@QEAA_NAEBVPxHeightFieldDesc@3@@Z 0000000180044cda f   PhysX3CommonCHECKED_x64:PhysX3CommonCHECKED_x64.dll
 0001:00043ce6       ?loadFromDesc@HeightField@Gu@physx@@QEAA_NAEBVPxHeightFieldDesc@3@@Z 0000000180044ce6 f   PhysX3CommonCHECKED_x64:PhysX3CommonCHECKED_x64.dll
 0001:00043cec       __imp_load_?releaseMemory@HeightField@Gu@physx@@QEAAXXZ 0000000180044cec f   PhysX3CommonCHECKED_x64:PhysX3CommonCHECKED_x64.dll
 0001:00043cf8       ?releaseMemory@HeightField@Gu@physx@@QEAAXXZ 0000000180044cf8 f   PhysX3CommonCHECKED_x64:PhysX3CommonCHECKED_x64.dll
 0001:00043cfe       __imp_load_??1HeightField@Gu@physx@@UEAA@XZ 0000000180044cfe f   PhysX3CommonCHECKED_x64:PhysX3CommonCHECKED_x64.dll
 0001:00043d0a       ??1HeightField@Gu@physx@@UEAA@XZ 0000000180044d0a f   PhysX3CommonCHECKED_x64:PhysX3CommonCHECKED_x64.dll
 0001:00043d10       ??$PFromRva@PEAP6A_JXZ@@YAPEAP6A_JXZK@Z 0000000180044d10 f i delayimp:delayhlp.obj
 0001:00043d20       ??$PFromRva@PEAPEAUHINSTANCE__@@@@YAPEAPEAUHINSTANCE__@@K@Z 0000000180044d20 f i delayimp:delayhlp.obj
 0001:00043d30       ??$PFromRva@PEAU_IMAGE_IMPORT_BY_NAME@@@@YAPEAU_IMAGE_IMPORT_BY_NAME@@K@Z 0000000180044d30 f i delayimp:delayhlp.obj
 0001:00043d40       ??$PFromRva@PEAU_IMAGE_THUNK_DATA64@@@@YAPEAU_IMAGE_THUNK_DATA64@@K@Z 0000000180044d40 f i delayimp:delayhlp.obj
 0001:00043d50       ??$PFromRva@PEBD@@YAPEBDK@Z 0000000180044d50 f i delayimp:delayhlp.obj
 0001:00043d60       ??$PFromRva@PEBUImgDelayDescr@@@@YAPEBUImgDelayDescr@@K@Z 0000000180044d60 f i delayimp:delayhlp.obj
 0001:00043d70       ??$PFromRva@PEBU_IMAGE_THUNK_DATA64@@@@YAPEBU_IMAGE_THUNK_DATA64@@K@Z 0000000180044d70 f i delayimp:delayhlp.obj
 0001:00043d80       ?CountOfImports@@YAIPEBU_IMAGE_THUNK_DATA64@@@Z 0000000180044d80 f i delayimp:delayhlp.obj
 0001:00043d9c       ?DloadAcquireSectionWriteAccess@@YAXXZ 0000000180044d9c f i delayimp:delayhlp.obj
 0001:00043e84       ?DloadGetSRWLockFunctionPointers@@YAEXZ 0000000180044e84 f i delayimp:delayhlp.obj
 0001:00043f48       ?DloadLock@@YAXXZ          0000000180044f48 f i delayimp:delayhlp.obj
 0001:00043fb0       ?DloadMakePermanentImageCommit@@YAXPEAX_K@Z 0000000180044fb0 f i delayimp:delayhlp.obj
 0001:00044070       ?DloadObtainSection@@YAPEAXPEAK0@Z 0000000180045070 f i delayimp:delayhlp.obj
 0001:00044128       ?DloadProtectSection@@YAXKPEAK@Z 0000000180045128 f i delayimp:delayhlp.obj
 0001:000441dc       ?DloadReleaseSectionWriteAccess@@YAXXZ 00000001800451dc f i delayimp:delayhlp.obj
 0001:000442ac       ?DloadUnlock@@YAXXZ        00000001800452ac f i delayimp:delayhlp.obj
 0001:0004430c       ?IndexFromPImgThunkData@@YAIPEBU_IMAGE_THUNK_DATA64@@0@Z 000000018004530c f i delayimp:delayhlp.obj
 0001:000444a0       HRESULT_FROM_WIN32         00000001800454a0 f i delayimp:delayhlp.obj
 0001:000444b4       ReadAcquire64              00000001800454b4 f i delayimp:delayhlp.obj
 0001:000444b8       ReadPointerAcquire         00000001800454b8 f i delayimp:delayhlp.obj
 0001:000444bc       WritePointerRelease        00000001800454bc f i delayimp:delayhlp.obj
 0001:000444c0       WriteRelease64             00000001800454c0 f i delayimp:delayhlp.obj
 0001:000444c4       __FUnloadDelayLoadedDLL2   00000001800454c4 f   delayimp:delayhlp.obj
 0001:000445ac       __HrLoadAllImportsForDll   00000001800455ac f   delayimp:delayhlp.obj
 0001:0004463c       __delayLoadHelper2         000000018004563c f   delayimp:delayhlp.obj
 0001:00044a00       _alloca_probe              0000000180045a00 f   LIBCMT:_chkstk_.obj
 0001:00044a00       __chkstk                   0000000180045a00 f   LIBCMT:_chkstk_.obj
 0001:00044a6c       ??3@YAXPEAX_K@Z            0000000180045a6c f   LIBCMT:delete_scalar_size.obj
 0001:00044a74       ?__scrt_initialize_type_info@@YAXXZ 0000000180045a74 f   LIBCMT:tncleanup.obj
 0001:00044a88       ?__scrt_uninitialize_type_info@@YAXXZ 0000000180045a88 f   LIBCMT:tncleanup.obj
 0001:00044a98       ??1type_info@@UEAA@XZ      0000000180045a98 f   LIBCMT:std_type_info_static.obj
 0001:00044aa8       ??_Etype_info@@UEAAPEAXI@Z 0000000180045aa8 f i LIBCMT:std_type_info_static.obj
 0001:00044aa8       ??_Gtype_info@@UEAAPEAXI@Z 0000000180045aa8 f i LIBCMT:std_type_info_static.obj
 0001:00044ae0       __vdecl_sinf4              0000000180045ae0 f   LIBCMT:_svml_ssinf4_dispatch_.obj
 0001:00044af0       __libm_sse2_sincosf_       0000000180045af0 f   LIBCMT:_svml_ssinf4_dispatch_.obj
 0001:00044b36       __libm_sse2_sincosf4_      0000000180045b36 f   LIBCMT:_svml_ssinf4_dispatch_.obj
 0001:00044fdc       _CRT_INIT                  0000000180045fdc f   LIBCMT:dll_dllmain.obj
 0001:00044fe4       _DllMainCRTStartup         0000000180045fe4 f   LIBCMT:dll_dllmain.obj
 0001:00045030       _guard_check_icall_nop     0000000180046030 f i LIBCMT:guard_support.obj
 0001:00045034       ReadNoFence64              0000000180046034 f i LIBCMT:guard_support.obj
 0001:00045038       ReadPointerNoFence         0000000180046038 f i LIBCMT:guard_support.obj
 0001:0004503c       __guard_ss_common_verify_stub 000000018004603c f i LIBCMT:guard_support.obj
 0001:00045040       _guard_icall_checks_enforced 0000000180046040 f i LIBCMT:guard_support.obj
 0001:0004505c       _guard_rf_checks_enforced  000000018004605c f i LIBCMT:guard_support.obj
 0001:00045078       ??3@YAXPEAX@Z              0000000180046078 f   LIBCMT:delete_scalar.obj
 0001:00045080       __sse2_sinf4               0000000180046080 f   LIBCMT:_svml_ssinf4_sse2_.obj
 0001:00045bf8       __security_init_cookie     0000000180046bf8 f   LIBCMT:gs_support.obj
 0001:00045cd0       DllMain                    0000000180046cd0 f   LIBCMT:dll_dllmain_stub.obj
 0001:00045cd8       __local_stdio_printf_options 0000000180046cd8 f i LIBCMT:default_local_stdio_options.obj
 0001:00045ce4       __local_stdio_scanf_options 0000000180046ce4 f i LIBCMT:default_local_stdio_options.obj
 0001:00045cf0       __scrt_initialize_default_local_stdio_options 0000000180046cf0 f   LIBCMT:default_local_stdio_options.obj
 0001:00045d14       ??$__crt_fast_decode_pointer@PEAP6AXXZ@@YAPEAP6AXXZQEAP6AXXZ@Z 0000000180046d14 f i LIBCMT:utility.obj
 0001:00045d30       ??$__crt_fast_encode_pointer@PEAP6AXXZ@@YAPEAP6AXXZQEAP6AXXZ@Z 0000000180046d30 f i LIBCMT:utility.obj
 0001:00045d58       ?__crt_rotate_pointer_value@@YA_K_KH@Z 0000000180046d58 f i LIBCMT:utility.obj
 0001:00045d64       ?configure_argv@__scrt_narrow_argv_policy@@SAHXZ 0000000180046d64 f i LIBCMT:utility.obj
 0001:00045ddc       ?initialize_environment@__scrt_narrow_environment_policy@@SAHXZ 0000000180046ddc f i LIBCMT:utility.obj
 0001:00045e20       NtCurrentTeb               0000000180046e20 f i LIBCMT:utility.obj
 0001:00045e2c       __scrt_acquire_startup_lock 0000000180046e2c f   LIBCMT:utility.obj
 0001:00045e74       __scrt_dllmain_after_initialize_c 0000000180046e74 f   LIBCMT:utility.obj
 0001:00045eb8       __scrt_dllmain_before_initialize_c 0000000180046eb8 f   LIBCMT:utility.obj
 0001:00045ed4       __scrt_dllmain_crt_thread_attach 0000000180046ed4 f   LIBCMT:utility.obj
 0001:00045f08       __scrt_dllmain_crt_thread_detach 0000000180046f08 f   LIBCMT:utility.obj
 0001:00045f24       __scrt_dllmain_exception_filter 0000000180046f24 f   LIBCMT:utility.obj
 0001:00045fa0       __scrt_dllmain_uninitialize_c 0000000180046fa0 f   LIBCMT:utility.obj
 0001:00045fdc       __scrt_dllmain_uninitialize_critical 0000000180046fdc f   LIBCMT:utility.obj
 0001:00045ff8       __scrt_initialize_crt      0000000180046ff8 f   LIBCMT:utility.obj
 0001:00046054       __scrt_initialize_onexit_tables 0000000180047054 f   LIBCMT:utility.obj
 0001:0004616c       __scrt_is_nonwritable_in_current_image 000000018004716c f   LIBCMT:utility.obj
 0001:0004622c       __scrt_release_startup_lock 000000018004722c f   LIBCMT:utility.obj
 0001:0004625c       __scrt_uninitialize_crt    000000018004725c f   LIBCMT:utility.obj
 0001:00046294       _onexit                    0000000180047294 f   LIBCMT:utility.obj
 0001:000462f8       at_quick_exit              00000001800472f8 f   LIBCMT:utility.obj
 0001:0004633c       atexit                     000000018004733c f   LIBCMT:utility.obj
 0001:00046358       __scrt_get_dyn_tls_init_callback 0000000180047358 f   LIBCMT:dyn_tls_init.obj
 0001:00046364       __crt_debugger_hook        0000000180047364 f   LIBCMT:utility_desktop.obj
 0001:00046370       __scrt_fastfail            0000000180047370 f   LIBCMT:utility_desktop.obj
 0001:0004650c       __scrt_get_show_window_mode 000000018004750c f   LIBCMT:utility_desktop.obj
 0001:00046554       __scrt_initialize_winrt    0000000180047554 f   LIBCMT:utility_desktop.obj
 0001:00046558       __scrt_is_managed_app      0000000180047558 f   LIBCMT:utility_desktop.obj
 0001:000465c4       __scrt_set_unhandled_exception_filter 00000001800475c4 f   LIBCMT:utility_desktop.obj
 0001:000465d8       __scrt_unhandled_exception_filter 00000001800475d8 f   LIBCMT:utility_desktop.obj
 0001:00046620       _RTC_Initialize            0000000180047620 f   LIBCMT:_initsect_.obj
 0001:0004667c       _RTC_Terminate             000000018004767c f   LIBCMT:_initsect_.obj
 0001:000466d8       _guard_check_icall         00000001800476d8 f i LIBCMT:checkcfg.obj
 0001:000466e0       __isa_available_init       00000001800476e0 f   LIBCMT:_cpu_disp_.obj
 0001:00046908       _get_startup_argv_mode     0000000180047908 f   LIBCMT:argv_mode.obj
 0001:00046910       __scrt_is_ucrt_dll_in_use  0000000180047910 f   LIBCMT:ucrt_detection.obj
 0001:00046920       strstr                     0000000180047920 f   libvcruntime:strstr.obj
 0001:00046bb0       memmove                    0000000180047bb0 f   libvcruntime:memcpy.obj
 0001:00046bb0       memcpy                     0000000180047bb0 f   libvcruntime:memcpy.obj
 0001:0004710c       ??$__crt_fast_decode_pointer@P6AXXZ@@YAP6AXXZQ6AXXZ@Z 000000018004810c f i libvcruntime:purevirt.obj
 0001:00047128       ??$__crt_fast_encode_pointer@P6AXXZ@@YAP6AXXZQ6AXXZ@Z 0000000180048128 f i libvcruntime:purevirt.obj
 0001:00047150       ??$__crt_interlocked_exchange_pointer@$$A6AXXZP6AXXZ@@YAP6AXXZPEDS6AXXZQ6AXXZ@Z 0000000180048150 f i libvcruntime:purevirt.obj
 0001:00047158       ??$__crt_interlocked_read_pointer@$$A6AXXZ@@YAP6AXXZPEDS6AXXZ@Z 0000000180048158 f i libvcruntime:purevirt.obj
 0001:0004715c       ?__crt_interlocked_read_64@@YA_JPED_J@Z 000000018004815c f i libvcruntime:purevirt.obj
 0001:00047160       _get_purecall_handler      0000000180048160 f   libvcruntime:purevirt.obj
 0001:00047180       _purecall                  0000000180048180 f   libvcruntime:purevirt.obj
 0001:000471c4       _set_purecall_handler      00000001800481c4 f   libvcruntime:purevirt.obj
 0001:00047218       ??$?RD@__crt_internal_free_policy@@QEBAXQEBD@Z 0000000180048218 f i libvcruntime:std_type_info.obj
 0001:00047224       ??$?RX@__crt_internal_free_policy@@QEBAXQEBX@Z 0000000180048224 f i libvcruntime:std_type_info.obj
 0001:00047230       ??$__crt_interlocked_compare_exchange_pointer@$$CBDPEAD$$T@@YAPEBDPEDSEBDQEAD$$T@Z 0000000180048230 f i libvcruntime:std_type_info.obj
 0001:0004723c       ??$__crt_interlocked_read_pointer@$$CBD@@YAPEBDPEDSEBD@Z 000000018004823c f i libvcruntime:std_type_info.obj
 0001:00047240       ??0?$__crt_unique_heap_ptr@DU__crt_internal_free_policy@@@@QEAA@QEAD@Z 0000000180048240 f i libvcruntime:std_type_info.obj
 0001:00047248       ??0?$__crt_unique_heap_ptr@XU__crt_internal_free_policy@@@@QEAA@QEAX@Z 0000000180048248 f i libvcruntime:std_type_info.obj
 0001:00047250       ??1?$__crt_unique_heap_ptr@DU__crt_internal_free_policy@@@@QEAA@XZ 0000000180048250 f i libvcruntime:std_type_info.obj
 0001:00047274       ??1?$__crt_unique_heap_ptr@XU__crt_internal_free_policy@@@@QEAA@XZ 0000000180048274 f i libvcruntime:std_type_info.obj
 0001:000472b0       ??B?$__crt_unique_heap_ptr@DU__crt_internal_free_policy@@@@QEBA_NXZ 00000001800482b0 f i libvcruntime:std_type_info.obj
 0001:000472bc       ??B?$__crt_unique_heap_ptr@XU__crt_internal_free_policy@@@@QEBA_NXZ 00000001800482bc f i libvcruntime:std_type_info.obj
 0001:000472e0       ?detach@?$__crt_unique_heap_ptr@XU__crt_internal_free_policy@@@@QEAAPEAXXZ 00000001800482e0 f i libvcruntime:std_type_info.obj
 0001:000472ec       ?get@?$__crt_unique_heap_ptr@DU__crt_internal_free_policy@@@@QEBAPEADXZ 00000001800482ec f i libvcruntime:std_type_info.obj
 0001:000472f0       ?get@?$__crt_unique_heap_ptr@XU__crt_internal_free_policy@@@@QEBAPEAXXZ 00000001800482f0 f i libvcruntime:std_type_info.obj
 0001:000472f4       ?is_valid@?$__crt_unique_heap_ptr@DU__crt_internal_free_policy@@@@QEBA_NXZ 00000001800482f4 f i libvcruntime:std_type_info.obj
 0001:00047300       ?is_valid@?$__crt_unique_heap_ptr@XU__crt_internal_free_policy@@@@QEBA_NXZ 0000000180048300 f i libvcruntime:std_type_info.obj
 0001:0004730c       ?release@?$__crt_unique_heap_ptr@DU__crt_internal_free_policy@@@@QEAAXXZ 000000018004830c f i libvcruntime:std_type_info.obj
 0001:00047330       ?release@?$__crt_unique_heap_ptr@XU__crt_internal_free_policy@@@@QEAAXXZ 0000000180048330 f i libvcruntime:std_type_info.obj
 0001:00047354       __std_type_info_compare    0000000180048354 f   libvcruntime:std_type_info.obj
 0001:00047384       __std_type_info_destroy_list 0000000180048384 f   libvcruntime:std_type_info.obj
 0001:000473b8       __std_type_info_hash       00000001800483b8 f   libvcruntime:std_type_info.obj
 0001:00047404       __std_type_info_name       0000000180048404 f   libvcruntime:std_type_info.obj
 0001:00047580       memset                     0000000180048580 f   libvcruntime:memset.obj
 0001:000477a0       __C_specific_handler       00000001800487a0 f   libvcruntime:_riscchandler_.obj
 0001:00047a30       __vcrt_initialize          0000000180048a30 f   libvcruntime:initialization.obj
 0001:00047a70       __vcrt_thread_attach       0000000180048a70 f   libvcruntime:initialization.obj
 0001:00047a8c       __vcrt_thread_detach       0000000180048a8c f   libvcruntime:initialization.obj
 0001:00047aa4       __vcrt_uninitialize        0000000180048aa4 f   libvcruntime:initialization.obj
 0001:00047acc       __vcrt_uninitialize_critical 0000000180048acc f   libvcruntime:initialization.obj
 0001:00047ae4       ??$?B$$A6AXXZ@__crt_fast_encoded_nullptr_t@@QEBAP6AXXZXZ 0000000180048ae4 f i libvcruntime:purevirt_data.obj
 0001:00047b08       ?__crt_fast_encode_pointer@@YA?AU__crt_fast_encoded_nullptr_t@@$$T@Z 0000000180048b08 f i libvcruntime:purevirt_data.obj
 0001:00047b10       __vcrt_initialize_pure_virtual_call_handler 0000000180048b10 f   libvcruntime:purevirt_data.obj
 0001:00047b3c       ??$__vcrt_va_start_verify_argument_type@QEBD@@YAXXZ 0000000180048b3c f i libvcruntime:undname.obj
 0001:00047b40       ??0Block@_HeapManager@@QEAA@XZ 0000000180048b40 f i libvcruntime:undname.obj
 0001:00047b4c       ??0DName@@QEAA@AEAPEBDD@Z  0000000180048b4c f   libvcruntime:undname.obj
 0001:00047c5c       ??0DName@@QEAA@AEBV0@@Z    0000000180048c5c f i libvcruntime:undname.obj
 0001:00047c70       ??0DName@@QEAA@D@Z         0000000180048c70 f   libvcruntime:undname.obj
 0001:00047cb0       ??0DName@@QEAA@PEAV0@@Z    0000000180048cb0 f   libvcruntime:undname.obj
 0001:00047d58       ??0DName@@QEAA@PEBD@Z      0000000180048d58 f   libvcruntime:undname.obj
 0001:00047da8       ??0DName@@QEAA@W4DNameStatus@@@Z 0000000180048da8 f   libvcruntime:undname.obj
 0001:00047de0       ??0DName@@QEAA@XZ          0000000180048de0 f i libvcruntime:undname.obj
 0001:00047df0       ??0DName@@QEAA@_J@Z        0000000180048df0 f   libvcruntime:undname.obj
 0001:00047ec0       ??0DName@@QEAA@_K@Z        0000000180048ec0 f   libvcruntime:undname.obj
 0001:00047f6c       ??0DNameNode@@IEAA@XZ      0000000180048f6c f i libvcruntime:undname.obj
 0001:00047f80       ??0Replicator@@QEAA@XZ     0000000180048f80 f i libvcruntime:undname.obj
 0001:00047f88       ??0UnDecorator@@QEAA@PEADPEBDHP6APEADJ@ZK@Z 0000000180048f88 f i libvcruntime:undname.obj
 0001:00048004       ??0charNode@@QEAA@D@Z      0000000180049004 f i libvcruntime:undname.obj
 0001:0004801c       ??0pDNameNode@@QEAA@PEAVDName@@@Z 000000018004901c f   libvcruntime:undname.obj
 0001:0004804c       ??0pairNode@@QEAA@PEBVDNameNode@@0@Z 000000018004904c f i libvcruntime:undname.obj
[...]
 0003:00001e3c       __fma3_is_available        00000001800bce3c     libucrt:fma3_available.obj
 0003:00001e40       __use_fma3_lib             00000001800bce40     libucrt:fma3_available.obj
 0003:000022e4       __mbcodepage               00000001800bd2e4     libucrt:mbctype.obj
 0003:000022e8       __ismbcodepage             00000001800bd2e8     libucrt:mbctype.obj
 0003:000022f0       __mbulinfo                 00000001800bd2f0     libucrt:mbctype.obj
 0003:00002308       __mblocalename             00000001800bd308     libucrt:mbctype.obj
 0003:00002314       __argc                     00000001800bd314     libucrt:argv_data.obj
 0003:00002318       __argv                     00000001800bd318     libucrt:argv_data.obj
 0003:00002328       __wargv                    00000001800bd328     libucrt:argv_data.obj
 0003:00002338       _acmdln                    00000001800bd338     libucrt:argv_data.obj
 0003:00002348       _wcmdln                    00000001800bd348     libucrt:argv_data.obj
 0003:00002358       _pgmptr                    00000001800bd358     libucrt:argv_data.obj
 0003:00002368       _wpgmptr                   00000001800bd368     libucrt:argv_data.obj
 0003:00002378       __acrt_heap                00000001800bd378     libucrt:heap_handle.obj
 0003:00002390       __pioinfo                  00000001800bd390     libucrt:ioinit.obj
 0003:0000285c       _nhandle                   00000001800bd85c     libucrt:ioinit.obj
 0003:000028a8       __acrt_current_locale_data 00000001800bd8a8     libucrt:nlsdata.obj
 0003:000028b8       __acrt_stdout_buffer       00000001800bd8b8     libucrt:_sftbuf.obj
 0003:000028c8       __acrt_stderr_buffer       00000001800bd8c8     libucrt:_sftbuf.obj
 0003:000028d8       _nstream                   00000001800bd8d8     libucrt:_file.obj
 0003:000028e0       __piob                     00000001800bd8e0     libucrt:_file.obj
 0003:000028ec       _cflush                    00000001800bd8ec     libucrt:_file.obj
 0003:000028fc       __acrt_locale_changed_data 00000001800bd8fc     libucrt:wsetlocale.obj
 0003:00002900       __acrt_lconv_static_null   00000001800bd900     libucrt:localeconv.obj
 0003:00002904       __acrt_lconv_static_W_null 00000001800bd904     libucrt:localeconv.obj
 0003:00003708       __scrt_ucrt_dll_is_in_use  00000001800be708     <common>
 0003:00003718       __dyn_tls_init_callback    00000001800be718     <common>
 0003:00003730       _pDestructExceptionObject  00000001800be730     <common>
 0005:00000000       __imp_LoadLibraryA         00000001800c6000     kernel32:KERNEL32.dll
 0005:00000008       __imp_WriteConsoleW        00000001800c6008     kernel32:KERNEL32.dll
 0005:00000010       __imp_RaiseException       00000001800c6010     kernel32:KERNEL32.dll
 0005:00000018       __imp_GetLastError         00000001800c6018     kernel32:KERNEL32.dll
 0005:00000020       __imp_GetSystemInfo        00000001800c6020     kernel32:KERNEL32.dll
 0005:00000028       __imp_VirtualProtect       00000001800c6028     kernel32:KERNEL32.dll
 0005:00000030       __imp_VirtualQuery         00000001800c6030     kernel32:KERNEL32.dll
 0005:00000038       __imp_FreeLibrary          00000001800c6038     kernel32:KERNEL32.dll
 0005:00000040       __imp_GetModuleHandleW     00000001800c6040     kernel32:KERNEL32.dll
 0005:00000048       __imp_GetProcAddress       00000001800c6048     kernel32:KERNEL32.dll
 0005:00000050       __imp_LoadLibraryExA       00000001800c6050     kernel32:KERNEL32.dll
 0005:00000058       __imp_InitializeSListHead  00000001800c6058     kernel32:KERNEL32.dll
 0005:00000060       __imp_QueryPerformanceCounter 00000001800c6060     kernel32:KERNEL32.dll
 0005:00000068       __imp_GetCurrentProcessId  00000001800c6068     kernel32:KERNEL32.dll
 0005:00000070       __imp_GetCurrentThreadId   00000001800c6070     kernel32:KERNEL32.dll
 0005:00000078       __imp_GetSystemTimeAsFileTime 00000001800c6078     kernel32:KERNEL32.dll
 0005:00000080       __imp_RtlCaptureContext    00000001800c6080     kernel32:KERNEL32.dll
 0005:00000088       __imp_RtlLookupFunctionEntry 00000001800c6088     kernel32:KERNEL32.dll
 0005:00000090       __imp_RtlVirtualUnwind     00000001800c6090     kernel32:KERNEL32.dll
 0005:00000098       __imp_IsDebuggerPresent    00000001800c6098     kernel32:KERNEL32.dll
 0005:000000a0       __imp_UnhandledExceptionFilter 00000001800c60a0     kernel32:KERNEL32.dll
 0005:000000a8       __imp_SetUnhandledExceptionFilter 00000001800c60a8     kernel32:KERNEL32.dll
 0005:000000b0       __imp_GetStartupInfoW      00000001800c60b0     kernel32:KERNEL32.dll
 0005:000000b8       __imp_IsProcessorFeaturePresent 00000001800c60b8     kernel32:KERNEL32.dll
 0005:000000c0       __imp_InterlockedPushEntrySList 00000001800c60c0     kernel32:KERNEL32.dll
 0005:000000c8       __imp_InterlockedFlushSList 00000001800c60c8     kernel32:KERNEL32.dll
 0005:000000d0       __imp_RtlUnwindEx          00000001800c60d0     kernel32:KERNEL32.dll
 0005:000000d8       __imp_SetLastError         00000001800c60d8     kernel32:KERNEL32.dll
 0005:000000e0       __imp_EnterCriticalSection 00000001800c60e0     kernel32:KERNEL32.dll
 0005:000000e8       __imp_LeaveCriticalSection 00000001800c60e8     kernel32:KERNEL32.dll
 0005:000000f0       __imp_DeleteCriticalSection 00000001800c60f0     kernel32:KERNEL32.dll
 0005:000000f8       __imp_InitializeCriticalSectionAndSpinCount 00000001800c60f8     kernel32:KERNEL32.dll
 0005:00000100       __imp_TlsAlloc             00000001800c6100     kernel32:KERNEL32.dll
 0005:00000108       __imp_TlsGetValue          00000001800c6108     kernel32:KERNEL32.dll
 0005:00000110       __imp_TlsSetValue          00000001800c6110     kernel32:KERNEL32.dll
 0005:00000118       __imp_TlsFree              00000001800c6118     kernel32:KERNEL32.dll
 0005:00000120       __imp_LoadLibraryExW       00000001800c6120     kernel32:KERNEL32.dll
 0005:00000128       __imp_GetCurrentProcess    00000001800c6128     kernel32:KERNEL32.dll
 0005:00000130       __imp_ExitProcess          00000001800c6130     kernel32:KERNEL32.dll
 0005:00000138       __imp_TerminateProcess     00000001800c6138     kernel32:KERNEL32.dll
 0005:00000140       __imp_GetModuleHandleExW   00000001800c6140     kernel32:KERNEL32.dll
 0005:00000148       __imp_GetModuleFileNameA   00000001800c6148     kernel32:KERNEL32.dll
 0005:00000150       __imp_GetModuleFileNameW   00000001800c6150     kernel32:KERNEL32.dll
 0005:00000158       __imp_MultiByteToWideChar  00000001800c6158     kernel32:KERNEL32.dll
 0005:00000160       __imp_WideCharToMultiByte  00000001800c6160     kernel32:KERNEL32.dll
 0005:00000168       __imp_HeapFree             00000001800c6168     kernel32:KERNEL32.dll
 0005:00000170       __imp_HeapAlloc            00000001800c6170     kernel32:KERNEL32.dll
 0005:00000178       __imp_GetCurrentThread     00000001800c6178     kernel32:KERNEL32.dll
 0005:00000180       __imp_GetDateFormatW       00000001800c6180     kernel32:KERNEL32.dll
 0005:00000188       __imp_GetTimeFormatW       00000001800c6188     kernel32:KERNEL32.dll
 0005:00000190       __imp_CompareStringW       00000001800c6190     kernel32:KERNEL32.dll
 0005:00000198       __imp_LCMapStringW         00000001800c6198     kernel32:KERNEL32.dll
 0005:000001a0       __imp_GetLocaleInfoW       00000001800c61a0     kernel32:KERNEL32.dll
 0005:000001a8       __imp_IsValidLocale        00000001800c61a8     kernel32:KERNEL32.dll
 0005:000001b0       __imp_GetUserDefaultLCID   00000001800c61b0     kernel32:KERNEL32.dll
 0005:000001b8       __imp_EnumSystemLocalesW   00000001800c61b8     kernel32:KERNEL32.dll
 0005:000001c0       __imp_FindClose            00000001800c61c0     kernel32:KERNEL32.dll
 0005:000001c8       __imp_FindFirstFileExA     00000001800c61c8     kernel32:KERNEL32.dll
 0005:000001d0       __imp_FindFirstFileExW     00000001800c61d0     kernel32:KERNEL32.dll
 0005:000001d8       __imp_FindNextFileA        00000001800c61d8     kernel32:KERNEL32.dll
 0005:000001e0       __imp_FindNextFileW        00000001800c61e0     kernel32:KERNEL32.dll
 0005:000001e8       __imp_IsValidCodePage      00000001800c61e8     kernel32:KERNEL32.dll
 0005:000001f0       __imp_GetACP               00000001800c61f0     kernel32:KERNEL32.dll
 0005:000001f8       __imp_GetOEMCP             00000001800c61f8     kernel32:KERNEL32.dll
 0005:00000200       __imp_GetCPInfo            00000001800c6200     kernel32:KERNEL32.dll
 0005:00000208       __imp_GetCommandLineA      00000001800c6208     kernel32:KERNEL32.dll
 0005:00000210       __imp_GetCommandLineW      00000001800c6210     kernel32:KERNEL32.dll
 0005:00000218       __imp_GetEnvironmentStringsW 00000001800c6218     kernel32:KERNEL32.dll
 0005:00000220       __imp_FreeEnvironmentStringsW 00000001800c6220     kernel32:KERNEL32.dll
 0005:00000228       __imp_SetEnvironmentVariableA 00000001800c6228     kernel32:KERNEL32.dll
 0005:00000230       __imp_SetEnvironmentVariableW 00000001800c6230     kernel32:KERNEL32.dll
 0005:00000238       __imp_GetProcessHeap       00000001800c6238     kernel32:KERNEL32.dll
 0005:00000240       __imp_GetStdHandle         00000001800c6240     kernel32:KERNEL32.dll
 0005:00000248       __imp_GetFileType          00000001800c6248     kernel32:KERNEL32.dll
 0005:00000250       __imp_SetConsoleCtrlHandler 00000001800c6250     kernel32:KERNEL32.dll
 0005:00000258       __imp_GetStringTypeW       00000001800c6258     kernel32:KERNEL32.dll
 0005:00000260       __imp_HeapSize             00000001800c6260     kernel32:KERNEL32.dll
 0005:00000268       __imp_HeapReAlloc          00000001800c6268     kernel32:KERNEL32.dll
 0005:00000270       __imp_SetStdHandle         00000001800c6270     kernel32:KERNEL32.dll
 0005:00000278       __imp_WriteFile            00000001800c6278     kernel32:KERNEL32.dll
 0005:00000280       __imp_FlushFileBuffers     00000001800c6280     kernel32:KERNEL32.dll
 0005:00000288       __imp_GetConsoleCP         00000001800c6288     kernel32:KERNEL32.dll
 0005:00000290       __imp_GetConsoleMode       00000001800c6290     kernel32:KERNEL32.dll
 0005:00000298       __imp_SetFilePointerEx     00000001800c6298     kernel32:KERNEL32.dll
 0005:000002a0       __imp_OutputDebugStringA   00000001800c62a0     kernel32:KERNEL32.dll
 0005:000002a8       __imp_OutputDebugStringW   00000001800c62a8     kernel32:KERNEL32.dll
 0005:000002b0       __imp_CloseHandle          00000001800c62b0     kernel32:KERNEL32.dll
 0005:000002b8       __imp_WaitForSingleObjectEx 00000001800c62b8     kernel32:KERNEL32.dll
 0005:000002c0       __imp_CreateThread         00000001800c62c0     kernel32:KERNEL32.dll
 0005:000002c8       __imp_CreateFileW          00000001800c62c8     kernel32:KERNEL32.dll
 0005:000002d0       \177KERNEL32_NULL_THUNK_DATA 00000001800c62d0     kernel32:KERNEL32.dll
 0005:000003b8       __IMPORT_DESCRIPTOR_KERNEL32 00000001800c63b8     kernel32:KERNEL32.dll
 0005:000003cc       __NULL_IMPORT_DESCRIPTOR   00000001800c63cc     kernel32:KERNEL32.dll
 0006:00000000       __DELAY_IMPORT_DESCRIPTOR_PxFoundationCHECKED_x64_dll 00000001800c8000     PxFoundationCHECKED_x64:PxFoundationCHECKED_x64.dll
 0006:00000020       __DELAY_IMPORT_DESCRIPTOR_PhysX3CommonCHECKED_x64_dll 00000001800c8020     PhysX3CommonCHECKED_x64:PhysX3CommonCHECKED_x64.dll
 0006:00000040       __NULL_DELAY_IMPORT_DESCRIPTOR 00000001800c8040     PxFoundationCHECKED_x64:PxFoundationCHECKED_x64.dll
 0006:00000168       \177PhysX3CommonCHECKED_x64_NULL_THUNK_DATA_DLN 00000001800c8168     PhysX3CommonCHECKED_x64:PhysX3CommonCHECKED_x64.dll
 0006:00000270       \177PxFoundationCHECKED_x64_NULL_THUNK_DATA_DLN 00000001800c8270     PxFoundationCHECKED_x64:PxFoundationCHECKED_x64.dll
 0006:000002e0       __imp_??1BV4Tree@Gu@physx@@QEAA@XZ 00000001800c82e0     PhysX3CommonCHECKED_x64:PhysX3CommonCHECKED_x64.dll
 0006:000002e8       __imp_?releaseMemory@HeightField@Gu@physx@@QEAAXXZ 00000001800c82e8     PhysX3CommonCHECKED_x64:PhysX3CommonCHECKED_x64.dll
 0006:000002f0       __imp_?loadFromDesc@HeightField@Gu@physx@@QEAA_NAEBVPxHeightFieldDesc@3@@Z 00000001800c82f0     PhysX3CommonCHECKED_x64:PhysX3CommonCHECKED_x64.dll
 0006:000002f8       __imp_??0HeightField@Gu@physx@@QEAA@PEAVGuMeshFactory@2@@Z 00000001800c82f8     PhysX3CommonCHECKED_x64:PhysX3CommonCHECKED_x64.dll
 0006:00000300       __imp_?ReadHeader@Gu@physx@@YA_NEEEEAEAIAEA_NAEAVPxInputStream@2@@Z 00000001800c8300     PhysX3CommonCHECKED_x64:PhysX3CommonCHECKED_x64.dll
 0006:00000308       __imp_?readDword@physx@@YAI_NAEAVPxInputStream@1@@Z 00000001800c8308     PhysX3CommonCHECKED_x64:PhysX3CommonCHECKED_x64.dll
 0006:00000310       __imp_??1BigConvexData@physx@@QEAA@XZ 00000001800c8310     PhysX3CommonCHECKED_x64:PhysX3CommonCHECKED_x64.dll
 0006:00000318       __imp_??0BigConvexData@physx@@QEAA@XZ 00000001800c8318     PhysX3CommonCHECKED_x64:PhysX3CommonCHECKED_x64.dll
 0006:00000320       __imp_?computeOBBPoints@Gu@physx@@YAXPEIAVPxVec3@2@AEBV32@1111@Z 00000001800c8320     PhysX3CommonCHECKED_x64:PhysX3CommonCHECKED_x64.dll
 0006:00000328       __imp_?Sort@RadixSortBuffered@Cm@physx@@QEAAAEAV123@PEBIIW4RadixHint@23@@Z 00000001800c8328     PhysX3CommonCHECKED_x64:PhysX3CommonCHECKED_x64.dll
 0006:00000330       __imp_??1RadixSortBuffered@Cm@physx@@UEAA@XZ 00000001800c8330     PhysX3CommonCHECKED_x64:PhysX3CommonCHECKED_x64.dll
 0006:00000338       __imp_??0RadixSortBuffered@Cm@physx@@QEAA@XZ 00000001800c8338     PhysX3CommonCHECKED_x64:PhysX3CommonCHECKED_x64.dll
 0006:00000340       __imp_?CreateOffsets@BigConvexData@physx@@IEAAXXZ 00000001800c8340     PhysX3CommonCHECKED_x64:PhysX3CommonCHECKED_x64.dll
 0006:00000348       __imp_?StoreIndices@Gu@physx@@YAXGIPEBGAEAVPxOutputStream@2@_N@Z 00000001800c8348     PhysX3CommonCHECKED_x64:PhysX3CommonCHECKED_x64.dll
 0006:00000350       __imp_?WriteHeader@Gu@physx@@YA_NEEEEI_NAEAVPxOutputStream@2@@Z 00000001800c8350     PhysX3CommonCHECKED_x64:PhysX3CommonCHECKED_x64.dll
 0006:00000358       __imp_?computeMaxIndex@physx@@YAGPEBGI@Z 00000001800c8358     PhysX3CommonCHECKED_x64:PhysX3CommonCHECKED_x64.dll
 0006:00000360       __imp_?BuildBV32Ex@Gu@physx@@YA_NAEAVBV32Tree@12@AEAVSourceMesh@12@MI@Z 00000001800c8360     PhysX3CommonCHECKED_x64:PhysX3CommonCHECKED_x64.dll
 0006:00000368       __imp_?writeWord@physx@@YAXG_NAEAVPxOutputStream@1@@Z 00000001800c8368     PhysX3CommonCHECKED_x64:PhysX3CommonCHECKED_x64.dll
 0006:00000370       __imp_?BuildBV4Ex@Gu@physx@@YA_NAEAVBV4Tree@12@AEAVSourceMesh@12@MI@Z 00000001800c8370     PhysX3CommonCHECKED_x64:PhysX3CommonCHECKED_x64.dll
 0006:00000378       __imp_?writeDword@physx@@YAXI_NAEAVPxOutputStream@1@@Z 00000001800c8378     PhysX3CommonCHECKED_x64:PhysX3CommonCHECKED_x64.dll
 0006:00000380       __imp_?writeFloat@physx@@YAXM_NAEAVPxOutputStream@1@@Z 00000001800c8380     PhysX3CommonCHECKED_x64:PhysX3CommonCHECKED_x64.dll
 0006:00000388       __imp_?writeHeader@physx@@YA_NCCCCI_NAEAVPxOutputStream@1@@Z 00000001800c8388     PhysX3CommonCHECKED_x64:PhysX3CommonCHECKED_x64.dll
 0006:00000390       __imp_??0SourceMesh@Gu@physx@@QEAA@XZ 00000001800c8390     PhysX3CommonCHECKED_x64:PhysX3CommonCHECKED_x64.dll
 0006:00000398       __imp_??1SourceMesh@Gu@physx@@QEAA@XZ 00000001800c8398     PhysX3CommonCHECKED_x64:PhysX3CommonCHECKED_x64.dll
 0006:000003a0       __imp_??0BV4Tree@Gu@physx@@QEAA@XZ 00000001800c83a0     PhysX3CommonCHECKED_x64:PhysX3CommonCHECKED_x64.dll
 0006:000003a8       __imp_??1HeightField@Gu@physx@@UEAA@XZ 00000001800c83a8     PhysX3CommonCHECKED_x64:PhysX3CommonCHECKED_x64.dll
 0006:000003b0       __imp_??0BV32Tree@Gu@physx@@QEAA@XZ 00000001800c83b0     PhysX3CommonCHECKED_x64:PhysX3CommonCHECKED_x64.dll
 0006:000003b8       __imp_??1BV32Tree@Gu@physx@@QEAA@XZ 00000001800c83b8     PhysX3CommonCHECKED_x64:PhysX3CommonCHECKED_x64.dll
 0006:000003c0       __imp_?writeFloatBuffer@physx@@YAXPEBMI_NAEAVPxOutputStream@1@@Z 00000001800c83c0     PhysX3CommonCHECKED_x64:PhysX3CommonCHECKED_x64.dll
 0006:000003c8       __imp_?writeWordBuffer@physx@@YAXPEBGI_NAEAVPxOutputStream@1@@Z 00000001800c83c8     PhysX3CommonCHECKED_x64:PhysX3CommonCHECKED_x64.dll
 0006:000003d0       __imp_?computeMaxIndex@physx@@YAIPEBII@Z 00000001800c83d0     PhysX3CommonCHECKED_x64:PhysX3CommonCHECKED_x64.dll
 0006:000003d8       __imp_?storeIndices@physx@@YAXIIPEBIAEAVPxOutputStream@1@_N@Z 00000001800c83d8     PhysX3CommonCHECKED_x64:PhysX3CommonCHECKED_x64.dll
 0006:000003e0       __imp_?computeBoundsAroundVertices@Gu@physx@@YAXAEAVPxBounds3@2@IPEIBVPxVec3@2@@Z 00000001800c83e0     PhysX3CommonCHECKED_x64:PhysX3CommonCHECKED_x64.dll
 0006:000003e8       \177PhysX3CommonCHECKED_x64_NULL_THUNK_DATA_DLA 00000001800c83e8     PhysX3CommonCHECKED_x64:PhysX3CommonCHECKED_x64.dll
 0006:00000470       __imp_??1FPUGuard@shdfnd@physx@@QEAA@XZ 00000001800c8470     PxFoundationCHECKED_x64:PxFoundationCHECKED_x64.dll
 0006:00000478       __imp_??0FPUGuard@shdfnd@physx@@QEAA@XZ 00000001800c8478     PxFoundationCHECKED_x64:PxFoundationCHECKED_x64.dll
 0006:00000480       __imp_?decRefCount@Foundation@shdfnd@physx@@SAXXZ 00000001800c8480     PxFoundationCHECKED_x64:PxFoundationCHECKED_x64.dll
 0006:00000488       __imp_?incRefCount@Foundation@shdfnd@physx@@SAXXZ 00000001800c8488     PxFoundationCHECKED_x64:PxFoundationCHECKED_x64.dll
 0006:00000490       __imp_?PxDiagonalize@physx@@YA?AVPxVec3@1@AEBVPxMat33@1@AEAVPxQuat@1@@Z 00000001800c8490     PxFoundationCHECKED_x64:PxFoundationCHECKED_x64.dll
 0006:00000498       __imp_?error@Foundation@shdfnd@physx@@QEAAXW4Enum@PxErrorCode@3@PEBDH1ZZ 00000001800c8498     PxFoundationCHECKED_x64:PxFoundationCHECKED_x64.dll
 0006:000004a0       __imp_?getInstance@Foundation@shdfnd@physx@@SAAEAV123@XZ 00000001800c84a0     PxFoundationCHECKED_x64:PxFoundationCHECKED_x64.dll
 0006:000004a8       __imp_PxGetFoundation      00000001800c84a8     PxFoundationCHECKED_x64:PxFoundationCHECKED_x64.dll
 0006:000004b0       __imp_?deallocate@TempAllocator@shdfnd@physx@@QEAAXPEAX@Z 00000001800c84b0     PxFoundationCHECKED_x64:PxFoundationCHECKED_x64.dll
 0006:000004b8       __imp_?allocate@TempAllocator@shdfnd@physx@@QEAAPEAX_KPEBDH@Z 00000001800c84b8     PxFoundationCHECKED_x64:PxFoundationCHECKED_x64.dll
 0006:000004c0       __imp_?deallocate@NamedAllocator@shdfnd@physx@@QEAAXPEAX@Z 00000001800c84c0     PxFoundationCHECKED_x64:PxFoundationCHECKED_x64.dll
 0006:000004c8       __imp_?allocate@NamedAllocator@shdfnd@physx@@QEAAPEAX_KPEBDH@Z 00000001800c84c8     PxFoundationCHECKED_x64:PxFoundationCHECKED_x64.dll
 0006:000004d0       __imp_??1NamedAllocator@shdfnd@physx@@QEAA@XZ 00000001800c84d0     PxFoundationCHECKED_x64:PxFoundationCHECKED_x64.dll
 0006:000004d8       __imp_??0NamedAllocator@shdfnd@physx@@QEAA@AEBV012@@Z 00000001800c84d8     PxFoundationCHECKED_x64:PxFoundationCHECKED_x64.dll
 0006:000004e0       __imp_??0NamedAllocator@shdfnd@physx@@QEAA@PEBD@Z 00000001800c84e0     PxFoundationCHECKED_x64:PxFoundationCHECKED_x64.dll
 0006:000004e8       __imp_?getAllocator@shdfnd@physx@@YAAEAVPxAllocatorCallback@2@XZ 00000001800c84e8     PxFoundationCHECKED_x64:PxFoundationCHECKED_x64.dll
 0006:000004f0       \177PxFoundationCHECKED_x64_NULL_THUNK_DATA_DLA 00000001800c84f0     PxFoundationCHECKED_x64:PxFoundationCHECKED_x64.dll
 0006:000010f8       \177PxFoundationCHECKED_x64_NULL_THUNK_DATA_DLB 00000001800c90f8     PxFoundationCHECKED_x64:PxFoundationCHECKED_x64.dll
 0006:00001180       \177PhysX3CommonCHECKED_x64_NULL_THUNK_DATA_DLB 00000001800c9180     PhysX3CommonCHECKED_x64:PhysX3CommonCHECKED_x64.dll
 0007:00000000       __guard_check_icall_fptr   00000001800ca000     LIBCMT:guard_support.obj
 0007:00000010       __guard_dispatch_icall_fptr 00000001800ca010     LIBCMT:guard_support.obj
 0007:00000020       __guard_ss_verify_failure_fptr 00000001800ca020     LIBCMT:guard_support.obj
 0007:00000030       __guard_ss_verify_sp_fptr  00000001800ca030     LIBCMT:guard_support.obj
