 PhysX3CommonCHECKED_x64

 Timestamp is 5a770291 (Sun Feb  4 13:54:41 2018)

 Preferred load address is 0000000180000000

 Start         Length     Name                   Class
 0001:00000000 000132f0H .text$di                CODE
 0001:000132f0 0020e340H .text$mn                CODE
 0001:00221630 00001110H .text$mn$00             CODE
 0001:00222740 000017e1H .text$x                 CODE
 0002:00000000 00000110H .CRT$XCA                DATA
 0002:00000110 00001cc8H .CRT$XCU                DATA
 0002:00001dd8 00000110H .CRT$XCZ                DATA
 0002:00001ee8 00000110H .CRT$XIA                DATA
 0002:00001ff8 00000130H .CRT$XIC                DATA
 0002:00002128 00000110H .CRT$XIZ                DATA
 0002:00002238 00000110H .CRT$XPA                DATA
 0002:00002348 00000120H .CRT$XPX                DATA
 0002:00002468 00000110H .CRT$XPXA               DATA
 0002:00002578 00000110H .CRT$XPZ                DATA
 0002:00002688 00000110H .CRT$XTA                DATA
 0002:00002798 00000118H .CRT$XTZ                DATA
 0002:000028b0 00012610H .rdata                  DATA
 0002:00014ec0 000004ecH .rdata$r                DATA
 0002:000153ac 0000018cH .rdata$zzzdbg           DATA
 0002:00015538 00000110H .rtc$IAA                DATA
 0002:00015648 00000110H .rtc$IZZ                DATA
 0002:00015758 00000110H .rtc$TAA                DATA
 0002:00015868 00000110H .rtc$TZZ                DATA
 0002:00015978 00016558H .xdata                  DATA
 0002:0002bed0 0000c6efH .edata                  DATA
 0003:00000000 00001918H .data                   DATA
 0003:00001918 00000618H .data$r                 DATA
 0003:00001f30 00005661H .bss                    DATA
 0004:00000000 0000bbbcH .pdata                  DATA
 0005:00000000 000003b8H .idata$5                DATA
 0005:000003b8 00000014H .idata$2                DATA
 0005:000003cc 00000014H .idata$3                DATA
 0005:000003e0 000003b8H .idata$4                DATA
 0005:00000798 00000871H .idata$6                DATA
 0006:00000000 00000020H .didat$2                DATA
 0006:00000020 00000020H .didat$3                DATA
 0006:00000040 00000128H .didat$4                DATA
 0006:00000168 00000128H .didat$5                DATA
 0006:00000290 00000588H .didat$6                DATA
 0006:00000818 000001caH .didat$7                DATA
 0007:00000000 0000013fH .00cfg                  DATA
 0008:00000000 00000940H _RDATA                  DATA
 0009:00000000 000001c0H .rsrc$01                DATA
 0009:000001c0 000006a9H .rsrc$02                DATA

  Address         Publics by Value              Rva+Base               Lib:Object

 0000:00000000       __hybrid_code_map_count    0000000000000000     <absolute>
 0000:00000000       __guard_fids_table         0000000000000000     <absolute>
 0000:00000000       __guard_iat_table          0000000000000000     <absolute>
 0000:00000000       __hybrid_auxiliary_iat     0000000000000000     <absolute>
 0000:00000000       ___safe_se_handler_table   0000000000000000     <absolute>
 0000:00000000       __dynamic_value_reloc_table 0000000000000000     <absolute>
 0000:00000000       __guard_longjmp_count      0000000000000000     <absolute>
 0000:00000000       __guard_longjmp_table      0000000000000000     <absolute>
 0000:00000000       __enclave_config           0000000000000000     <absolute>
 0000:00000000       __hybrid_code_map          0000000000000000     <absolute>
 0000:00000000       __guard_iat_count          0000000000000000     <absolute>
 0000:00000000       __guard_fids_count         0000000000000000     <absolute>
 0000:00000000       ___safe_se_handler_count   0000000000000000     <absolute>
 0000:00000100       __guard_flags              0000000000000100     <absolute>
 0000:00000000       __ImageBase                0000000180000000     <linker-defined>
 0001:000132f0       PxSetPhysXCommonDelayLoadHook 00000001800142f0 f   CmWindowsDelayLoadHook.obj
 0001:00013300       ?delayHook@@YAP6A_JXZIPEAUDelayLoadInfo@@@Z 0000000180014300 f   CmWindowsDelayLoadHook.obj
 0001:00013360       ?physXCommonDliNotePreLoadLibrary@Cm@physx@@YAP6A_JXZPEBDPEBVPxDelayLoadHook@2@@Z 0000000180014360 f i CmWindowsDelayLoadHook.obj
 0001:00013680       ??0CmModuleUpdateLoader@Cm@physx@@QEAA@PEBD@Z 0000000180014680 f   CmWindowsModuleUpdateLoader.obj
 0001:000136d0       ??1CmModuleUpdateLoader@Cm@physx@@QEAA@XZ 00000001800146d0 f   CmWindowsModuleUpdateLoader.obj
 0001:00013700       ?LoadModule@CmModuleUpdateLoader@Cm@physx@@QEAAPEAUHINSTANCE__@@PEBD0@Z 0000000180014700 f   CmWindowsModuleUpdateLoader.obj
 0001:00013750       ??0Allocator@shdfnd@physx@@QEAA@PEBD@Z 0000000180014750 f i CmWindowsModuleUpdateLoader.obj
 0001:00013760       ??0PxFoundation@physx@@QEAA@AEBV01@@Z 0000000180014760 f i CmWindowsModuleUpdateLoader.obj
 0001:00013780       ??0PxFoundation@physx@@QEAA@XZ 0000000180014780 f i CmWindowsModuleUpdateLoader.obj
 0001:000137a0       ??1PxFoundation@physx@@MEAA@XZ 00000001800147a0 f i CmWindowsModuleUpdateLoader.obj
 0001:000137b0       ??4Allocator@shdfnd@physx@@QEAAAEAV012@$$QEAV012@@Z 00000001800147b0 f i CmWindowsModuleUpdateLoader.obj
 0001:000137c0       ??4Allocator@shdfnd@physx@@QEAAAEAV012@AEBV012@@Z 00000001800147c0 f i CmWindowsModuleUpdateLoader.obj
 0001:000137d0       ??4CmModuleUpdateLoader@Cm@physx@@QEAAAEAV012@AEBV012@@Z 00000001800147d0 f i CmWindowsModuleUpdateLoader.obj
 0001:000137e0       ??4MutexImpl@shdfnd@physx@@QEAAAEAV012@AEBV012@@Z 00000001800147e0 f i CmWindowsModuleUpdateLoader.obj
 0001:000137f0       ??4PxFoundation@physx@@QEAAAEAV01@AEBV01@@Z 00000001800147f0 f i CmWindowsModuleUpdateLoader.obj
 0001:00013800       ??_EPxFoundation@physx@@MEAAPEAXI@Z 0000000180014800 f i CmWindowsModuleUpdateLoader.obj
 0001:000138b0       ??_FAllocator@shdfnd@physx@@QEAAXXZ 00000001800148b0 f i CmWindowsModuleUpdateLoader.obj
 0001:000138c0       ??_FNamedAllocator@shdfnd@physx@@QEAAXXZ 00000001800148c0 f i CmWindowsModuleUpdateLoader.obj
 0001:000138d0       ??_GPxFoundation@physx@@MEAAPEAXI@Z 00000001800148d0 f i CmWindowsModuleUpdateLoader.obj
 0001:00013910       ??_I@YAXPEAX_K1P6AX0@Z@Z   0000000180014910 f i CmWindowsModuleUpdateLoader.obj
 0001:00013980       ?__empty_global_delete@@YAXPEAX@Z 0000000180014980 f i CmWindowsModuleUpdateLoader.obj
 0001:00013990       ?__empty_global_delete@@YAXPEAX_K@Z 0000000180014990 f i CmWindowsModuleUpdateLoader.obj
 0001:000139a0       ?getAllocator@Foundation@shdfnd@physx@@QEAAAEAVPxAllocatorCallback@3@XZ 00000001800149a0 f i CmWindowsModuleUpdateLoader.obj
 0001:000139b0       ?getAllocatorCallback@Foundation@shdfnd@physx@@UEAAAEAVPxAllocatorCallback@3@XZ 00000001800149b0 f i CmWindowsModuleUpdateLoader.obj
 0001:000139c0       ?getErrorCallback@Foundation@shdfnd@physx@@UEAAAEAVPxErrorCallback@3@XZ 00000001800149c0 f i CmWindowsModuleUpdateLoader.obj
 0001:000139d0       ?getErrorLevel@Foundation@shdfnd@physx@@UEBA?AW4Enum@PxErrorCode@3@XZ 00000001800149d0 f i CmWindowsModuleUpdateLoader.obj
 0001:000139e0       ?getInternalErrorCallback@Foundation@shdfnd@physx@@QEAAAEAVPxErrorCallback@3@XZ 00000001800149e0 f i CmWindowsModuleUpdateLoader.obj
 0001:000139f0       ?getNamedAllocMap@Foundation@shdfnd@physx@@QEAAAEAV?$HashMap@PEBVNamedAllocator@shdfnd@physx@@PEBDU?$Hash@PEBVNamedAllocator@shdfnd@physx@@@23@VNonTrackingAllocator@23@@23@XZ 00000001800149f0 f i CmWindowsModuleUpdateLoader.obj
 0001:00013a00       ?getNamedAllocMutex@Foundation@shdfnd@physx@@QEAAAEAV?$MutexT@VAllocator@shdfnd@physx@@@23@XZ 0000000180014a00 f i CmWindowsModuleUpdateLoader.obj
 0001:00013a10       ?getReportAllocationNames@Foundation@shdfnd@physx@@UEBA_NXZ 0000000180014a10 f i CmWindowsModuleUpdateLoader.obj
 0001:00013a20       ?getTempAllocFreeTable@Foundation@shdfnd@physx@@QEAAAEAV?$Array@PEATTempAllocatorChunk@shdfnd@physx@@VAllocator@23@@23@XZ 0000000180014a20 f i CmWindowsModuleUpdateLoader.obj
 0001:00013a30       ?getTempAllocMutex@Foundation@shdfnd@physx@@QEAAAEAV?$MutexT@VAllocator@shdfnd@physx@@@23@XZ 0000000180014a30 f i CmWindowsModuleUpdateLoader.obj
 0001:00013a40       ?setErrorLevel@Foundation@shdfnd@physx@@UEAAXW4Enum@PxErrorCode@3@@Z 0000000180014a40 f i CmWindowsModuleUpdateLoader.obj
 0001:00013a50       ?setReportAllocationNames@Foundation@shdfnd@physx@@UEAAX_N@Z 0000000180014a50 f i CmWindowsModuleUpdateLoader.obj
 0001:00013a60       ?CompleteBoxPruning@Cm@physx@@YA_NPEBVPxBounds3@2@IAEAV?$Array@IVNamedAllocator@shdfnd@physx@@@shdfnd@2@AEBVAxes@Gu@2@@Z 0000000180014a60 f   CmBoxPruning.obj
 0001:00013d60       ?BipartiteBoxPruning@Cm@physx@@YA_NPEBVPxBounds3@2@I0IAEAV?$Array@IVNamedAllocator@shdfnd@physx@@@shdfnd@2@AEBVAxes@Gu@2@@Z 0000000180014d60 f   CmBoxPruning.obj
 0001:000145b0       ?GetNbHits@RadixSort@Cm@physx@@QEBAIXZ 00000001800155b0 f i CmBoxPruning.obj
 0001:000145c0       ?GetNbTotalCalls@RadixSort@Cm@physx@@QEBAIXZ 00000001800155c0 f i CmBoxPruning.obj
 0001:000145d0       ?GetRanks@RadixSort@Cm@physx@@QEBAPEBIXZ 00000001800155d0 f i CmBoxPruning.obj
 0001:000145e0       ?GetRecyclable@RadixSort@Cm@physx@@QEBAPEAIXZ 00000001800155e0 f i CmBoxPruning.obj
 0001:000145f0       ?growAndPushBack@?$Array@IVNamedAllocator@shdfnd@physx@@@shdfnd@physx@@IEAAAEAIAEBI@Z 00000001800155f0 f i CmBoxPruning.obj
 0001:00014710       ?PxCreateCollection@@YAPEAVPxCollection@physx@@XZ 0000000180015710 f   CmCollection.obj
 0001:00014810       ?add@Collection@Cm@physx@@UEAAXAEAVPxBase@3@_K@Z 0000000180015810 f   CmCollection.obj
 0001:00014900       ?remove@Collection@Cm@physx@@UEAAXAEAVPxBase@3@@Z 0000000180015900 f   CmCollection.obj
 0001:00014a50       ?contains@Collection@Cm@physx@@UEBA_NAEAVPxBase@3@@Z 0000000180015a50 f   CmCollection.obj
 0001:00014b10       ?addId@Collection@Cm@physx@@UEAAXAEAVPxBase@3@_K@Z 0000000180015b10 f   CmCollection.obj
 0001:00014de0       ?removeId@Collection@Cm@physx@@UEAAX_K@Z 0000000180015de0 f   CmCollection.obj
 0001:00014ff0       ?find@Collection@Cm@physx@@UEBAPEAVPxBase@3@_K@Z 0000000180015ff0 f   CmCollection.obj
 0001:00015100       ?add@Collection@Cm@physx@@UEAAXAEAVPxCollection@3@@Z 0000000180016100 f   CmCollection.obj
 0001:00015320       ?remove@Collection@Cm@physx@@UEAAXAEAVPxCollection@3@@Z 0000000180016320 f   CmCollection.obj
 0001:00015480       ?getNbObjects@Collection@Cm@physx@@UEBAIXZ 0000000180016480 f   CmCollection.obj
 0001:00015490       ?getObject@Collection@Cm@physx@@UEBAAEAVPxBase@3@I@Z 0000000180016490 f   CmCollection.obj
 0001:000154b0       ?getObjects@Collection@Cm@physx@@UEBAIPEAPEAVPxBase@3@II@Z 00000001800164b0 f   CmCollection.obj
 0001:00015550       ?getNbIds@Collection@Cm@physx@@UEBAIXZ 0000000180016550 f   CmCollection.obj
 0001:00015560       ?getId@Collection@Cm@physx@@UEBA_KAEBVPxBase@3@@Z 0000000180016560 f   CmCollection.obj
 0001:00015620       ?getIds@Collection@Cm@physx@@UEBAIPEA_KII@Z 0000000180016620 f   CmCollection.obj
 0001:00015b40       ??1PxCollection@physx@@MEAA@XZ 0000000180016b40 f i CmCollection.obj
 0001:00015b50       ??_GCollection@Cm@physx@@UEAAPEAXI@Z 0000000180016b50 f i CmCollection.obj
 0001:00015b50       ??_ECollection@Cm@physx@@UEAAPEAXI@Z 0000000180016b50 f i CmCollection.obj
 0001:00015c20       ??_EPxCollection@physx@@MEAAPEAXI@Z 0000000180016c20 f i CmCollection.obj
 0001:00015c20       ??_GPxCollection@physx@@MEAAPEAXI@Z 0000000180016c20 f i CmCollection.obj
 0001:00015c60       ?create@?$HashBase@V?$Pair@$$CB_KPEAVPxBase@physx@@@shdfnd@physx@@_KU?$Hash@_K@23@UGetKey@?$HashMapBase@_KPEAVPxBase@physx@@U?$Hash@_K@shdfnd@2@VNonTrackingAllocator@42@@internal@23@VNonTrackingAllocator@23@$00@internal@shdfnd@physx@@QEAAPEAV?$Pair@$$CB_KPEAVPxBase@physx@@@34@AEB_KAEA_N@Z 0000000180016c60 f i CmCollection.obj
 0001:00015e60       ?create@?$HashBase@V?$Pair@QEAVPxBase@physx@@_K@shdfnd@physx@@PEAVPxBase@3@U?$Hash@PEAVPxBase@physx@@@23@UGetKey@?$HashMapBase@PEAVPxBase@physx@@_KU?$Hash@PEAVPxBase@physx@@@shdfnd@2@VNonTrackingAllocator@42@@internal@23@VNonTrackingAllocator@23@$00@internal@shdfnd@physx@@QEAAPEAV?$Pair@QEAVPxBase@physx@@_K@34@AEBQEAVPxBase@4@AEA_N@Z 0000000180016e60 f i CmCollection.obj
 0001:00016060       ?erase@?$HashBase@V?$Pair@$$CB_KPEAVPxBase@physx@@@shdfnd@physx@@_KU?$Hash@_K@23@UGetKey@?$HashMapBase@_KPEAVPxBase@physx@@U?$Hash@_K@shdfnd@2@VNonTrackingAllocator@42@@internal@23@VNonTrackingAllocator@23@$00@internal@shdfnd@physx@@QEAA_NAEB_K@Z 0000000180017060 f i CmCollection.obj
 0001:00016260       ?erase@?$HashBase@V?$Pair@QEAVPxBase@physx@@_K@shdfnd@physx@@PEAVPxBase@3@U?$Hash@PEAVPxBase@physx@@@23@UGetKey@?$HashMapBase@PEAVPxBase@physx@@_KU?$Hash@PEAVPxBase@physx@@@shdfnd@2@VNonTrackingAllocator@42@@internal@23@VNonTrackingAllocator@23@$00@internal@shdfnd@physx@@QEAA_NAEBQEAVPxBase@4@@Z 0000000180017260 f i CmCollection.obj
 0001:00016460       ?insert@?$HashMapBase@_KPEAVPxBase@physx@@U?$Hash@_K@shdfnd@2@VNonTrackingAllocator@42@@internal@shdfnd@physx@@QEAA_N_KQEAVPxBase@4@@Z 0000000180017460 f i CmCollection.obj
 0001:000164c0       ?release@Collection@Cm@physx@@UEAAXXZ 00000001800174c0 f i CmCollection.obj
 0001:000164e0       ?reserveInternal@?$HashBase@V?$Pair@$$CB_KPEAVPxBase@physx@@@shdfnd@physx@@_KU?$Hash@_K@23@UGetKey@?$HashMapBase@_KPEAVPxBase@physx@@U?$Hash@_K@shdfnd@2@VNonTrackingAllocator@42@@internal@23@VNonTrackingAllocator@23@$00@internal@shdfnd@physx@@AEAAXI@Z 00000001800174e0 f i CmCollection.obj
 0001:00016740       ?reserveInternal@?$HashBase@V?$Pair@QEAVPxBase@physx@@_K@shdfnd@physx@@PEAVPxBase@3@U?$Hash@PEAVPxBase@physx@@@23@UGetKey@?$HashMapBase@PEAVPxBase@physx@@_KU?$Hash@PEAVPxBase@physx@@@shdfnd@2@VNonTrackingAllocator@42@@internal@23@VNonTrackingAllocator@23@$00@internal@shdfnd@physx@@AEAAXI@Z 0000000180017740 f i CmCollection.obj
 0001:000169a0       ?PxTransformFromPlaneEquation@physx@@YA?AVPxTransform@1@AEBVPxPlane@1@@Z 00000001800179a0 f   CmMathUtils.obj
 0001:00016b70       ?PxTransformFromSegment@physx@@YA?AVPxTransform@1@AEBVPxVec3@1@0PEAM@Z 0000000180017b70 f   CmMathUtils.obj
 0001:00016db0       ??0PtrTable@Cm@physx@@QEAA@XZ 0000000180017db0 f   CmPtrTable.obj
 0001:00016dd0       ??1PtrTable@Cm@physx@@QEAA@XZ 0000000180017dd0 f   CmPtrTable.obj
 0001:00016de0       ?add@PtrTable@Cm@physx@@QEAAXPEAXAEAVPtrTableStorageManager@23@@Z 0000000180017de0 f   CmPtrTable.obj
 0001:00016eb0       ?replaceWithLast@PtrTable@Cm@physx@@QEAAXIAEAVPtrTableStorageManager@23@@Z 0000000180017eb0 f   CmPtrTable.obj
 0001:00016fb0       ?clear@PtrTable@Cm@physx@@QEAAXAEAVPtrTableStorageManager@23@@Z 0000000180017fb0 f   CmPtrTable.obj
 0001:00017030       ?find@PtrTable@Cm@physx@@QEBAIPEBX@Z 0000000180018030 f   CmPtrTable.obj
 0001:00017060       ?exportExtraData@PtrTable@Cm@physx@@QEAAXAEAVPxSerializationContext@3@@Z 0000000180018060 f   CmPtrTable.obj
 0001:000170b0       ?importExtraData@PtrTable@Cm@physx@@QEAAXAEAVPxDeserializationContext@3@@Z 00000001800180b0 f   CmPtrTable.obj
 0001:000170e0       ?getBinaryMetaData@PtrTable@Cm@physx@@SAXAEAVPxOutputStream@3@@Z 00000001800180e0 f   CmPtrTable.obj
 0001:000172a0       ?realloc@PtrTable@Cm@physx@@AEAAXIIAEAVPtrTableStorageManager@23@@Z 00000001800182a0 f   CmPtrTable.obj
 0001:00017490       ??0PtrTable@Cm@physx@@QEAA@W4PxEMPTY@2@@Z 0000000180018490 f i CmPtrTable.obj
 0001:000174c0       ??4PtrTable@Cm@physx@@QEAAAEAU012@AEBU012@@Z 00000001800184c0 f i CmPtrTable.obj
 0001:000174d0       ?getCount@PtrTable@Cm@physx@@QEBAIXZ 00000001800184d0 f i CmPtrTable.obj
 0001:000174e0       ?getPtrs@PtrTable@Cm@physx@@QEAAPEAPEAXXZ 00000001800184e0 f i CmPtrTable.obj
 0001:00017500       ?getPtrs@PtrTable@Cm@physx@@QEBAPEBQEAXXZ 0000000180018500 f i CmPtrTable.obj
 0001:00017520       ??0RadixSort@Cm@physx@@QEAA@XZ 0000000180018520 f   CmRadixSort.obj
 0001:00017560       ??1RadixSort@Cm@physx@@UEAA@XZ 0000000180018560 f   CmRadixSort.obj
 0001:00017580       ?Sort@RadixSort@Cm@physx@@QEAAAEAV123@PEBIIW4RadixHint@23@@Z 0000000180018580 f   CmRadixSort.obj
 0001:00017c20       ?Sort@RadixSort@Cm@physx@@QEAAAEAV123@PEBMI@Z 0000000180018c20 f   CmRadixSort.obj
 0001:000183d0       ?SetBuffers@RadixSort@Cm@physx@@QEAA_NPEAI00PEAPEAI@Z 00000001800193d0 f   CmRadixSort.obj
 0001:000187d0       ??_ERadixSort@Cm@physx@@UEAAPEAXI@Z 00000001800197d0 f i CmRadixSort.obj
 0001:00018880       ??_GRadixSort@Cm@physx@@UEAAPEAXI@Z 0000000180019880 f i CmRadixSort.obj
 0001:000188c0       ??0RadixSortBuffered@Cm@physx@@QEAA@XZ 00000001800198c0 f   CmRadixSortBuffered.obj
 0001:000188f0       ??1RadixSortBuffered@Cm@physx@@UEAA@XZ 00000001800198f0 f   CmRadixSortBuffered.obj
 0001:00018970       ?Sort@RadixSortBuffered@Cm@physx@@QEAAAEAV123@PEBIIW4RadixHint@23@@Z 0000000180019970 f   CmRadixSortBuffered.obj
 0001:00018a10       ?Sort@RadixSortBuffered@Cm@physx@@QEAAAEAV123@PEBMI@Z 0000000180019a10 f   CmRadixSortBuffered.obj
 0001:00018aa0       ?Resize@RadixSortBuffered@Cm@physx@@AEAA_NI@Z 0000000180019aa0 f   CmRadixSortBuffered.obj
 0001:00018c40       ??_ERadixSortBuffered@Cm@physx@@UEAAPEAXI@Z 0000000180019c40 f i CmRadixSortBuffered.obj
 0001:00018d90       ??_GRadixSortBuffered@Cm@physx@@UEAAPEAXI@Z 0000000180019d90 f i CmRadixSortBuffered.obj
 0001:00018de0       ?CheckResize@RadixSortBuffered@Cm@physx@@AEAAXI@Z 0000000180019de0 f i CmRadixSortBuffered.obj
 0001:00018e30       ??6RenderOutput@Cm@physx@@QEAAAEAV012@W4Primitive@012@@Z 0000000180019e30 f   CmRenderOutput.obj
 0001:00018e50       ??6RenderOutput@Cm@physx@@QEAAAEAV012@I@Z 0000000180019e50 f   CmRenderOutput.obj
 0001:00018e60       ??6RenderOutput@Cm@physx@@QEAAAEAV012@AEBVPxMat44@2@@Z 0000000180019e60 f   CmRenderOutput.obj
 0001:00018ed0       ??6RenderOutput@Cm@physx@@QEAAAEAV012@AEBVPxTransform@2@@Z 0000000180019ed0 f   CmRenderOutput.obj
 0001:00019060       ??6RenderOutput@Cm@physx@@QEAAAEAV012@VPxVec3@2@@Z 000000018001a060 f   CmRenderOutput.obj
 0001:000195c0       ??6RenderOutput@Cm@physx@@QEAAAEAV012@AEBUDebugText@12@@Z 000000018001a5c0 f   CmRenderOutput.obj
 0001:000197e0       ?outputCapsule@RenderOutput@Cm@physx@@QEAAAEAV123@MMAEBVPxMat44@3@@Z 000000018001a7e0 f   CmRenderOutput.obj
 0001:0001a2a0       ??0DebugText@Cm@physx@@QEAA@AEBVPxVec3@2@MPEBDZZ 000000018001b2a0 f   CmRenderOutput.obj
 0001:0001a300       ??6Cm@physx@@YAAEAVRenderOutput@01@AEAV201@AEBUDebugBox@01@@Z 000000018001b300 f   CmRenderOutput.obj
 0001:0001a800       ??6Cm@physx@@YAAEAVRenderOutput@01@AEAV201@AEBUDebugArrow@01@@Z 000000018001b800 f   CmRenderOutput.obj
 0001:0001ac10       ??6Cm@physx@@YAAEAVRenderOutput@01@AEAV201@AEBUDebugBasis@01@@Z 000000018001bc10 f   CmRenderOutput.obj
 0001:0001ad10       ??6Cm@physx@@YAAEAVRenderOutput@01@AEAV201@AEBUDebugCircle@01@@Z 000000018001bd10 f   CmRenderOutput.obj
 0001:0001ae00       ??6Cm@physx@@YAAEAVRenderOutput@01@AEAV201@AEBUDebugArc@01@@Z 000000018001be00 f   CmRenderOutput.obj
 0001:0001b730       ??$__vcrt_va_start_verify_argument_type@PEBD@@YAXXZ 000000018001c730 f i CmRenderOutput.obj
 0001:0001b740       ??0DebugText@Cm@physx@@QEAA@$$QEAU012@@Z 000000018001c740 f i CmRenderOutput.obj
 0001:0001b860       ??0DebugText@Cm@physx@@QEAA@AEBU012@@Z 000000018001c860 f i CmRenderOutput.obj
 0001:0001b980       ??0RenderOutput@Cm@physx@@QEAA@AEAVRenderBuffer@12@@Z 000000018001c980 f i CmRenderOutput.obj
 0001:0001b9f0       ??0RenderOutput@Cm@physx@@QEAA@AEBV012@@Z 000000018001c9f0 f i CmRenderOutput.obj
 0001:0001bac0       ??4DebugText@Cm@physx@@QEAAAEAU012@$$QEAU012@@Z 000000018001cac0 f i CmRenderOutput.obj
 0001:0001bb50       ??4DebugText@Cm@physx@@QEAAAEAU012@AEBU012@@Z 000000018001cb50 f i CmRenderOutput.obj
 0001:0001bbe0       ?copy@?$Array@UPxDebugLine@physx@@VNamedAllocator@shdfnd@2@@shdfnd@physx@@KAXPEAUPxDebugLine@3@0PEBU43@@Z 000000018001cbe0 f i CmRenderOutput.obj
 0001:0001be00       ?copy@?$Array@UPxDebugPoint@physx@@VNamedAllocator@shdfnd@2@@shdfnd@physx@@KAXPEAUPxDebugPoint@3@0PEBU43@@Z 000000018001ce00 f i CmRenderOutput.obj
 0001:0001bf40       ?copy@?$Array@UPxDebugText@physx@@VNamedAllocator@shdfnd@2@@shdfnd@physx@@KAXPEAUPxDebugText@3@0PEBU43@@Z 000000018001cf40 f i CmRenderOutput.obj
 0001:0001c110       ?copy@?$Array@UPxDebugTriangle@physx@@VNamedAllocator@shdfnd@2@@shdfnd@physx@@KAXPEAUPxDebugTriangle@3@0PEBU43@@Z 000000018001d110 f i CmRenderOutput.obj
 0001:0001c390       ?growAndPushBack@?$Array@DVNamedAllocator@shdfnd@physx@@@shdfnd@physx@@IEAAAEADAEBD@Z 000000018001d390 f i CmRenderOutput.obj
 0001:0001c4d0       ?growAndPushBack@?$Array@UPxDebugLine@physx@@VNamedAllocator@shdfnd@2@@shdfnd@physx@@IEAAAEAUPxDebugLine@3@AEBU43@@Z 000000018001d4d0 f i CmRenderOutput.obj
 0001:0001c610       ?growAndPushBack@?$Array@UPxDebugPoint@physx@@VNamedAllocator@shdfnd@2@@shdfnd@physx@@IEAAAEAUPxDebugPoint@3@AEBU43@@Z 000000018001d610 f i CmRenderOutput.obj
 0001:0001c720       ?growAndPushBack@?$Array@UPxDebugText@physx@@VNamedAllocator@shdfnd@2@@shdfnd@physx@@IEAAAEAUPxDebugText@3@AEBU43@@Z 000000018001d720 f i CmRenderOutput.obj
 0001:0001c850       ?growAndPushBack@?$Array@UPxDebugTriangle@physx@@VNamedAllocator@shdfnd@2@@shdfnd@physx@@IEAAAEAUPxDebugTriangle@3@AEBU43@@Z 000000018001d850 f i CmRenderOutput.obj
 0001:0001c9c0       ?outputSegment@RenderOutput@Cm@physx@@QEAAXAEBVPxVec3@3@0@Z 000000018001d9c0 f i CmRenderOutput.obj
 0001:0001cab0       ?recreate@?$Array@DVNamedAllocator@shdfnd@physx@@@shdfnd@physx@@IEAAXI@Z 000000018001dab0 f i CmRenderOutput.obj
 0001:0001cbc0       ?recreate@?$Array@UPxDebugLine@physx@@VNamedAllocator@shdfnd@2@@shdfnd@physx@@IEAAXI@Z 000000018001dbc0 f i CmRenderOutput.obj
 0001:0001cc80       ?reserveSegments@RenderOutput@Cm@physx@@QEAAPEAUPxDebugLine@3@I@Z 000000018001dc80 f i CmRenderOutput.obj
 0001:0001cd00       ?visualizeJointFrames@Cm@physx@@YAXAEAVRenderOutput@12@MAEBVPxTransform@2@1@Z 000000018001dd00 f   CmVisualization.obj
 0001:0001cdd0       ?visualizeLinearLimit@Cm@physx@@YAXAEAVRenderOutput@12@MAEBVPxTransform@2@1M_N@Z 000000018001ddd0 f   CmVisualization.obj
 0001:0001d030       ?visualizeAngularLimit@Cm@physx@@YAXAEAVRenderOutput@12@MAEBVPxTransform@2@MM_N@Z 000000018001e030 f   CmVisualization.obj
 0001:0001d200       ?visualizeLimitCone@Cm@physx@@YAXAEAVRenderOutput@12@MAEBVPxTransform@2@MM_N@Z 000000018001e200 f   CmVisualization.obj
 0001:0001d4a0       ?visualizeDoubleCone@Cm@physx@@YAXAEAVRenderOutput@12@MAEBVPxTransform@2@M_N@Z 000000018001e4a0 f   CmVisualization.obj
 0001:0001d980       ??DPxQuat@physx@@QEBA?AV01@AEBV01@@Z 000000018001e980 f i CmVisualization.obj
 0001:0001db00       ?contactBoxBox@Gu@physx@@YA_NAEBVGeometryUnion@12@0AEBVPxTransform@2@1AEBUNarrowPhaseParams@12@AEAUCache@12@AEAVContactBuffer@12@PEAVRenderOutput@Cm@2@@Z 000000018001eb00 f   GuContactBoxBox.obj
 0001:0001deb0       ??0Box@Gu@physx@@QEAA@AEBV012@@Z 000000018001eeb0 f i GuContactBoxBox.obj
 0001:0001df30       ??0Box@Gu@physx@@QEAA@AEBVPxVec3@2@0AEBVPxMat33@2@@Z 000000018001ef30 f i GuContactBoxBox.obj
 0001:0001dfb0       ??0Box@Gu@physx@@QEAA@XZ   000000018001efb0 f i GuContactBoxBox.obj
 0001:0001dfc0       ??0GeometryUnion@Gu@physx@@QEAA@AEBVPxGeometry@2@@Z 000000018001efc0 f i GuContactBoxBox.obj
 0001:0001dfe0       ??0GeometryUnion@Gu@physx@@QEAA@W4PxEMPTY@2@@Z 000000018001efe0 f i GuContactBoxBox.obj
 0001:0001dff0       ??0GeometryUnion@Gu@physx@@QEAA@XZ 000000018001eff0 f i GuContactBoxBox.obj
 0001:0001e000       ??0MaterialIndicesStruct@physx@@QEAA@W4PxEMPTY@1@@Z 000000018001f000 f i GuContactBoxBox.obj
 0001:0001e010       ??0MaterialIndicesStruct@physx@@QEAA@XZ 000000018001f010 f i GuContactBoxBox.obj
 0001:0001e020       ??0PxQuat@physx@@QEAA@AEBVPxMat33@1@@Z 000000018001f020 f i GuContactBoxBox.obj
 0001:0001e280       ??0PxVec3@physx@@QEAA@XZ   000000018001f280 f i GuContactBoxBox.obj
 0001:0001e290       ??0VertexInfo@@QEAA@XZ     000000018001f290 f i GuContactBoxBox.obj
 0001:0001e2a0       ??1Box@Gu@physx@@QEAA@XZ   000000018001f2a0 f i GuContactBoxBox.obj
 0001:0001e2b0       ??1MaterialIndicesStruct@physx@@QEAA@XZ 000000018001f2b0 f i GuContactBoxBox.obj
 0001:0001e2c0       ??1PxBase@physx@@MEAA@XZ   000000018001f2c0 f i GuContactBoxBox.obj
 0001:0001e2d0       ??1PxConvexMesh@physx@@MEAA@XZ 000000018001f2d0 f i GuContactBoxBox.obj
 0001:0001e2e0       ??4Box@Gu@physx@@QEAAAEBV012@AEBV012@@Z 000000018001f2e0 f i GuContactBoxBox.obj
 0001:0001e360       ??4GeometryUnion@Gu@physx@@QEAAAEAV012@$$QEAV012@@Z 000000018001f360 f i GuContactBoxBox.obj
 0001:0001e3a0       ??4GeometryUnion@Gu@physx@@QEAAAEAV012@AEBV012@@Z 000000018001f3a0 f i GuContactBoxBox.obj
 0001:0001e3e0       ??4MaterialIndicesStruct@physx@@QEAAAEAU01@AEBU01@@Z 000000018001f3e0 f i GuContactBoxBox.obj
 0001:0001e3f0       ??_EPxBase@physx@@MEAAPEAXI@Z 000000018001f3f0 f i GuContactBoxBox.obj
 0001:0001e3f0       ??_GPxBase@physx@@MEAAPEAXI@Z 000000018001f3f0 f i GuContactBoxBox.obj
 0001:0001e430       ??_H@YAXPEAX_K1P6APEAX0@Z@Z 000000018001f430 f i GuContactBoxBox.obj
 0001:0001e490       ?allocate@MaterialIndicesStruct@physx@@QEAAXG@Z 000000018001f490 f i GuContactBoxBox.obj
 0001:0001e510       ?computeAABBExtent@Box@Gu@physx@@QEBA?AVPxVec3@3@XZ 000000018001f510 f i GuContactBoxBox.obj
 0001:0001e600       ?computeBoxPoints@Box@Gu@physx@@QEBAXPEIAVPxVec3@3@@Z 000000018001f600 f i GuContactBoxBox.obj
 0001:0001e640       ?deallocate@MaterialIndicesStruct@physx@@QEAAXXZ 000000018001f640 f i GuContactBoxBox.obj
 0001:00021b70       ?getConcreteTypeName@PxConvexMesh@physx@@UEBAPEBDXZ 0000000180022b70 f i GuContactBoxBox.obj
 0001:00021b80       ?getGeometry@GeometryUnion@Gu@physx@@QEBAAEBVPxGeometry@3@XZ 0000000180022b80 f i GuContactBoxBox.obj
 0001:00021b90       ?getTransform@Box@Gu@physx@@QEBA?AVPxTransform@3@XZ 0000000180022b90 f i GuContactBoxBox.obj
 0001:00021c00       ?getType@GeometryUnion@Gu@physx@@QEBA?AW4Enum@PxGeometryType@3@XZ 0000000180022c00 f i GuContactBoxBox.obj
 0001:00021c10       ?isKindOf@PxBase@physx@@MEBA_NPEBD@Z 0000000180022c10 f i GuContactBoxBox.obj
 0001:00021c50       ?isKindOf@PxConvexMesh@physx@@MEBA_NPEBD@Z 0000000180022c50 f i GuContactBoxBox.obj
 0001:00021cb0       ?isReleasable@PxBase@physx@@UEBA_NXZ 0000000180022cb0 f i GuContactBoxBox.obj
 0001:00021cc0       ?isValid@Box@Gu@physx@@QEBA_NXZ 0000000180022cc0 f i GuContactBoxBox.obj
 0001:00021ce0       ?rotate@Box@Gu@physx@@QEBA?AVPxVec3@3@AEBV43@@Z 0000000180022ce0 f i GuContactBoxBox.obj
 0001:00021d90       ?rotateInv@Box@Gu@physx@@QEBA?AVPxVec3@3@AEBV43@@Z 0000000180022d90 f i GuContactBoxBox.obj
 0001:00021e40       ?setAxes@Box@Gu@physx@@QEAAXAEBVPxVec3@3@00@Z 0000000180022e40 f i GuContactBoxBox.obj
 0001:00021e90       ?setEmpty@Box@Gu@physx@@QEAAXXZ 0000000180022e90 f i GuContactBoxBox.obj
 0001:00021ee0       ?transform@Box@Gu@physx@@QEBA?AVPxVec3@3@AEBV43@@Z 0000000180022ee0 f i GuContactBoxBox.obj
 0001:00021fa0       ?contactCapsuleBox@Gu@physx@@YA_NAEBVGeometryUnion@12@0AEBVPxTransform@2@1AEBUNarrowPhaseParams@12@AEAUCache@12@AEAVContactBuffer@12@PEAVRenderOutput@Cm@2@@Z 0000000180022fa0 f   GuContactCapsuleBox.obj
 0001:000243b0       ?contactCapsuleCapsule@Gu@physx@@YA_NAEBVGeometryUnion@12@0AEBVPxTransform@2@1AEBUNarrowPhaseParams@12@AEAUCache@12@AEAVContactBuffer@12@PEAVRenderOutput@Cm@2@@Z 00000001800253b0 f   GuContactCapsuleCapsule.obj
 0001:00024fa0       ??0Segment@Gu@physx@@QEAA@XZ 0000000180025fa0 f i GuContactCapsuleCapsule.obj
 0001:00024fb0       ??1Segment@Gu@physx@@QEAA@XZ 0000000180025fb0 f i GuContactCapsuleCapsule.obj
 0001:00024fc0       ?contactCapsuleConvex@Gu@physx@@YA_NAEBVGeometryUnion@12@0AEBVPxTransform@2@1AEBUNarrowPhaseParams@12@AEAUCache@12@AEAVContactBuffer@12@PEAVRenderOutput@Cm@2@@Z 0000000180025fc0 f   GuContactCapsuleConvex.obj
 0001:000262e0       ??$gjk@U?$LocalConvex@VCapsuleV@Gu@physx@@@Gu@physx@@U?$LocalConvex@VConvexHullV@Gu@physx@@@23@@Gu@physx@@YA?AW4GjkStatus@01@AEBU?$LocalConvex@VCapsuleV@Gu@physx@@@01@AEBU?$LocalConvex@VConvexHullV@Gu@physx@@@01@AEBT__m128@@2AEAT5@333@Z 00000001800272e0 f i GuContactCapsuleConvex.obj
 0001:000275e0       ??0ConvexEdge@Gu@physx@@QEAA@XZ 00000001800285e0 f i GuContactCapsuleConvex.obj
 0001:000275f0       ??0ConvexMesh@Gu@physx@@QEAA@V?$PxFlags@W4Enum@PxBaseFlag@physx@@G@2@@Z 00000001800285f0 f i GuContactCapsuleConvex.obj
 0001:00027650       ??0HullPolygonData@Gu@physx@@QEAA@AEBU012@@Z 0000000180028650 f i GuContactCapsuleConvex.obj
 0001:00027690       ??0PolygonalBox@Gu@physx@@QEAA@AEBV012@@Z 0000000180028690 f i GuContactCapsuleConvex.obj
 0001:000279b0       ??0PxVec3@physx@@QEAA@AEBV01@@Z 00000001800289b0 f i GuContactCapsuleConvex.obj
 0001:000279d0       ??1GjkConvexBase@Gu@physx@@UEAA@XZ 00000001800289d0 f i GuContactCapsuleConvex.obj
 0001:000279e0       ??1RefCountable@Cm@physx@@UEAA@XZ 00000001800289e0 f i GuContactCapsuleConvex.obj
 0001:000279f0       ??4FPUGuard@shdfnd@physx@@QEAAAEAV012@AEBV012@@Z 00000001800289f0 f i GuContactCapsuleConvex.obj
 0001:00027a10       ??Dphysx@@YA?AVMatrix34@Cm@0@AEBVPxMeshScale@0@AEBVPxTransform@0@@Z 0000000180028a10 f i GuContactCapsuleConvex.obj
 0001:000282b0       ??_EConvexMesh@Gu@physx@@UEAAPEAXI@Z 00000001800292b0 f i GuContactCapsuleConvex.obj
 0001:00028400       ??_EConvexMesh@Gu@physx@@WBA@EAAPEAXI@Z 0000000180029400 f i GuContactCapsuleConvex.obj
 0001:00028410       ??_EPxConvexMesh@physx@@MEAAPEAXI@Z 0000000180029410 f i GuContactCapsuleConvex.obj
 0001:000284c0       ??_E?$LocalConvex@VCapsuleV@Gu@physx@@@Gu@physx@@UEAAPEAXI@Z 00000001800294c0 f i GuContactCapsuleConvex.obj
 0001:000284c0       ??_G?$LocalConvex@VCapsuleV@Gu@physx@@@Gu@physx@@UEAAPEAXI@Z 00000001800294c0 f i GuContactCapsuleConvex.obj
 0001:00028500       ??_G?$LocalConvex@VConvexHullV@Gu@physx@@@Gu@physx@@UEAAPEAXI@Z 0000000180029500 f i GuContactCapsuleConvex.obj
 0001:00028500       ??_E?$LocalConvex@VConvexHullV@Gu@physx@@@Gu@physx@@UEAAPEAXI@Z 0000000180029500 f i GuContactCapsuleConvex.obj
 0001:00028540       ??_GGjkConvex@Gu@physx@@UEAAPEAXI@Z 0000000180029540 f i GuContactCapsuleConvex.obj
 0001:00028540       ??_EGjkConvex@Gu@physx@@UEAAPEAXI@Z 0000000180029540 f i GuContactCapsuleConvex.obj
 0001:00028580       ??_GGjkConvexBase@Gu@physx@@UEAAPEAXI@Z 0000000180029580 f i GuContactCapsuleConvex.obj
 0001:00028580       ??_EGjkConvexBase@Gu@physx@@UEAAPEAXI@Z 0000000180029580 f i GuContactCapsuleConvex.obj
 0001:000285c0       ??_ERefCountable@Cm@physx@@UEAAPEAXI@Z 00000001800295c0 f i GuContactCapsuleConvex.obj
 0001:000285c0       ??_GRefCountable@Cm@physx@@UEAAPEAXI@Z 00000001800295c0 f i GuContactCapsuleConvex.obj
 0001:00028600       ??__G@YAXPEAX0_K1P6APEAX00@Z@Z 0000000180029600 f i GuContactCapsuleConvex.obj
 0001:0002adc0       ?getCenter@?$LocalConvex@VCapsuleV@Gu@physx@@@Gu@physx@@UEBA?AT__m128@@XZ 000000018002bdc0 f i GuContactCapsuleConvex.obj
 0001:0002ade0       ?getCenter@?$LocalConvex@VConvexHullV@Gu@physx@@@Gu@physx@@UEBA?AT__m128@@XZ 000000018002bde0 f i GuContactCapsuleConvex.obj
 0001:0002ae00       ?getIndexBuffer@ConvexMesh@Gu@physx@@UEBAPEBEXZ 000000018002be00 f i GuContactCapsuleConvex.obj
 0001:0002ae50       ?getInverse@PxMat33@physx@@QEBA?BV12@XZ 000000018002be50 f i GuContactCapsuleConvex.obj
 0001:0002b130       ?getNbPolygons@ConvexMesh@Gu@physx@@UEBAIXZ 000000018002c130 f i GuContactCapsuleConvex.obj
 0001:0002b140       ?getNbVertices@ConvexMesh@Gu@physx@@UEBAIXZ 000000018002c140 f i GuContactCapsuleConvex.obj
 0001:0002b150       ?getSweepMargin@?$LocalConvex@VCapsuleV@Gu@physx@@@Gu@physx@@UEBA?AT__m128@@XZ 000000018002c150 f i GuContactCapsuleConvex.obj
 0001:0002b160       ?getSweepMargin@?$LocalConvex@VConvexHullV@Gu@physx@@@Gu@physx@@UEBA?AT__m128@@XZ 000000018002c160 f i GuContactCapsuleConvex.obj
 0001:0002b190       ?getSweepMargin@GjkConvex@Gu@physx@@UEBA?AT__m128@@XZ 000000018002c190 f i GuContactCapsuleConvex.obj
 0001:0002b1b0       ?getVertices@ConvexMesh@Gu@physx@@UEBAPEBVPxVec3@3@XZ 000000018002c1b0 f i GuContactCapsuleConvex.obj
 0001:0002b1d0       ?hillClimbing@ConvexHullV@Gu@physx@@QEBAIAEBT__m128@@@Z 000000018002c1d0 f i GuContactCapsuleConvex.obj
 0001:0002b490       ?init@FastVertex2ShapeScaling@Cm@physx@@QEAAXAEBVPxVec3@3@AEBVPxQuat@3@@Z 000000018002c490 f i GuContactCapsuleConvex.obj
 0001:0002b9f0       ?onRefCountZero@RefCountable@Cm@physx@@UEAAXXZ 000000018002c9f0 f i GuContactCapsuleConvex.obj
 0001:0002ba10       ?requires@ConvexMesh@Gu@physx@@UEAAXAEAVPxProcessPxBaseCallback@3@@Z 000000018002ca10 f i GuContactCapsuleConvex.obj
 0001:0002ba20       ?support@?$LocalConvex@VCapsuleV@Gu@physx@@@Gu@physx@@UEBA?AT__m128@@AEBT4@@Z 000000018002ca20 f i GuContactCapsuleConvex.obj
 0001:0002ba90       ?support@?$LocalConvex@VCapsuleV@Gu@physx@@@Gu@physx@@UEBA?AT__m128@@AEBT4@AEAHPEAT4@@Z 000000018002ca90 f i GuContactCapsuleConvex.obj
 0001:0002bb20       ?support@?$LocalConvex@VConvexHullV@Gu@physx@@@Gu@physx@@UEBA?AT__m128@@AEBT4@@Z 000000018002cb20 f i GuContactCapsuleConvex.obj
 0001:0002bc40       ?support@?$LocalConvex@VConvexHullV@Gu@physx@@@Gu@physx@@UEBA?AT__m128@@AEBT4@AEAHPEAT4@@Z 000000018002cc40 f i GuContactCapsuleConvex.obj
 0001:0002bd40       ?support@GjkConvex@Gu@physx@@UEBA?AT__m128@@AEBT4@@Z 000000018002cd40 f i GuContactCapsuleConvex.obj
 0001:0002bd60       ?support@GjkConvex@Gu@physx@@UEBA?AT__m128@@AEBT4@AEAHPEAT4@@Z 000000018002cd60 f i GuContactCapsuleConvex.obj
 0001:0002bd90       ?supportPoint@?$LocalConvex@VCapsuleV@Gu@physx@@@Gu@physx@@UEBA?AT__m128@@HPEAT4@@Z 000000018002cd90 f i GuContactCapsuleConvex.obj
 0001:0002bdc0       ?supportPoint@?$LocalConvex@VConvexHullV@Gu@physx@@@Gu@physx@@UEBA?AT__m128@@HPEAT4@@Z 000000018002cdc0 f i GuContactCapsuleConvex.obj
 0001:0002be20       ?supportPoint@GjkConvex@Gu@physx@@UEBA?AT__m128@@HPEAT4@@Z 000000018002ce20 f i GuContactCapsuleConvex.obj
 0001:0002be40       ?supportVertexIndex@ConvexHullV@Gu@physx@@QEBAIAEBT__m128@@@Z 000000018002ce40 f i GuContactCapsuleConvex.obj
 0001:0002bf00       ?contactCapsuleMesh@Gu@physx@@YA_NAEBVGeometryUnion@12@0AEBVPxTransform@2@1AEBUNarrowPhaseParams@12@AEAUCache@12@AEAVContactBuffer@12@PEAVRenderOutput@Cm@2@@Z 000000018002cf00 f   GuContactCapsuleMesh.obj
 0001:0002c420       ?contactCapsuleHeightfield@Gu@physx@@YA_NAEBVGeometryUnion@12@0AEBVPxTransform@2@1AEBUNarrowPhaseParams@12@AEAUCache@12@AEAVContactBuffer@12@PEAVRenderOutput@Cm@2@@Z 000000018002d420 f   GuContactCapsuleMesh.obj
 0001:0002d000       ??0HeightFieldData@Gu@physx@@QEAA@$$QEAU012@@Z 000000018002e000 f i GuContactCapsuleMesh.obj
 0001:0002d080       ??0HeightFieldData@Gu@physx@@QEAA@AEBU012@@Z 000000018002e080 f i GuContactCapsuleMesh.obj
 0001:0002d100       ??0HeightFieldData@Gu@physx@@QEAA@W4PxEMPTY@2@@Z 000000018002e100 f i GuContactCapsuleMesh.obj
 0001:0002d110       ??0HeightFieldData@Gu@physx@@QEAA@XZ 000000018002e110 f i GuContactCapsuleMesh.obj
 0001:0002d120       ??0HeightFieldUtil@Gu@physx@@QEAA@AEBVPxHeightFieldGeometry@2@@Z 000000018002e120 f i GuContactCapsuleMesh.obj
 0001:0002d170       ??0HeightFieldUtil@Gu@physx@@QEAA@AEBVPxHeightFieldGeometry@2@AEBVHeightField@12@@Z 000000018002e170 f i GuContactCapsuleMesh.obj
 0001:0002d1c0       ??0HeightFieldUtil@Gu@physx@@QEAA@XZ 000000018002e1c0 f i GuContactCapsuleMesh.obj
 0001:0002d1d0       ??1?$EntityReport@I@Gu@physx@@UEAA@XZ 000000018002e1d0 f i GuContactCapsuleMesh.obj
 0001:0002d1e0       ??1?$MeshHitCallback@UPxRaycastHit@physx@@@Gu@physx@@UEAA@XZ 000000018002e1e0 f i GuContactCapsuleMesh.obj
 0001:0002d1f0       ??1HeightFieldData@Gu@physx@@QEAA@XZ 000000018002e1f0 f i GuContactCapsuleMesh.obj
 0001:0002d200       ??1PxHeightField@physx@@MEAA@XZ 000000018002e200 f i GuContactCapsuleMesh.obj
 0001:0002d210       ??4HeightFieldData@Gu@physx@@QEAAAEAU012@$$QEAU012@@Z 000000018002e210 f i GuContactCapsuleMesh.obj
 0001:0002d290       ??4HeightFieldData@Gu@physx@@QEAAAEAU012@AEBU012@@Z 000000018002e290 f i GuContactCapsuleMesh.obj
 0001:0002d310       ??4HeightFieldUtil@Gu@physx@@QEAAAEAV012@$$QEAV012@@Z 000000018002e310 f i GuContactCapsuleMesh.obj
 0001:0002d340       ??4HeightFieldUtil@Gu@physx@@QEAAAEAV012@AEBV012@@Z 000000018002e340 f i GuContactCapsuleMesh.obj
 0001:0002d360       ??_E?$EntityReport@I@Gu@physx@@UEAAPEAXI@Z 000000018002e360 f i GuContactCapsuleMesh.obj
 0001:0002d360       ??_G?$EntityReport@I@Gu@physx@@UEAAPEAXI@Z 000000018002e360 f i GuContactCapsuleMesh.obj
 0001:0002d3a0       ??_E?$MeshHitCallback@UPxRaycastHit@physx@@@Gu@physx@@UEAAPEAXI@Z 000000018002e3a0 f i GuContactCapsuleMesh.obj
 0001:0002d3a0       ??_G?$MeshHitCallback@UPxRaycastHit@physx@@@Gu@physx@@UEAAPEAXI@Z 000000018002e3a0 f i GuContactCapsuleMesh.obj
 0001:0002d3e0       ??_GCapsuleHeightfieldContactGenerationCallback@?A0x1ece18df@@UEAAPEAXI@Z 000000018002e3e0 f i GuContactCapsuleMesh.obj
 0001:0002d3e0       ??_ECapsuleHeightfieldContactGenerationCallback@?A0x1ece18df@@UEAAPEAXI@Z 000000018002e3e0 f i GuContactCapsuleMesh.obj
 0001:0002d420       ??_GCapsuleMeshContactGenerationCallback_NoScale@?A0x1ece18df@@UEAAPEAXI@Z 000000018002e420 f i GuContactCapsuleMesh.obj
 0001:0002d420       ??_ECapsuleMeshContactGenerationCallback_NoScale@?A0x1ece18df@@UEAAPEAXI@Z 000000018002e420 f i GuContactCapsuleMesh.obj
 0001:0002d460       ??_GCapsuleMeshContactGenerationCallback_Scale@?A0x1ece18df@@UEAAPEAXI@Z 000000018002e460 f i GuContactCapsuleMesh.obj
 0001:0002d460       ??_ECapsuleMeshContactGenerationCallback_Scale@?A0x1ece18df@@UEAAPEAXI@Z 000000018002e460 f i GuContactCapsuleMesh.obj
 0001:0002ecf0       ?ceilUp@HeightFieldUtil@Gu@physx@@SAMM@Z 000000018002fcf0 f i GuContactCapsuleMesh.obj
 0001:0002ed40       ?clipShapeNormalToVertexVoronoi@HeightFieldUtil@Gu@physx@@QEBA_NAEAVPxVec3@3@III@Z 000000018002fd40 f i GuContactCapsuleMesh.obj
 0001:0002f0f0       ?computePointNormal@HeightFieldUtil@Gu@physx@@QEBA?AVPxVec3@3@IAEBV43@AEBVPxTransform@3@MMMMAEAM@Z 00000001800300f0 f i GuContactCapsuleMesh.obj
 0001:0002f620       ?floorDown@HeightFieldUtil@Gu@physx@@SAMM@Z 0000000180030620 f i GuContactCapsuleMesh.obj
 0001:0002f670       ?getConcreteTypeName@PxHeightField@physx@@UEBAPEBDXZ 0000000180030670 f i GuContactCapsuleMesh.obj
 0001:0002f680       ?getConvexEdgeThreshold@HeightField@Gu@physx@@UEBAMXZ 0000000180030680 f i GuContactCapsuleMesh.obj
 0001:0002f690       ?getEdgeDirection@HeightFieldUtil@Gu@physx@@QEBA?AVPxVec3@3@II@Z 0000000180030690 f i GuContactCapsuleMesh.obj
 0001:0002f840       ?getFeatureIndex@HeightFieldUtil@Gu@physx@@SAII@Z 0000000180030840 f i GuContactCapsuleMesh.obj
 0001:0002f850       ?getFeatureType@HeightFieldUtil@Gu@physx@@SA?AW4Feature@123@I@Z 0000000180030850 f i GuContactCapsuleMesh.obj
 0001:0002f860       ?getFlags@HeightField@Gu@physx@@UEBA?AV?$PxFlags@W4Enum@PxHeightFieldFlag@physx@@G@3@XZ 0000000180030860 f i GuContactCapsuleMesh.obj
 0001:0002f870       ?getFormat@HeightField@Gu@physx@@UEBA?AW4Enum@PxHeightFieldFormat@3@XZ 0000000180030870 f i GuContactCapsuleMesh.obj
 0001:0002f880       ?getHeight@HeightField@Gu@physx@@UEBAMMM@Z 0000000180030880 f i GuContactCapsuleMesh.obj
 0001:0002f8d0       ?getHeightAtShapePoint2@HeightFieldUtil@Gu@physx@@QEBAMIMM@Z 00000001800308d0 f i GuContactCapsuleMesh.obj
 0001:0002f900       ?getHeightAtShapePoint@HeightFieldUtil@Gu@physx@@QEBAMMM@Z 0000000180030900 f i GuContactCapsuleMesh.obj
 0001:0002f980       ?getHeightField@HeightFieldUtil@Gu@physx@@QEBAAEBVHeightField@23@XZ 0000000180030980 f i GuContactCapsuleMesh.obj
 0001:0002f990       ?getHeightFieldGeometry@HeightFieldUtil@Gu@physx@@QEBAAEBVPxHeightFieldGeometry@3@XZ 0000000180030990 f i GuContactCapsuleMesh.obj
 0001:0002f9a0       ?getHeightInternal2@HeightField@Gu@physx@@QEBAMIMM@Z 00000001800309a0 f i GuContactCapsuleMesh.obj
 0001:0002fb60       ?getNbColumns@HeightField@Gu@physx@@UEBAIXZ 0000000180030b60 f i GuContactCapsuleMesh.obj
 0001:0002fb70       ?getNbRows@HeightField@Gu@physx@@UEBAIXZ 0000000180030b70 f i GuContactCapsuleMesh.obj
 0001:0002fb80       ?getNormalAtShapePoint2@HeightFieldUtil@Gu@physx@@QEBA?AVPxVec3@3@IMM@Z 0000000180030b80 f i GuContactCapsuleMesh.obj
 0001:0002fbe0       ?getNormalAtShapePoint@HeightFieldUtil@Gu@physx@@QEBA?AVPxVec3@3@MM@Z 0000000180030be0 f i GuContactCapsuleMesh.obj
 0001:0002fcc0       ?getNormal_2@HeightField@Gu@physx@@QEBA?AVPxVec3@3@IMMMMM@Z 0000000180030cc0 f i GuContactCapsuleMesh.obj
 0001:0002fe10       ?getOneOverColumnScale@HeightFieldUtil@Gu@physx@@QEBAMXZ 0000000180030e10 f i GuContactCapsuleMesh.obj
 0001:0002fe20       ?getOneOverHeightScale@HeightFieldUtil@Gu@physx@@QEBAMXZ 0000000180030e20 f i GuContactCapsuleMesh.obj
 0001:0002fe30       ?getOneOverRowScale@HeightFieldUtil@Gu@physx@@QEBAMXZ 0000000180030e30 f i GuContactCapsuleMesh.obj
 0001:0002fe40       ?getPaddedBounds@HeightFieldData@Gu@physx@@QEBAAEBVCenterExtentsPadded@23@XZ 0000000180030e40 f i GuContactCapsuleMesh.obj
 0001:0002fe50       ?getSampleStride@HeightField@Gu@physx@@UEBAIXZ 0000000180030e50 f i GuContactCapsuleMesh.obj
 0001:0002fe60       ?getThickness@HeightField@Gu@physx@@UEBAMXZ 0000000180030e60 f i GuContactCapsuleMesh.obj
 0001:0002fe70       ?getTimestamp@HeightField@Gu@physx@@UEBAIXZ 0000000180030e70 f i GuContactCapsuleMesh.obj
 0001:0002fe80       ?getTriangleMaterialIndex@HeightField@Gu@physx@@UEBAGI@Z 0000000180030e80 f i GuContactCapsuleMesh.obj
 0001:0002fec0       ?getTriangleNormal@HeightField@Gu@physx@@UEBA?AVPxVec3@3@I@Z 0000000180030ec0 f i GuContactCapsuleMesh.obj
 0001:0002fee0       ?getTriangleNormalInternal@HeightField@Gu@physx@@QEBA?AVPxVec3@3@I@Z 0000000180030ee0 f i GuContactCapsuleMesh.obj
 0001:00030090       ?getVertexNormal@HeightFieldUtil@Gu@physx@@QEBA?AVPxVec3@3@I@Z 0000000180031090 f i GuContactCapsuleMesh.obj
 0001:000300d0       ?hf2shapen@HeightFieldUtil@Gu@physx@@QEBA?AVPxVec3@3@AEBV43@@Z 00000001800310d0 f i GuContactCapsuleMesh.obj
 0001:00030110       ?hf2shapep@HeightFieldUtil@Gu@physx@@QEBA?AVPxVec3@3@AEBV43@@Z 0000000180031110 f i GuContactCapsuleMesh.obj
 0001:00030160       ?hf2worldn@HeightFieldUtil@Gu@physx@@QEBA?AVPxVec3@3@AEBVPxTransform@3@AEBV43@@Z 0000000180031160 f i GuContactCapsuleMesh.obj
 0001:00030330       ?hf2worldp@HeightFieldUtil@Gu@physx@@QEBA?AVPxVec3@3@AEBVPxTransform@3@AEBV43@@Z 0000000180031330 f i GuContactCapsuleMesh.obj
 0001:00030510       ?initialize@HeightFieldUtil@Gu@physx@@AEAAXXZ 0000000180031510 f i GuContactCapsuleMesh.obj
 0001:00030550       ?initialize@HeightFieldUtil@Gu@physx@@QEAAXAEBVPxHeightFieldGeometry@3@AEBVHeightField@23@@Z 0000000180031550 f i GuContactCapsuleMesh.obj
 0001:000305a0       ?isCollisionVertex@HeightFieldUtil@Gu@physx@@QEBA_NIII@Z 00000001800315a0 f i GuContactCapsuleMesh.obj
 0001:000305c0       ?isKindOf@PxHeightField@physx@@MEBA_NPEBD@Z 00000001800315c0 f i GuContactCapsuleMesh.obj
 0001:00030620       ?isQueryVertex@HeightFieldUtil@Gu@physx@@QEBA_NIII@Z 0000000180031620 f i GuContactCapsuleMesh.obj
 0001:00030710       ?isShapePointOnHeightField@HeightFieldUtil@Gu@physx@@QEBA_NMM@Z 0000000180031710 f i GuContactCapsuleMesh.obj
 0001:00030770       ?makeFeatureCode@HeightFieldUtil@Gu@physx@@SAIIW4Feature@123@@Z 0000000180031770 f i GuContactCapsuleMesh.obj
 0001:00031680       ?shape2hfp@HeightFieldUtil@Gu@physx@@QEBA?AVPxVec3@3@AEBV43@@Z 0000000180032680 f i GuContactCapsuleMesh.obj
 0001:000316c0       ?transformFast@PxBounds3@physx@@SA?AV12@AEBVPxTransform@2@AEBV12@@Z 00000001800326c0 f i GuContactCapsuleMesh.obj
 0001:00031bf0       ?transformQueryBounds@FastVertex2ShapeScaling@Cm@physx@@QEBAXAEAVPxVec3@3@0AEAVPxMat33@3@@Z 0000000180032bf0 f i GuContactCapsuleMesh.obj
 0001:00031ee0       ?contactBoxConvex@Gu@physx@@YA_NAEBVGeometryUnion@12@0AEBVPxTransform@2@1AEBUNarrowPhaseParams@12@AEAUCache@12@AEAVContactBuffer@12@PEAVRenderOutput@Cm@2@@Z 0000000180032ee0 f   GuContactConvexConvex.obj
 0001:00032080       ?contactConvexConvex@Gu@physx@@YA_NAEBVGeometryUnion@12@0AEBVPxTransform@2@1AEBUNarrowPhaseParams@12@AEAUCache@12@AEAVContactBuffer@12@PEAVRenderOutput@Cm@2@@Z 0000000180033080 f   GuContactConvexConvex.obj
 0001:00032280       ??0SeparatingAxes@Gu@physx@@QEAA@$$QEAV012@@Z 0000000180033280 f i GuContactConvexConvex.obj
 0001:000323d0       ??0SeparatingAxes@Gu@physx@@QEAA@AEBV012@@Z 00000001800333d0 f i GuContactConvexConvex.obj
 0001:00032520       ??0SeparatingAxes@Gu@physx@@QEAA@XZ 0000000180033520 f i GuContactConvexConvex.obj
 0001:00032530       ??4SeparatingAxes@Gu@physx@@QEAAAEAV012@$$QEAV012@@Z 0000000180033530 f i GuContactConvexConvex.obj
 0001:00032680       ??4SeparatingAxes@Gu@physx@@QEAAAEAV012@AEBV012@@Z 0000000180033680 f i GuContactConvexConvex.obj
 0001:00037870       ?getAxes@SeparatingAxes@Gu@physx@@QEBAPEBVPxVec3@3@XZ 0000000180038870 f i GuContactConvexConvex.obj
 0001:00037880       ?getNumAxes@SeparatingAxes@Gu@physx@@QEBAIXZ 0000000180038880 f i GuContactConvexConvex.obj
 0001:00037c50       ?reset@SeparatingAxes@Gu@physx@@QEAAXXZ 0000000180038c50 f i GuContactConvexConvex.obj
 0001:00037c60       ?transformPlaneToShapeSpace@FastVertex2ShapeScaling@Cm@physx@@QEBAXAEBVPxVec3@3@MAEAV43@AEAM@Z 0000000180038c60 f i GuContactConvexConvex.obj
 0001:00037d90       ?contactBoxMesh@Gu@physx@@YA_NAEBVGeometryUnion@12@0AEBVPxTransform@2@1AEBUNarrowPhaseParams@12@AEAUCache@12@AEAVContactBuffer@12@PEAVRenderOutput@Cm@2@@Z 0000000180038d90 f   GuContactConvexMesh.obj
 0001:00037f50       ?contactConvexMesh@Gu@physx@@YA_NAEBVGeometryUnion@12@0AEBVPxTransform@2@1AEBUNarrowPhaseParams@12@AEAUCache@12@AEAVContactBuffer@12@PEAVRenderOutput@Cm@2@@Z 0000000180038f50 f   GuContactConvexMesh.obj
 0001:00038100       ?contactBoxHeightfield@Gu@physx@@YA_NAEBVGeometryUnion@12@0AEBVPxTransform@2@1AEBUNarrowPhaseParams@12@AEAUCache@12@AEAVContactBuffer@12@PEAVRenderOutput@Cm@2@@Z 0000000180039100 f   GuContactConvexMesh.obj
 0001:00038260       ?contactConvexHeightfield@Gu@physx@@YA_NAEBVGeometryUnion@12@0AEBVPxTransform@2@1AEBUNarrowPhaseParams@12@AEAUCache@12@AEAVContactBuffer@12@PEAVRenderOutput@Cm@2@@Z 0000000180039260 f   GuContactConvexMesh.obj
 0001:00038510       ??0?$CacheMap@UCachedEdge@Gu@physx@@$0IA@@Gu@physx@@QEAA@XZ 0000000180039510 f i GuContactConvexMesh.obj
 0001:00038600       ??0?$CacheMap@UCachedVertex@Gu@physx@@$0IA@@Gu@physx@@QEAA@XZ 0000000180039600 f i GuContactConvexMesh.obj
 0001:000386f0       ??0?$InlineArray@I$0EEA@VNamedAllocator@shdfnd@physx@@@shdfnd@physx@@QEAA@AEBVNamedAllocator@12@@Z 00000001800396f0 f i GuContactConvexMesh.obj
 0001:00038810       ??0CachedEdge@Gu@physx@@QEAA@XZ 0000000180039810 f i GuContactConvexMesh.obj
 0001:00038820       ??0CachedVertex@Gu@physx@@QEAA@XZ 0000000180039820 f i GuContactConvexMesh.obj
 0001:00038e90       ??_EConvexMeshContactGenerationCallback@@UEAAPEAXI@Z 0000000180039e90 f i GuContactConvexMesh.obj
 0001:00038e90       ??_GConvexMeshContactGenerationCallback@@UEAAPEAXI@Z 0000000180039e90 f i GuContactConvexMesh.obj
 0001:00038ed0       ??_EConvexVsHeightfieldContactGenerationCallback@?A0xa70a792c@@UEAAPEAXI@Z 0000000180039ed0 f i GuContactConvexMesh.obj
 0001:00038ed0       ??_GConvexVsHeightfieldContactGenerationCallback@?A0xa70a792c@@UEAAPEAXI@Z 0000000180039ed0 f i GuContactConvexMesh.obj
 0001:00038f10       ?addData@?$CacheMap@UCachedEdge@Gu@physx@@$0IA@@Gu@physx@@QEAA_NAEBUCachedEdge@23@@Z 0000000180039f10 f i GuContactConvexMesh.obj
 0001:00039040       ?addData@?$CacheMap@UCachedVertex@Gu@physx@@$0IA@@Gu@physx@@QEAA_NAEBUCachedVertex@23@@Z 000000018003a040 f i GuContactConvexMesh.obj
 0001:00039110       ?allocate@?$Array@IV?$InlineAllocator@$0BBAA@VNamedAllocator@shdfnd@physx@@@shdfnd@physx@@@shdfnd@physx@@IEAAPEAII@Z 000000018003a110 f i GuContactConvexMesh.obj
 0001:0003d7e0       ?processHit@ConvexMeshContactGenerationCallback@@UEAA_NAEBUPxRaycastHit@physx@@AEBVPxVec3@3@11AEAMPEBI@Z 000000018003e7e0 f i GuContactConvexMesh.obj
 0001:0003e2e0       ?recreate@?$Array@IV?$InlineAllocator@$0BBAA@VNamedAllocator@shdfnd@physx@@@shdfnd@physx@@@shdfnd@physx@@IEAAXI@Z 000000018003f2e0 f i GuContactConvexMesh.obj
 0001:0003f6f0       ?contactPlaneBox@Gu@physx@@YA_NAEBVGeometryUnion@12@0AEBVPxTransform@2@1AEBUNarrowPhaseParams@12@AEAUCache@12@AEAVContactBuffer@12@PEAVRenderOutput@Cm@2@@Z 00000001800406f0 f   GuContactPlaneBox.obj
 0001:000405e0       ?contactPlaneCapsule@Gu@physx@@YA_NAEBVGeometryUnion@12@0AEBVPxTransform@2@1AEBUNarrowPhaseParams@12@AEAUCache@12@AEAVContactBuffer@12@PEAVRenderOutput@Cm@2@@Z 00000001800415e0 f   GuContactPlaneCapsule.obj
 0001:00040d80       ?contactPlaneConvex@Gu@physx@@YA_NAEBVGeometryUnion@12@0AEBVPxTransform@2@1AEBUNarrowPhaseParams@12@AEAUCache@12@AEAVContactBuffer@12@PEAVRenderOutput@Cm@2@@Z 0000000180041d80 f   GuContactPlaneConvex.obj
 0001:000417f0       ?findRotationMatrixFromZ@Gu@physx@@YA?AVPxMat33@2@AEBVPxVec3@2@@Z 00000001800427f0 f   GuContactPolygonPolygon.obj
 0001:00041a40       ?contactPolygonPolygonExt@Gu@physx@@YA_NIPEBVPxVec3@2@PEBEAEBVMatrix34@Cm@2@AEBVPxPlane@2@AEBVPxMat33@2@I01234AEBV32@22IIAEAVContactBuffer@12@_N5M@Z 0000000180042a40 f   GuContactPolygonPolygon.obj
 0001:00045b00       ?contactSphereBox@Gu@physx@@YA_NAEBVGeometryUnion@12@0AEBVPxTransform@2@1AEBUNarrowPhaseParams@12@AEAUCache@12@AEAVContactBuffer@12@PEAVRenderOutput@Cm@2@@Z 0000000180046b00 f   GuContactSphereBox.obj
 0001:00046250       ?contactSphereCapsule@Gu@physx@@YA_NAEBVGeometryUnion@12@0AEBVPxTransform@2@1AEBUNarrowPhaseParams@12@AEAUCache@12@AEAVContactBuffer@12@PEAVRenderOutput@Cm@2@@Z 0000000180047250 f   GuContactSphereCapsule.obj
 0001:00046700       ?contactSphereMesh@Gu@physx@@YA_NAEBVGeometryUnion@12@0AEBVPxTransform@2@1AEBUNarrowPhaseParams@12@AEAUCache@12@AEAVContactBuffer@12@PEAVRenderOutput@Cm@2@@Z 0000000180047700 f   GuContactSphereMesh.obj
 0001:00046b40       ?contactSphereHeightfield@Gu@physx@@YA_NAEBVGeometryUnion@12@0AEBVPxTransform@2@1AEBUNarrowPhaseParams@12@AEAUCache@12@AEAVContactBuffer@12@PEAVRenderOutput@Cm@2@@Z 0000000180047b40 f   GuContactSphereMesh.obj
 0001:00047400       ??0TriangleData@@QEAA@XZ   0000000180048400 f i GuContactSphereMesh.obj
 0001:00047490       ??_GSphereHeightfieldContactGenerationCallback@?A0x5db05538@@UEAAPEAXI@Z 0000000180048490 f i GuContactSphereMesh.obj
 0001:00047490       ??_ESphereHeightfieldContactGenerationCallback@?A0x5db05538@@UEAAPEAXI@Z 0000000180048490 f i GuContactSphereMesh.obj
 0001:000474d0       ??_ESphereMeshContactGenerationCallback_NoScale@?A0x5db05538@@UEAAPEAXI@Z 00000001800484d0 f i GuContactSphereMesh.obj
 0001:000474d0       ??_GSphereMeshContactGenerationCallback_NoScale@?A0x5db05538@@UEAAPEAXI@Z 00000001800484d0 f i GuContactSphereMesh.obj
 0001:00047530       ??_GSphereMeshContactGenerationCallback_Scale@?A0x5db05538@@UEAAPEAXI@Z 0000000180048530 f i GuContactSphereMesh.obj
 0001:00047530       ??_ESphereMeshContactGenerationCallback_Scale@?A0x5db05538@@UEAAPEAXI@Z 0000000180048530 f i GuContactSphereMesh.obj
 0001:000491d0       ?contactSpherePlane@Gu@physx@@YA_NAEBVGeometryUnion@12@0AEBVPxTransform@2@1AEBUNarrowPhaseParams@12@AEAUCache@12@AEAVContactBuffer@12@PEAVRenderOutput@Cm@2@@Z 000000018004a1d0 f   GuContactSpherePlane.obj
 0001:00049450       ?contactSphereSphere@Gu@physx@@YA_NAEBVGeometryUnion@12@0AEBVPxTransform@2@1AEBUNarrowPhaseParams@12@AEAUCache@12@AEAVContactBuffer@12@PEAVRenderOutput@Cm@2@@Z 000000018004a450 f   GuContactSphereSphere.obj
 0001:00049620       ?selectNormal@Gu@physx@@YA_NEMM@Z 000000018004a620 f   GuFeatureCode.obj
 0001:00049760       ?legacyContactBoxHeightfield@Gu@physx@@YA_NAEBVGeometryUnion@12@0AEBVPxTransform@2@1AEBUNarrowPhaseParams@12@AEAUCache@12@AEAVContactBuffer@12@PEAVRenderOutput@Cm@2@@Z 000000018004a760 f   GuLegacyContactBoxHeightField.obj
 0001:0004bbb0       ??$traceSegment@UGuContactTraceSegmentCallback@Gu@physx@@$00$0A@@HeightFieldUtil@Gu@physx@@QEBAXAEBVPxVec3@2@0MPEAUGuContactTraceSegmentCallback@12@AEBVPxBounds3@2@_NPEBV32@@Z 000000018004cbb0 f i GuLegacyContactBoxHeightField.obj
 0001:0004cc30       ?underFaceHit@GuContactTraceSegmentCallback@Gu@physx@@QEAA_NAEBVHeightFieldUtil@23@AEBVPxVec3@3@1MMMI@Z 000000018004dc30 f i GuLegacyContactBoxHeightField.obj
 0001:0004d100       ?legacyContactCapsuleHeightfield@Gu@physx@@YA_NAEBVGeometryUnion@12@0AEBVPxTransform@2@1AEBUNarrowPhaseParams@12@AEAUCache@12@AEAVContactBuffer@12@PEAVRenderOutput@Cm@2@@Z 000000018004e100 f   GuLegacyContactCapsuleHeightField.obj
 0001:0004f790       ?legacyContactConvexHeightfield@Gu@physx@@YA_NAEBVGeometryUnion@12@0AEBVPxTransform@2@1AEBUNarrowPhaseParams@12@AEAUCache@12@AEAVContactBuffer@12@PEAVRenderOutput@Cm@2@@Z 0000000180050790 f   GuLegacyContactConvexHeightField.obj
 0001:00052040       ?legacyContactSphereHeightfield@Gu@physx@@YA_NAEBVGeometryUnion@12@0AEBVPxTransform@2@1AEBUNarrowPhaseParams@12@AEAUCache@12@AEAVContactBuffer@12@PEAVRenderOutput@Cm@2@@Z 0000000180053040 f   GuLegacyContactSphereHeightField.obj
 0001:00052090       ?GuContactSphereHeightFieldShared@@YA_NAEBVGeometryUnion@Gu@physx@@0AEBVPxTransform@3@1AEBUNarrowPhaseParams@23@AEAUCache@23@AEAVContactBuffer@23@PEAVRenderOutput@Cm@3@_N@Z 0000000180053090 f   GuLegacyContactSphereHeightField.obj
 0001:00053f60       ?barycentricCoordinates@Gu@physx@@YAXAEBT__m128@@00AEAT3@@Z 0000000180054f60 f   GuBarycentricCoordinates.obj
 0001:00053fc0       ?barycentricCoordinates@Gu@physx@@YAXAEBT__m128@@000AEAT3@1@Z 0000000180054fc0 f   GuBarycentricCoordinates.obj
 0001:00054140       ?barycentricCoordinates@Gu@physx@@YAXAEBT__m128@@00AEAT3@1@Z 0000000180055140 f   GuBarycentricCoordinates.obj
 0001:000542f0       ?addAxis@SeparatingAxes@Gu@physx@@QEAA_NAEBVPxVec3@3@@Z 00000001800552f0 f   GuSeparatingAxes.obj
 0001:000543e0       ??0BigConvexData@physx@@QEAA@XZ 00000001800553e0 f   GuBigConvexData.obj
 0001:00054410       ??1BigConvexData@physx@@QEAA@XZ 0000000180055410 f   GuBigConvexData.obj
 0001:000544a0       ?Load@BigConvexData@physx@@QEAA_NAEAVPxInputStream@2@@Z 00000001800554a0 f   GuBigConvexData.obj
 0001:000545b0       ?ComputeOffset@BigConvexData@physx@@QEBAIAEBVPxVec3@2@@Z 00000001800555b0 f   GuBigConvexData.obj
 0001:000546c0       ?ComputeNearestOffset@BigConvexData@physx@@QEBAIAEBVPxVec3@2@@Z 00000001800556c0 f   GuBigConvexData.obj
 0001:000547d0       ?exportExtraData@BigConvexData@physx@@QEAAXAEAVPxSerializationContext@2@@Z 00000001800557d0 f   GuBigConvexData.obj
 0001:00054850       ?importExtraData@BigConvexData@physx@@QEAAXAEAVPxDeserializationContext@2@@Z 0000000180055850 f   GuBigConvexData.obj
 0001:000548d0       ?CreateOffsets@BigConvexData@physx@@IEAAXXZ 00000001800558d0 f   GuBigConvexData.obj
 0001:00054920       ?VLoad@BigConvexData@physx@@IEAA_NAEAVPxInputStream@2@@Z 0000000180055920 f   GuBigConvexData.obj
 0001:00054c80       ??0BigConvexData@physx@@QEAA@W4PxEMPTY@1@@Z 0000000180055c80 f i GuBigConvexData.obj
 0001:00054c90       ??4BigConvexData@physx@@QEAAAEAV01@AEBV01@@Z 0000000180055c90 f i GuBigConvexData.obj
 0001:00054cb0       ?GetAdjacentVerts@BigConvexData@physx@@QEBAPEBEXZ 0000000180055cb0 f i GuBigConvexData.obj
 0001:00054cc0       ?GetNbNeighbors@BigConvexData@physx@@QEBAGI@Z 0000000180055cc0 f i GuBigConvexData.obj
 0001:00054cd0       ?GetNbSamples@BigConvexData@physx@@QEBAIXZ 0000000180055cd0 f i GuBigConvexData.obj
 0001:00054ce0       ?GetNbVerts@BigConvexData@physx@@QEBAIXZ 0000000180055ce0 f i GuBigConvexData.obj
 0001:00054cf0       ?GetNeighbors@BigConvexData@physx@@QEBAPEBEI@Z 0000000180055cf0 f i GuBigConvexData.obj
 0001:00054d10       ?GetOffset@BigConvexData@physx@@QEBAGI@Z 0000000180055d10 f i GuBigConvexData.obj
 0001:00054d20       ?GetSubdiv@BigConvexData@physx@@QEBAIXZ 0000000180055d20 f i GuBigConvexData.obj
 0001:00054d30       ?GetValencies@BigConvexData@physx@@QEBAPEBUValency@Gu@2@XZ 0000000180055d30 f i GuBigConvexData.obj
 0001:00054d40       ?GetValency@BigConvexData@physx@@QEBAGI@Z 0000000180055d40 f i GuBigConvexData.obj
 0001:00054d50       ?__global_array_delete@@YAXPEAX@Z 0000000180055d50 f i GuBigConvexData.obj
 0001:00054d60       ?__global_array_delete@@YAXPEAX_K@Z 0000000180055d60 f i GuBigConvexData.obj
 0001:00054d70       ?__global_delete@@YAXPEAX@Z 0000000180055d70 f i GuBigConvexData.obj
 0001:00054d80       ?__global_delete@@YAXPEAX_K@Z 0000000180055d80 f i GuBigConvexData.obj
 0001:00054d90       ?getScaledConvex@Gu@physx@@YAXAEAPEAVPxVec3@2@AEAPEAEPEAV32@PEAE_NPEBV32@PEBEIAEBVFastVertex2ShapeScaling@Cm@2@@Z 0000000180055d90 f   GuConvexHelper.obj
 0001:00054ed0       ?getConvexData@Gu@physx@@YA_NAEBVGeometryUnion@12@AEAVFastVertex2ShapeScaling@Cm@2@AEAVPxBounds3@2@AEAUPolygonalData@12@@Z 0000000180055ed0 f   GuConvexHelper.obj
 0001:00055150       ?findUniqueConvexEdges@Gu@physx@@YAIIPEIAUConvexEdge@12@IPEIBUHullPolygonData@12@PEIBE@Z 0000000180056150 f   GuConvexHelper.obj
 0001:000553c0       ?exportExtraData@ConvexMesh@Gu@physx@@UEAAXAEAVPxSerializationContext@3@@Z 00000001800563c0 f   GuConvexMesh.obj
 0001:00055490       ?importExtraData@ConvexMesh@Gu@physx@@QEAAXAEAVPxDeserializationContext@3@@Z 0000000180056490 f   GuConvexMesh.obj
 0001:00055550       ?onRefCountZero@ConvexMesh@Gu@physx@@UEAAXXZ 0000000180056550 f   GuConvexMesh.obj
 0001:00055640       ?createObject@ConvexMesh@Gu@physx@@SAPEAV123@AEAPEAEAEAVPxDeserializationContext@3@@Z 0000000180056640 f   GuConvexMesh.obj
 0001:000556e0       ??0ConvexMesh@Gu@physx@@QEAA@XZ 00000001800566e0 f   GuConvexMesh.obj
 0001:000557a0       ??0ConvexMesh@Gu@physx@@QEAA@AEAVGuMeshFactory@2@AEAUConvexHullData@12@@Z 00000001800567a0 f   GuConvexMesh.obj
 0001:000558b0       ?load@ConvexMesh@Gu@physx@@QEAA_NAEAVPxInputStream@3@@Z 00000001800568b0 f   GuConvexMesh.obj
 0001:00055b90       ?release@ConvexMesh@Gu@physx@@UEAAXXZ 0000000180056b90 f   GuConvexMesh.obj
 0001:00055bd0       ?getPolygonData@ConvexMesh@Gu@physx@@UEBA_NIAEAUPxHullPolygon@3@@Z 0000000180056bd0 f   GuConvexMesh.obj
 0001:00055c20       ?isGpuCompatible@ConvexMesh@Gu@physx@@UEBA_NXZ 0000000180056c20 f   GuConvexMesh.obj
 0001:00055c50       ?getReferenceCount@ConvexMesh@Gu@physx@@UEBAIXZ 0000000180056c50 f   GuConvexMesh.obj
 0001:00055c60       ?acquireReference@ConvexMesh@Gu@physx@@UEAAXXZ 0000000180056c60 f   GuConvexMesh.obj
 0001:00055c70       ?getMassInformation@ConvexMesh@Gu@physx@@UEBAXAEAMAEAVPxMat33@3@AEAVPxVec3@3@@Z 0000000180056c70 f   GuConvexMesh.obj
 0001:00055cf0       ?getLocalBounds@ConvexMesh@Gu@physx@@UEBA?AVPxBounds3@3@XZ 0000000180056cf0 f   GuConvexMesh.obj
 0001:00055d80       ??1ConvexMesh@Gu@physx@@UEAA@XZ 0000000180056d80 f   GuConvexMesh.obj
 0001:00056670       ?notifyReleaseConvexMesh@GuMeshFactory@physx@@MEAAXAEBVPxConvexMesh@2@@Z 0000000180057670 f i GuConvexMesh.obj
 0001:00056680       ?notifyReleaseHeightField@GuMeshFactory@physx@@MEAAXAEBVPxHeightField@2@@Z 0000000180057680 f i GuConvexMesh.obj
 0001:00056690       ?notifyReleaseTriangleMesh@GuMeshFactory@physx@@MEAAXAEBVPxTriangleMesh@2@@Z 0000000180057690 f i GuConvexMesh.obj
 0001:000566a0       ?computeHullOBB@Gu@physx@@YAXAEAVBox@12@AEBVPxBounds3@2@MAEBVMatrix34@Cm@2@2AEBVFastVertex2ShapeScaling@62@_N@Z 00000001800576a0 f   GuConvexUtilsInternal.obj
 0001:00056b50       ?computeVertexSpaceOBB@Gu@physx@@YAXAEAVBox@12@AEBV312@AEBVPxTransform@2@AEBVPxMeshScale@2@@Z 0000000180057b50 f   GuConvexUtilsInternal.obj
 0001:00056f10       ?computeOBBAroundConvex@Gu@physx@@YAXAEAVBox@12@AEBVPxConvexMeshGeometry@2@PEBVPxConvexMesh@2@AEBVPxTransform@2@@Z 0000000180057f10 f   GuConvexUtilsInternal.obj
 0001:00057c70       ??Dphysx@@YA?AVMatrix34@Cm@0@AEBVPxMeshScale@0@AEBV120@@Z 0000000180058c70 f i GuConvexUtilsInternal.obj
 0001:00058470       ?transform@physx@@YA?AVBox@Gu@1@AEBVMatrix34@Cm@1@AEBV231@@Z 0000000180059470 f i GuConvexUtilsInternal.obj
 0001:00058770       ?localSearch@physx@@YAXAEAIAEBVPxVec3@1@PEBV21@PEBUBigConvexRawData@Gu@1@@Z 0000000180059770 f   GuHillClimbing.obj
 0001:000588f0       ??0PolygonalBox@Gu@physx@@QEAA@AEBVPxVec3@2@@Z 00000001800598f0 f   GuShapeConvex.obj
 0001:00058ad0       ?getPolygonalData@PolygonalBox@Gu@physx@@QEBAXPEIAUPolygonalData@23@@Z 0000000180059ad0 f   GuShapeConvex.obj
 0001:00058b40       ?getPolygonalData_Convex@Gu@physx@@YAXPEIAUPolygonalData@12@PEIBUConvexHullData@12@AEBVFastVertex2ShapeScaling@Cm@2@@Z 0000000180059b40 f   GuShapeConvex.obj
 0001:0005a4b0       ??0HullPolygonData@Gu@physx@@QEAA@XZ 000000018005b4b0 f i GuShapeConvex.obj
 0001:0005a4c0       ?distancePointBoxSquared@Gu@physx@@YAMAEBVPxVec3@2@00AEBVPxMat33@2@PEAV32@@Z 000000018005b4c0 f   GuDistancePointBox.obj
 0001:0005a660       ?closestPtPointTriangle@Gu@physx@@YA?AVPxVec3@2@AEBV32@000AEAM1@Z 000000018005b660 f   GuDistancePointTriangle.obj
 0001:0005ab80       ?distancePointTriangleSquared@Gu@physx@@YA?AT__m128@@AEBT3@000AEAT3@11@Z 000000018005bb80 f   GuDistancePointTriangle.obj
 0001:0005b1f0       ?distanceSegmentBoxSquared@Gu@physx@@YAMAEBVPxVec3@2@000AEBVPxMat33@2@PEAMPEAV32@@Z 000000018005c1f0 f   GuDistanceSegmentBox.obj
 0001:0005c820       ?distanceSegmentSegmentSquared@Gu@physx@@YAMAEBVPxVec3@2@0M00MPEAM1@Z 000000018005d820 f   GuDistanceSegmentSegment.obj
 0001:0005d080       ?distanceSegmentSegmentSquared@Gu@physx@@YAMAEBVPxVec3@2@000PEAM1@Z 000000018005e080 f   GuDistanceSegmentSegment.obj
 0001:0005d320       ?distanceSegmentSegmentSquared@Gu@physx@@YA?AT__m128@@AEBT3@000AEAT3@1@Z 000000018005e320 f   GuDistanceSegmentSegment.obj
 0001:0005d530       ?distanceSegmentSegmentSquared4@Gu@physx@@YA?AT__m128@@AEBT3@000000000AEAT3@1@Z 000000018005e530 f   GuDistanceSegmentSegment.obj
 0001:0005dcc0       ?distanceSegmentTriangleSquared@Gu@physx@@YAMAEBVPxVec3@2@0000PEAM11@Z 000000018005ecc0 f   GuDistanceSegmentTriangle.obj
 0001:0005f3b0       ?distanceSegmentTriangleSquared@Gu@physx@@YA?AT__m128@@AEBT3@0000AEAT3@1@Z 00000001800603b0 f   GuDistanceSegmentTriangle.obj
 0001:00060300       ?sweepBoxBox@Gu@physx@@YA_NAEBVBox@12@0AEBVPxVec3@2@MV?$PxFlags@W4Enum@PxHitFlag@physx@@G@2@AEAUPxSweepHit@2@@Z 0000000180061300 f   GuSweepBoxBox.obj
 0001:00061f30       ?sweepBoxSphere@Gu@physx@@YA_NAEBVBox@12@MAEBVPxVec3@2@1MAEAMAEAV42@V?$PxFlags@W4Enum@PxHitFlag@physx@@G@2@@Z 0000000180062f30 f   GuSweepBoxSphere.obj
 0001:00062ca0       ?sweepBoxTriangle@Gu@physx@@YA_NAEBVPxTriangle@2@AEBVPxBounds3@2@AEBVPxVec3@2@2AEAV52@3AEAM_N@Z 0000000180063ca0 f   GuSweepBoxTriangle_FeatureBased.obj
 0001:00064b00       ?triBoxSweepTestBoxSpace@Gu@physx@@YAHAEBVPxTriangle@2@AEBVPxVec3@2@11MAEAM_N@Z 0000000180065b00 f   GuSweepBoxTriangle_SAT.obj
 0001:00065690       ?sweepCapsuleBox@Gu@physx@@YA_NAEBVCapsule@12@AEBVPxTransform@2@AEBVPxVec3@2@2MAEAV52@AEAM3V?$PxFlags@W4Enum@PxHitFlag@physx@@G@2@@Z 0000000180066690 f   GuSweepCapsuleBox.obj
 0001:00065ae0       ??0PxTriangle@physx@@QEAA@XZ 0000000180066ae0 f i GuSweepCapsuleBox.obj
 0001:00065af0       ??1PxTriangle@physx@@QEAA@XZ 0000000180066af0 f i GuSweepCapsuleBox.obj
 0001:000670f0       ?sweepCapsuleCapsule@Gu@physx@@YA_NAEBVCapsule@12@0AEBVPxVec3@2@MAEAMAEAV42@3IAEAG@Z 00000001800680f0 f   GuSweepCapsuleCapsule.obj
 0001:00068450       ??0Capsule@Gu@physx@@QEAA@XZ 0000000180069450 f i GuSweepCapsuleCapsule.obj
 0001:00068460       ??1Capsule@Gu@physx@@QEAA@XZ 0000000180069460 f i GuSweepCapsuleCapsule.obj
 0001:00068770       ?sweepCapsuleTriangles_Precise@Gu@physx@@YA_NIPEIBVPxTriangle@2@AEBVCapsule@12@AEBVPxVec3@2@MPEIBIAEAUPxSweepHit@2@AEAV52@V?$PxFlags@W4Enum@PxHitFlag@physx@@G@2@_NPEBVBoxPadded@12@@Z 0000000180069770 f   GuSweepCapsuleTriangle.obj
 0001:0006b100       ?sweepSphereCapsule@Gu@physx@@YA_NAEBVSphere@12@AEBVCapsule@12@AEBVPxVec3@2@MAEAMAEAV52@4V?$PxFlags@W4Enum@PxHitFlag@physx@@G@2@@Z 000000018006c100 f   GuSweepSphereCapsule.obj
 0001:0006b970       ?sweepSphereSphere@Gu@physx@@YA_NAEBVPxVec3@2@M0M0AEAMAEAV32@@Z 000000018006c970 f   GuSweepSphereSphere.obj
 0001:0006bc80       ?sweepSphereVSTri@Gu@physx@@YA_NPEIBVPxVec3@2@AEBV32@1M1AEAMAEA_N_N@Z 000000018006cc80 f   GuSweepSphereTriangle.obj
 0001:0006cb60       ?sweepSphereVSQuad@Gu@physx@@YA_NPEIBVPxVec3@2@AEBV32@1M1AEAM@Z 000000018006db60 f   GuSweepSphereTriangle.obj
 0001:0006dfe0       ?sweepSphereTriangles@Gu@physx@@YA_NIPEIBVPxTriangle@2@AEBVPxVec3@2@M1MPEIBIAEAUPxSweepHit@2@AEAV42@_N555@Z 000000018006efe0 f   GuSweepSphereTriangle.obj
 0001:0006f380       ?computeSphereTriImpactData@Gu@physx@@YAXAEAVPxVec3@2@0AEBV32@1MAEBVPxTriangle@2@@Z 0000000180070380 f   GuSweepTriangleUtils.obj
 0001:0006f620       ?computeBoxTriImpactData@Gu@physx@@YAXAEAVPxVec3@2@0AEBV32@1AEBVPxTriangle@2@M@Z 0000000180070620 f   GuSweepTriangleUtils.obj
 0001:0006f8b0       ?computeEdgeEdgeNormal@Gu@physx@@YAXAEAVPxVec3@2@AEBV32@1111M@Z 00000001800708b0 f   GuSweepTriangleUtils.obj
 0001:0006fd60       ??$gjk@U?$LocalConvex@VTriangleV@Gu@physx@@@Gu@physx@@U?$LocalConvex@VBoxV@Gu@physx@@@23@@Gu@physx@@YA?AW4GjkStatus@01@AEBU?$LocalConvex@VTriangleV@Gu@physx@@@01@AEBU?$LocalConvex@VBoxV@Gu@physx@@@01@AEBT__m128@@2AEAT5@333@Z 0000000180070d60 f i GuSweepTriangleUtils.obj
 0001:00070ef0       ??_E?$LocalConvex@VBoxV@Gu@physx@@@Gu@physx@@UEAAPEAXI@Z 0000000180071ef0 f i GuSweepTriangleUtils.obj
 0001:00070ef0       ??_G?$LocalConvex@VBoxV@Gu@physx@@@Gu@physx@@UEAAPEAXI@Z 0000000180071ef0 f i GuSweepTriangleUtils.obj
 0001:00070f30       ??_G?$LocalConvex@VTriangleV@Gu@physx@@@Gu@physx@@UEAAPEAXI@Z 0000000180071f30 f i GuSweepTriangleUtils.obj
 0001:00070f30       ??_E?$LocalConvex@VTriangleV@Gu@physx@@@Gu@physx@@UEAAPEAXI@Z 0000000180071f30 f i GuSweepTriangleUtils.obj
 0001:00070f70       ?getCenter@?$LocalConvex@VBoxV@Gu@physx@@@Gu@physx@@UEBA?AT__m128@@XZ 0000000180071f70 f i GuSweepTriangleUtils.obj
 0001:00070f90       ?getCenter@?$LocalConvex@VTriangleV@Gu@physx@@@Gu@physx@@UEBA?AT__m128@@XZ 0000000180071f90 f i GuSweepTriangleUtils.obj
 0001:00070fb0       ?getSweepMargin@?$LocalConvex@VBoxV@Gu@physx@@@Gu@physx@@UEBA?AT__m128@@XZ 0000000180071fb0 f i GuSweepTriangleUtils.obj
 0001:00070fe0       ?getSweepMargin@?$LocalConvex@VTriangleV@Gu@physx@@@Gu@physx@@UEBA?AT__m128@@XZ 0000000180071fe0 f i GuSweepTriangleUtils.obj
 0001:00071350       ?support@?$LocalConvex@VBoxV@Gu@physx@@@Gu@physx@@UEBA?AT__m128@@AEBT4@@Z 0000000180072350 f i GuSweepTriangleUtils.obj
 0001:00071390       ?support@?$LocalConvex@VBoxV@Gu@physx@@@Gu@physx@@UEBA?AT__m128@@AEBT4@AEAHPEAT4@@Z 0000000180072390 f i GuSweepTriangleUtils.obj
 0001:000713d0       ?support@?$LocalConvex@VTriangleV@Gu@physx@@@Gu@physx@@UEBA?AT__m128@@AEBT4@@Z 00000001800723d0 f i GuSweepTriangleUtils.obj
 0001:00071480       ?support@?$LocalConvex@VTriangleV@Gu@physx@@@Gu@physx@@UEBA?AT__m128@@AEBT4@AEAHPEAT4@@Z 0000000180072480 f i GuSweepTriangleUtils.obj
 0001:000715d0       ?supportPoint@?$LocalConvex@VBoxV@Gu@physx@@@Gu@physx@@UEBA?AT__m128@@HPEAT4@@Z 00000001800725d0 f i GuSweepTriangleUtils.obj
 0001:00071610       ?supportPoint@?$LocalConvex@VTriangleV@Gu@physx@@@Gu@physx@@UEBA?AT__m128@@HPEAT4@@Z 0000000180072610 f i GuSweepTriangleUtils.obj
 0001:00071630       ?epaPenetration@Gu@physx@@YA?AW4GjkStatus@12@AEBUGjkConvex@12@0PEIAE1EAEAT__m128@@222_N@Z 0000000180072630 f   GuEPA.obj
 0001:000726a0       ?isValid2@Facet@Gu@physx@@QEAA?AT__m128@@IIIPEIBT4@0AEBT4@@Z 00000001800736a0 f   GuEPA.obj
 0001:000727c0       ?silhouette@Facet@Gu@physx@@QEAAXAEBT__m128@@PEIBT4@1AEAVEdgeBuffer@23@AEAV?$InlineDeferredIDPool@$0EA@@Cm@3@@Z 00000001800737c0 f   GuEPA.obj
 0001:00072990       ?PenetrationDepth@EPA@Gu@physx@@QEAA?AW4GjkStatus@23@AEBUGjkConvex@23@0PEIBT__m128@@11HAEAT6@222_N@Z 0000000180073990 f   GuEPA.obj
 0001:000732b0       ?expandPoint@EPA@Gu@physx@@QEAA_NAEBUGjkConvex@23@0AEAHAEBT__m128@@@Z 00000001800742b0 f   GuEPA.obj
 0001:000733a0       ?expandSegment@EPA@Gu@physx@@QEAA_NAEBUGjkConvex@23@0AEAHAEBT__m128@@@Z 00000001800743a0 f   GuEPA.obj
 0001:000734f0       ?expandTriangle@EPA@Gu@physx@@QEAA_NAEAHAEBT__m128@@@Z 00000001800744f0 f   GuEPA.obj
 0001:000735a0       ?addFacet@EPA@Gu@physx@@QEAAPEAVFacet@23@IIIAEBT__m128@@@Z 00000001800745a0 f   GuEPA.obj
 0001:00073f00       ??0Edge@Gu@physx@@QEAA@XZ  0000000180074f00 f i GuEPA.obj
 0001:00073f10       ??0Facet@Gu@physx@@QEAA@XZ 0000000180074f10 f i GuEPA.obj
 0001:000742f0       ?closestPtPointTetrahedron@Gu@physx@@YA?AT__m128@@PEIAT3@00AEAI@Z 00000001800752f0 f   GuGJKSimplex.obj
 0001:00074b10       ?closestPtPointTetrahedron@Gu@physx@@YA?AT__m128@@PEIAT3@00PEIAH1AEAI@Z 0000000180075b10 f   GuGJKSimplex.obj
 0001:00076f60       ?testGjk@Gu@physx@@YA?AW4GjkStatus@12@AEAUGjkConvex@12@0AEBT__m128@@1AEAT5@222@Z 0000000180077f60 f   GuGJKTest.obj
 0001:00076f70       ?testGjkPenetration@Gu@physx@@YA?AW4GjkStatus@12@AEAUGjkConvex@12@0AEBT__m128@@1AEAT5@222@Z 0000000180077f70 f   GuGJKTest.obj
 0001:00077000       ?testGjkPenetration@Gu@physx@@YA?AW4GjkStatus@12@AEAUGjkConvex@12@0AEBT__m128@@1AEAT5@222PEAE3E@Z 0000000180078000 f   GuGJKTest.obj
 0001:00077090       ?testEpaPenetration@Gu@physx@@YA?AW4GjkStatus@12@AEAUGjkConvex@12@0AEAT__m128@@111@Z 0000000180078090 f   GuGJKTest.obj
 0001:00077100       ?testEpaPenetration@Gu@physx@@YA?AW4GjkStatus@12@AEAUGjkConvex@12@0AEAT__m128@@111PEAE2E@Z 0000000180078100 f   GuGJKTest.obj
 0001:00077180       ?testGjkRaycast@Gu@physx@@YA_NAEAUGjkConvex@12@0AEBT__m128@@111AEAT4@22M@Z 0000000180078180 f   GuGJKTest.obj
 0001:00077210       ??$gjk@UGjkConvex@Gu@physx@@U123@@Gu@physx@@YA?AW4GjkStatus@01@AEBUGjkConvex@01@0AEBT__m128@@1AEAT4@222@Z 0000000180078210 f i GuGJKTest.obj
 0001:000782d0       ??$gjkPenetration@UGjkConvex@Gu@physx@@U123@@Gu@physx@@YA?AW4GjkStatus@01@AEBUGjkConvex@01@0AEBT__m128@@1AEAT4@222PEIAE3AEAE_N@Z 00000001800792d0 f i GuGJKTest.obj
 0001:0007a170       ??$gjkRaycast@UGjkConvex@Gu@physx@@U123@@Gu@physx@@YA_NAEBUGjkConvex@01@0AEBT__m128@@111AEAT3@22M@Z 000000018007b170 f i GuGJKTest.obj
 0001:0007b1c0       ?intersectOBBOBB@Gu@physx@@YA_NAEBVPxVec3@2@0AEBVPxMat33@2@001_N@Z 000000018007c1c0 f   GuIntersectionBoxBox.obj
 0001:0007b9c0       ?intersectCapsuleTriangle@Gu@physx@@YA_NAEBVPxVec3@2@000AEBVCapsule@12@AEBUCapsuleTriangleOverlapData@12@@Z 000000018007c9c0 f   GuIntersectionCapsuleTriangle.obj
 0001:0007c8a0       ?intersectEdgeEdge@Gu@physx@@YA_NAEBVPxVec3@2@0000AEAMAEAV32@@Z 000000018007d8a0 f   GuIntersectionEdgeEdge.obj
 0001:0007cc90       ?rayAABBIntersect@Gu@physx@@YA_NAEBVPxVec3@2@000AEAV32@@Z 000000018007dc90 f   GuIntersectionRayBox.obj
 0001:0007ce90       ?rayAABBIntersect2@Gu@physx@@YAIAEBVPxVec3@2@000AEAV32@AEAM@Z 000000018007de90 f   GuIntersectionRayBox.obj
 0001:0007d0a0       ?intersectRayAABB@Gu@physx@@YAHAEBVPxVec3@2@000AEAM1@Z 000000018007e0a0 f   GuIntersectionRayBox.obj
 0001:0007d1e0       ?intersectRayAABB@Gu@physx@@YAHAEBVPxVec3@2@0000AEAM1@Z 000000018007e1e0 f   GuIntersectionRayBox.obj
 0001:0007d3e0       ?intersectRayAABB2@Gu@physx@@YA_NAEBVPxVec3@2@000MAEAM1@Z 000000018007e3e0 f   GuIntersectionRayBox.obj
 0001:0007d590       ?intersectRayAABB2@Gu@physx@@YA_NAEBT__m128@@0000AEAT3@1@Z 000000018007e590 f   GuIntersectionRayBox.obj
 0001:0007d8d0       ?intersectRayCapsuleInternal@Gu@physx@@YAIAEBVPxVec3@2@000MQEAM@Z 000000018007e8d0 f   GuIntersectionRayCapsule.obj
 0001:0007e380       ?intersectRaySphereBasic@Gu@physx@@YA_NAEBVPxVec3@2@0M0MAEAMPEAV32@@Z 000000018007f380 f   GuIntersectionRaySphere.obj
 0001:0007e4e0       ?intersectRaySphere@Gu@physx@@YA_NAEBVPxVec3@2@0M0MAEAMPEAV32@@Z 000000018007f4e0 f   GuIntersectionRaySphere.obj
 0001:0007e810       ?intersectSphereBox@Gu@physx@@YA_NAEBVSphere@12@AEBVBox@12@@Z 000000018007f810 f   GuIntersectionSphereBox.obj
 0001:0007eac0       ?intersectTriangleBox_ReferenceCode@Gu@physx@@YAHAEBVPxVec3@2@0000@Z 000000018007fac0 f   GuIntersectionTriangleBox.obj
 0001:0007f2e0       ?intersectTriangleBox_Unsafe@Gu@physx@@YAHAEBVPxVec3@2@0000@Z 00000001800802e0 f   GuIntersectionTriangleBox.obj
 0001:0007f6b0       ?intersectTriangleBox@Gu@physx@@YAHAEBVBoxPadded@12@AEBVPxVec3@2@11@Z 00000001800806b0 f   GuIntersectionTriangleBox.obj
 0001:0007fcb0       ?intersectTriangleBoxBV4@@YAHAEBVPxVec3@physx@@00AEBVPxMat33@2@00@Z 0000000180080cb0 f   GuIntersectionTriangleBox.obj
 0001:00080680       ??0BV32Tree@Gu@physx@@QEAA@W4PxEMPTY@2@@Z 0000000180081680 f   GuBV32.obj
 0001:000806a0       ?exportExtraData@BV32Tree@Gu@physx@@QEAAXAEAVPxSerializationContext@3@@Z 00000001800816a0 f   GuBV32.obj
 0001:000806f0       ?importExtraData@BV32Tree@Gu@physx@@QEAAXAEAVPxDeserializationContext@3@@Z 00000001800816f0 f   GuBV32.obj
 0001:00080720       ??0BV32Tree@Gu@physx@@QEAA@XZ 0000000180081720 f   GuBV32.obj
 0001:00080750       ??0BV32Tree@Gu@physx@@QEAA@PEAVSourceMesh@12@AEBVPxBounds3@2@@Z 0000000180081750 f   GuBV32.obj
 0001:00080820       ??1BV32Tree@Gu@physx@@QEAA@XZ 0000000180081820 f   GuBV32.obj
 0001:00080830       ?load@BV32Tree@Gu@physx@@QEAA_NAEAVPxInputStream@3@_N@Z 0000000180081830 f   GuBV32.obj
 0001:00080a80       ?calculateLeafNode@BV32Tree@Gu@physx@@QEAAXAEAUBV32Data@23@@Z 0000000180081a80 f   GuBV32.obj
 0001:00080cc0       ?createSOAformatNode@BV32Tree@Gu@physx@@QEAAXAEAUBV32DataPacked@23@AEBUBV32Data@23@IAEAI2@Z 0000000180081cc0 f   GuBV32.obj
 0001:000810d0       ?reset@BV32Tree@Gu@physx@@QEAAXXZ 00000001800820d0 f   GuBV32.obj
 0001:000810f0       ??4BV32Tree@Gu@physx@@QEAAXAEAV012@@Z 00000001800820f0 f   GuBV32.obj
 0001:00081150       ?init@BV32Tree@Gu@physx@@QEAA_NPEAVSourceMesh@23@AEBVPxBounds3@3@@Z 0000000180082150 f   GuBV32.obj
 0001:00081200       ?release@BV32Tree@Gu@physx@@QEAAXXZ 0000000180082200 f   GuBV32.obj
 0001:00081590       ?BuildBV32Ex@Gu@physx@@YA_NAEAVBV32Tree@12@AEAVSourceMesh@12@MI@Z 0000000180082590 f   GuBV32Build.obj
 0001:00081790       ??0BV32Data@Gu@physx@@QEAA@XZ 0000000180082790 f i GuBV32Build.obj
 0001:000817d0       ??0BV32Node@@QEAA@XZ       00000001800827d0 f i GuBV32Build.obj
 0001:00082c20       ??0SourceMesh@Gu@physx@@QEAA@XZ 0000000180083c20 f   GuBV4.obj
 0001:00082c50       ??1SourceMesh@Gu@physx@@QEAA@XZ 0000000180083c50 f   GuBV4.obj
 0001:00082cb0       ?reset@SourceMesh@Gu@physx@@QEAAXXZ 0000000180083cb0 f   GuBV4.obj
 0001:00082cd0       ??4SourceMesh@Gu@physx@@QEAAXAEAV012@@Z 0000000180083cd0 f   GuBV4.obj
 0001:00082d20       ?remapTopology@SourceMesh@Gu@physx@@QEAAXPEBI@Z 0000000180083d20 f   GuBV4.obj
 0001:00083010       ?isValid@SourceMesh@Gu@physx@@QEBA_NXZ 0000000180084010 f   GuBV4.obj
 0001:00083040       ??0BV4Tree@Gu@physx@@QEAA@W4PxEMPTY@2@@Z 0000000180084040 f   GuBV4.obj
 0001:00083060       ?exportExtraData@BV4Tree@Gu@physx@@QEAAXAEAVPxSerializationContext@3@@Z 0000000180084060 f   GuBV4.obj
 0001:000830b0       ?importExtraData@BV4Tree@Gu@physx@@QEAAXAEAVPxDeserializationContext@3@@Z 00000001800840b0 f   GuBV4.obj
 0001:000830e0       ??0BV4Tree@Gu@physx@@QEAA@XZ 00000001800840e0 f   GuBV4.obj
 0001:00083110       ??0BV4Tree@Gu@physx@@QEAA@PEAVSourceMesh@12@AEBVPxBounds3@2@@Z 0000000180084110 f   GuBV4.obj
 0001:000831f0       ??1BV4Tree@Gu@physx@@QEAA@XZ 00000001800841f0 f   GuBV4.obj
 0001:00083250       ?load@BV4Tree@Gu@physx@@QEAA_NAEAVPxInputStream@3@_N@Z 0000000180084250 f   GuBV4.obj
 0001:00083500       ?reset@BV4Tree@Gu@physx@@QEAAXXZ 0000000180084500 f   GuBV4.obj
 0001:00083530       ??4BV4Tree@Gu@physx@@QEAAXAEAV012@@Z 0000000180084530 f   GuBV4.obj
 0001:000835c0       ?init@BV4Tree@Gu@physx@@QEAA_NPEAVSourceMesh@23@AEBVPxBounds3@3@@Z 00000001800845c0 f   GuBV4.obj
 0001:00083670       ?release@BV4Tree@Gu@physx@@QEAAXXZ 0000000180084670 f   GuBV4.obj
 0001:00083970       ??0IndTri16@Gu@physx@@QEAA@XZ 0000000180084970 f i GuBV4.obj
 0001:00083980       ??0IndTri32@Gu@physx@@QEAA@XZ 0000000180084980 f i GuBV4.obj
 0001:00083990       ??1IndTri16@Gu@physx@@QEAA@XZ 0000000180084990 f i GuBV4.obj
 0001:000839a0       ??1IndTri32@Gu@physx@@QEAA@XZ 00000001800849a0 f i GuBV4.obj
 0001:000839b0       ??_EIndTri16@Gu@physx@@QEAAPEAXI@Z 00000001800849b0 f i GuBV4.obj
 0001:00083a50       ??_EIndTri32@Gu@physx@@QEAAPEAXI@Z 0000000180084a50 f i GuBV4.obj
 0001:00083af0       ??0AABBTree@Gu@physx@@QEAA@XZ 0000000180084af0 f   GuBV4Build.obj
 0001:00083b10       ??1AABBTree@Gu@physx@@QEAA@XZ 0000000180084b10 f   GuBV4Build.obj
 0001:00083b20       ?buildFromMesh@AABBTree@Gu@physx@@QEAA_NAEAVSourceMesh@23@I@Z 0000000180084b20 f   GuBV4Build.obj
 0001:00083f60       ?release@AABBTree@Gu@physx@@QEAAXXZ 0000000180084f60 f   GuBV4Build.obj
 0001:00084010       ?walk@AABBTree@Gu@physx@@QEBAIP6A_NPEBVAABBTreeNode@23@IPEAX@Z1@Z 0000000180085010 f   GuBV4Build.obj
 0001:000840d0       ?BuildBV4Ex@Gu@physx@@YA_NAEAVBV4Tree@12@AEAVSourceMesh@12@MI@Z 00000001800850d0 f   GuBV4Build.obj
 0001:00084370       ??0BVData@@QEAA@XZ         0000000180085370 f   GuBV4Build.obj
 0001:000843b0       ??1BV4BuildParams@@QEAA@XZ 00000001800853b0 f   GuBV4Build.obj
 0001:000843c0       ?allocateNode@BV4BuildParams@@QEAAPEAUBV4Node@@XZ 00000001800853c0 f   GuBV4Build.obj
 0001:000844e0       ?releaseNodes@BV4BuildParams@@QEAAXXZ 00000001800854e0 f   GuBV4Build.obj
 0001:000848b0       ??0AABBTreeNode@Gu@physx@@QEAA@XZ 00000001800858b0 f i GuBV4Build.obj
 0001:000848d0       ??0BV4Node@@QEAA@XZ        00000001800858d0 f i GuBV4Build.obj
 0001:000849b0       ??1AABBTreeNode@Gu@physx@@QEAA@XZ 00000001800859b0 f i GuBV4Build.obj
 0001:000849d0       ??1BV4Node@@QEAA@XZ        00000001800859d0 f i GuBV4Build.obj
 0001:000849e0       ??1BVData@@QEAA@XZ         00000001800859e0 f i GuBV4Build.obj
 0001:000849f0       ??_EAABBTreeNode@Gu@physx@@QEAAPEAXI@Z 00000001800859f0 f i GuBV4Build.obj
 0001:00086cd0       ?Sweep_AABB_BV4@@YAHAEBVBox@Gu@physx@@AEBVPxVec3@3@MAEBVBV4Tree@23@PEIAVSweepHit@23@I@Z 0000000180087cd0 f   GuBV4_AABBSweep.obj
 0001:00087230       ?Sweep_AABB_BV4_CB@@YAXAEBVBox@Gu@physx@@AEBVPxVec3@3@MAEBVBV4Tree@23@PEIBVPxMat44@3@P6A_NPEAXAEBVSweepHit@23@@Z4I_N@Z 0000000180088230 f   GuBV4_AABBSweep.obj
 0001:000873d0       ?GenericSweep_AABB_CB@@YAXAEBVBox@Gu@physx@@AEBVPxVec3@3@MAEBVBV4Tree@23@P6A_NPEAX111IAEAM@Z3I@Z 00000001800883d0 f   GuBV4_AABBSweep.obj
 0001:00090050       ?transform@PxMat44@physx@@QEBA?BVPxVec4@2@AEBV32@@Z 0000000180091050 f i GuBV4_AABBSweep.obj
 0001:00091130       ?BV4_OverlapBoxAny@@YAHAEBVBox@Gu@physx@@AEBVBV4Tree@23@PEIBVPxMat44@3@@Z 0000000180092130 f   GuBV4_BoxOverlap.obj
 0001:000918f0       ?BV4_OverlapBoxAll@@YAIAEBVBox@Gu@physx@@AEBVBV4Tree@23@PEIBVPxMat44@3@PEAIIAEA_N@Z 00000001800928f0 f   GuBV4_BoxOverlap.obj
 0001:000920f0       ?BV4_OverlapBoxCB@@YAXAEBVBox@Gu@physx@@AEBVBV4Tree@23@P6A_NPEAXAEBVPxVec3@3@33IPEBI@Z2@Z 00000001800930f0 f   GuBV4_BoxOverlap.obj
 0001:000925b0       ?BV4_OverlapCapsuleAny@@YAHAEBVCapsule@Gu@physx@@AEBVBV4Tree@23@PEIBVPxMat44@3@@Z 00000001800935b0 f   GuBV4_BoxOverlap.obj
 0001:00092c60       ?BV4_OverlapCapsuleAll@@YAIAEBVCapsule@Gu@physx@@AEBVBV4Tree@23@PEIBVPxMat44@3@PEAIIAEA_N@Z 0000000180093c60 f   GuBV4_BoxOverlap.obj
 0001:00093370       ?BV4_OverlapCapsuleCB@@YAXAEBVCapsule@Gu@physx@@AEBVBV4Tree@23@PEIBVPxMat44@3@P6A_NPEAXAEBVPxVec3@3@44IPEBI@Z3@Z 0000000180094370 f   GuBV4_BoxOverlap.obj
 0001:00099910       ?BV4_CapsuleSweepSingle@@YAHAEBVCapsule@Gu@physx@@AEBVPxVec3@3@MAEBVBV4Tree@23@PEIAVSweepHit@23@I@Z 000000018009a910 f   GuBV4_CapsuleSweep.obj
 0001:00099f60       ?BV4_CapsuleSweepCB@@YAXAEBVCapsule@Gu@physx@@AEBVPxVec3@3@MAEBVBV4Tree@23@PEIBVPxMat44@3@P6A_NPEAXAEBVSweepHit@23@@Z4I_N@Z 000000018009af60 f   GuBV4_CapsuleSweep.obj
 0001:000a18d0       ?computeBasis@shdfnd@physx@@YAXAEBVPxVec3@2@0AEAV32@11@Z 00000001800a28d0 f i GuBV4_CapsuleSweep.obj
 0001:000a3540       ?transform@PxMat44@physx@@QEBA?BVPxVec3@2@AEBV32@@Z 00000001800a4540 f i GuBV4_CapsuleSweep.obj
 0001:000a46e0       ?BV4_CapsuleSweepSingleAA@@YAHAEBVCapsule@Gu@physx@@AEBVPxVec3@3@MAEBVBV4Tree@23@PEIAVSweepHit@23@I@Z 00000001800a56e0 f   GuBV4_CapsuleSweepAA.obj
 0001:000a8420       ?Sweep_OBB_BV4@@YAHAEBVBox@Gu@physx@@AEBVPxVec3@3@MAEBVBV4Tree@23@PEIAVSweepHit@23@I@Z 00000001800a9420 f   GuBV4_OBBSweep.obj
 0001:000a8980       ?Sweep_OBB_BV4_CB@@YAXAEBVBox@Gu@physx@@AEBVPxVec3@3@MAEBVBV4Tree@23@PEIBVPxMat44@3@P6A_NPEAXAEBVSweepHit@23@@Z4I_N@Z 00000001800a9980 f   GuBV4_OBBSweep.obj
 0001:000a8b00       ?GenericSweep_OBB_CB@@YAXAEBVBox@Gu@physx@@AEBVPxVec3@3@MAEBVBV4Tree@23@P6A_NPEAX111IAEAM@Z3I@Z 00000001800a9b00 f   GuBV4_OBBSweep.obj
[...]
 0003:00001c70       ??_R0?AVRTreeTriangleData@Gu@physx@@@8 000000018025fc70     GuMeshFactory.obj
 0003:00001cb0       ??_R0E@8                   000000018025fcb0     GuMeshFactory.obj
 0003:00001cc8       ??_R0I@8                   000000018025fcc8     GuMeshFactory.obj
 0003:00001ce0       ??_R0G@8                   000000018025fce0     GuMeshFactory.obj
 0003:00001cf8       ??_R0?AVtype_info@@@8      000000018025fcf8     LIBCMT:std_type_info_static.obj
 0003:00001d20       ??_R0?AVDNameNode@@@8      000000018025fd20     libvcruntime:undname.obj
 0003:00001d48       ??_R0?AVcharNode@@@8       000000018025fd48     libvcruntime:undname.obj
 0003:00001d70       ??_R0?AVpcharNode@@@8      000000018025fd70     libvcruntime:undname.obj
 0003:00001d98       ??_R0?AVpDNameNode@@@8     000000018025fd98     libvcruntime:undname.obj
 0003:00001dc0       ??_R0?AVDNameStatusNode@@@8 000000018025fdc0     libvcruntime:undname.obj
 0003:00001df0       ??_R0?AVpairNode@@@8       000000018025fdf0     libvcruntime:undname.obj
 0003:00002a20       ?boxVertexTable@physx@@3QBT__m128@@B 0000000180260a20     GuConvexSupportTable.obj
 0003:000055b8       __hmod__PxFoundationCHECKED_x64_dll 00000001802635b8     PxFoundationCHECKED_x64:PxFoundationCHECKED_x64.dll
 0003:000055c0       ?DloadKernel32@@3PEAUHINSTANCE__@@EA 00000001802635c0     delayimp:delayhlp.obj
 0003:000055c8       ?DloadAcquireSRWLockExclusive@@3P6AXPEA_K@ZEA 00000001802635c8     delayimp:delayhlp.obj
 0003:000055d0       ?DloadReleaseSRWLockExclusive@@3P6AXPEA_K@ZEA 00000001802635d0     delayimp:delayhlp.obj
 0003:000055d8       ?DloadSrwLock@@3_KA        00000001802635d8     delayimp:delayhlp.obj
 0003:000055e0       ?DloadSectionLockCount@@3KA 00000001802635e0     delayimp:delayhlp.obj
 0003:000055e4       ?DloadSectionOldProtection@@3KA 00000001802635e4     delayimp:delayhlp.obj
 0003:000055e8       ?DloadSectionCommitPermanent@@3KA 00000001802635e8     delayimp:delayhlp.obj
 0003:00005600       ?__type_info_root_node@@3U__type_info_node@@A 0000000180263600     LIBCMT:tncleanup.obj
 0003:00005618       ?_OptionsStorage@?1??__local_stdio_printf_options@@9@4_KA 0000000180263618     LIBCMT:default_local_stdio_options.obj
 0003:00005628       ?_OptionsStorage@?1??__local_stdio_scanf_options@@9@4_KA 0000000180263628     LIBCMT:default_local_stdio_options.obj
 0003:00005638       __scrt_current_native_startup_state 0000000180263638     LIBCMT:utility.obj
 0003:00005640       __scrt_native_startup_lock 0000000180263640     LIBCMT:utility.obj
 0003:00005688       __scrt_debugger_hook_flag  0000000180263688     LIBCMT:utility_desktop.obj
 0003:0000568c       __favor                    000000018026368c     LIBCMT:_cpu_disp_.obj
 0003:00005690       __pPurecall                0000000180263690     libvcruntime:purevirt_data.obj
 0003:000056a0       ?pArgList@UnDecorator@@0PEAVReplicator@@EA 00000001802636a0     libvcruntime:undname.obj
 0003:000056a8       ?pZNameList@UnDecorator@@0PEAVReplicator@@EA 00000001802636a8     libvcruntime:undname.obj
 0003:000056b0       ?pTemplateArgList@UnDecorator@@0PEAVReplicator@@EA 00000001802636b0     libvcruntime:undname.obj
 0003:000056b8       ?gName@UnDecorator@@0PEBDEB 00000001802636b8     libvcruntime:undname.obj
 0003:000056c0       ?name@UnDecorator@@0PEBDEB 00000001802636c0     libvcruntime:undname.obj
 0003:000056c8       ?outputString@UnDecorator@@0PEADEA 00000001802636c8     libvcruntime:undname.obj
 0003:000056d0       ?maxStringLength@UnDecorator@@0HA 00000001802636d0     libvcruntime:undname.obj
 0003:000056d4       ?disableFlags@UnDecorator@@0KA 00000001802636d4     libvcruntime:undname.obj
 0003:000056d8       ?fExplicitTemplateParams@UnDecorator@@0_NA 00000001802636d8     libvcruntime:undname.obj
 0003:000056d9       ?fGetTemplateArgumentList@UnDecorator@@0_NA 00000001802636d9     libvcruntime:undname.obj
 0003:000056e0       ?m_pGetParameter@UnDecorator@@0P6APEADJ@ZEA 00000001802636e0     libvcruntime:undname.obj
 0003:00005c18       _environ_table             0000000180263c18     libucrt:environment_initialization.obj
 0003:00005c20       _wenviron_table            0000000180263c20     libucrt:environment_initialization.obj
 0003:00005c30       __dcrt_initial_wide_environment 0000000180263c30     libucrt:environment_initialization.obj
 0003:00005c40       __dcrt_initial_narrow_environment 0000000180263c40     libucrt:environment_initialization.obj
 0003:00005c50       __acrt_atexit_table        0000000180263c50     libucrt:onexit.obj
 0003:00005c70       __acrt_at_quick_exit_table 0000000180263c70     libucrt:onexit.obj
 0003:00005c8c       __fma3_is_available        0000000180263c8c     libucrt:fma3_available.obj
 0003:00005c90       __use_fma3_lib             0000000180263c90     libucrt:fma3_available.obj
 0003:00006134       __mbcodepage               0000000180264134     libucrt:mbctype.obj
 0003:00006138       __ismbcodepage             0000000180264138     libucrt:mbctype.obj
 0003:00006140       __mbulinfo                 0000000180264140     libucrt:mbctype.obj
 0003:00006158       __mblocalename             0000000180264158     libucrt:mbctype.obj
 0003:00006164       __argc                     0000000180264164     libucrt:argv_data.obj
 0003:00006168       __argv                     0000000180264168     libucrt:argv_data.obj
 0003:00006178       __wargv                    0000000180264178     libucrt:argv_data.obj
 0003:00006188       _acmdln                    0000000180264188     libucrt:argv_data.obj
 0003:00006198       _wcmdln                    0000000180264198     libucrt:argv_data.obj
 0003:000061a8       _pgmptr                    00000001802641a8     libucrt:argv_data.obj
 0003:000061b8       _wpgmptr                   00000001802641b8     libucrt:argv_data.obj
 0003:000061c8       __acrt_heap                00000001802641c8     libucrt:heap_handle.obj
 0003:000061e0       __pioinfo                  00000001802641e0     libucrt:ioinit.obj
 0003:000066ac       _nhandle                   00000001802646ac     libucrt:ioinit.obj
 0003:000066f8       __acrt_current_locale_data 00000001802646f8     libucrt:nlsdata.obj
 0003:00006708       __acrt_stdout_buffer       0000000180264708     libucrt:_sftbuf.obj
 0003:00006718       __acrt_stderr_buffer       0000000180264718     libucrt:_sftbuf.obj
 0003:00006728       _nstream                   0000000180264728     libucrt:_file.obj
 0003:00006730       __piob                     0000000180264730     libucrt:_file.obj
 0003:0000673c       _cflush                    000000018026473c     libucrt:_file.obj
 0003:0000674c       __acrt_locale_changed_data 000000018026474c     libucrt:wsetlocale.obj
 0003:00006750       __acrt_lconv_static_null   0000000180264750     libucrt:localeconv.obj
 0003:00006754       __acrt_lconv_static_W_null 0000000180264754     libucrt:localeconv.obj
 0003:00007558       __scrt_ucrt_dll_is_in_use  0000000180265558     <common>
 0003:00007568       __dyn_tls_init_callback    0000000180265568     <common>
 0003:00007580       _pDestructExceptionObject  0000000180265580     <common>
 0005:00000000       __imp_LoadLibraryA         0000000180272000     kernel32:KERNEL32.dll
 0005:00000008       __imp_FreeLibrary          0000000180272008     kernel32:KERNEL32.dll
 0005:00000010       __imp_GetProcAddress       0000000180272010     kernel32:KERNEL32.dll
 0005:00000018       __imp_WriteConsoleW        0000000180272018     kernel32:KERNEL32.dll
 0005:00000020       __imp_RaiseException       0000000180272020     kernel32:KERNEL32.dll
 0005:00000028       __imp_GetLastError         0000000180272028     kernel32:KERNEL32.dll
 0005:00000030       __imp_GetSystemInfo        0000000180272030     kernel32:KERNEL32.dll
 0005:00000038       __imp_VirtualProtect       0000000180272038     kernel32:KERNEL32.dll
 0005:00000040       __imp_VirtualQuery         0000000180272040     kernel32:KERNEL32.dll
 0005:00000048       __imp_GetModuleHandleW     0000000180272048     kernel32:KERNEL32.dll
 0005:00000050       __imp_LoadLibraryExA       0000000180272050     kernel32:KERNEL32.dll
 0005:00000058       __imp_InitializeSListHead  0000000180272058     kernel32:KERNEL32.dll
 0005:00000060       __imp_QueryPerformanceCounter 0000000180272060     kernel32:KERNEL32.dll
 0005:00000068       __imp_GetCurrentProcessId  0000000180272068     kernel32:KERNEL32.dll
 0005:00000070       __imp_GetCurrentThreadId   0000000180272070     kernel32:KERNEL32.dll
 0005:00000078       __imp_GetSystemTimeAsFileTime 0000000180272078     kernel32:KERNEL32.dll
 0005:00000080       __imp_RtlCaptureContext    0000000180272080     kernel32:KERNEL32.dll
 0005:00000088       __imp_RtlLookupFunctionEntry 0000000180272088     kernel32:KERNEL32.dll
 0005:00000090       __imp_RtlVirtualUnwind     0000000180272090     kernel32:KERNEL32.dll
 0005:00000098       __imp_IsDebuggerPresent    0000000180272098     kernel32:KERNEL32.dll
 0005:000000a0       __imp_UnhandledExceptionFilter 00000001802720a0     kernel32:KERNEL32.dll
 0005:000000a8       __imp_SetUnhandledExceptionFilter 00000001802720a8     kernel32:KERNEL32.dll
 0005:000000b0       __imp_GetStartupInfoW      00000001802720b0     kernel32:KERNEL32.dll
 0005:000000b8       __imp_IsProcessorFeaturePresent 00000001802720b8     kernel32:KERNEL32.dll
 0005:000000c0       __imp_InterlockedPushEntrySList 00000001802720c0     kernel32:KERNEL32.dll
 0005:000000c8       __imp_InterlockedFlushSList 00000001802720c8     kernel32:KERNEL32.dll
 0005:000000d0       __imp_RtlUnwindEx          00000001802720d0     kernel32:KERNEL32.dll
 0005:000000d8       __imp_SetLastError         00000001802720d8     kernel32:KERNEL32.dll
 0005:000000e0       __imp_EnterCriticalSection 00000001802720e0     kernel32:KERNEL32.dll
 0005:000000e8       __imp_LeaveCriticalSection 00000001802720e8     kernel32:KERNEL32.dll
 0005:000000f0       __imp_DeleteCriticalSection 00000001802720f0     kernel32:KERNEL32.dll
 0005:000000f8       __imp_InitializeCriticalSectionAndSpinCount 00000001802720f8     kernel32:KERNEL32.dll
 0005:00000100       __imp_TlsAlloc             0000000180272100     kernel32:KERNEL32.dll
 0005:00000108       __imp_TlsGetValue          0000000180272108     kernel32:KERNEL32.dll
 0005:00000110       __imp_TlsSetValue          0000000180272110     kernel32:KERNEL32.dll
 0005:00000118       __imp_TlsFree              0000000180272118     kernel32:KERNEL32.dll
 0005:00000120       __imp_LoadLibraryExW       0000000180272120     kernel32:KERNEL32.dll
 0005:00000128       __imp_GetCurrentProcess    0000000180272128     kernel32:KERNEL32.dll
 0005:00000130       __imp_ExitProcess          0000000180272130     kernel32:KERNEL32.dll
 0005:00000138       __imp_TerminateProcess     0000000180272138     kernel32:KERNEL32.dll
 0005:00000140       __imp_GetModuleHandleExW   0000000180272140     kernel32:KERNEL32.dll
 0005:00000148       __imp_GetModuleFileNameA   0000000180272148     kernel32:KERNEL32.dll
 0005:00000150       __imp_GetModuleFileNameW   0000000180272150     kernel32:KERNEL32.dll
 0005:00000158       __imp_MultiByteToWideChar  0000000180272158     kernel32:KERNEL32.dll
 0005:00000160       __imp_WideCharToMultiByte  0000000180272160     kernel32:KERNEL32.dll
 0005:00000168       __imp_HeapFree             0000000180272168     kernel32:KERNEL32.dll
 0005:00000170       __imp_HeapAlloc            0000000180272170     kernel32:KERNEL32.dll
 0005:00000178       __imp_GetCurrentThread     0000000180272178     kernel32:KERNEL32.dll
 0005:00000180       __imp_GetDateFormatW       0000000180272180     kernel32:KERNEL32.dll
 0005:00000188       __imp_GetTimeFormatW       0000000180272188     kernel32:KERNEL32.dll
 0005:00000190       __imp_CompareStringW       0000000180272190     kernel32:KERNEL32.dll
 0005:00000198       __imp_LCMapStringW         0000000180272198     kernel32:KERNEL32.dll
 0005:000001a0       __imp_GetLocaleInfoW       00000001802721a0     kernel32:KERNEL32.dll
 0005:000001a8       __imp_IsValidLocale        00000001802721a8     kernel32:KERNEL32.dll
 0005:000001b0       __imp_GetUserDefaultLCID   00000001802721b0     kernel32:KERNEL32.dll
 0005:000001b8       __imp_EnumSystemLocalesW   00000001802721b8     kernel32:KERNEL32.dll
 0005:000001c0       __imp_FindClose            00000001802721c0     kernel32:KERNEL32.dll
 0005:000001c8       __imp_FindFirstFileExA     00000001802721c8     kernel32:KERNEL32.dll
 0005:000001d0       __imp_FindFirstFileExW     00000001802721d0     kernel32:KERNEL32.dll
 0005:000001d8       __imp_FindNextFileA        00000001802721d8     kernel32:KERNEL32.dll
 0005:000001e0       __imp_FindNextFileW        00000001802721e0     kernel32:KERNEL32.dll
 0005:000001e8       __imp_IsValidCodePage      00000001802721e8     kernel32:KERNEL32.dll
 0005:000001f0       __imp_GetACP               00000001802721f0     kernel32:KERNEL32.dll
 0005:000001f8       __imp_GetOEMCP             00000001802721f8     kernel32:KERNEL32.dll
 0005:00000200       __imp_GetCPInfo            0000000180272200     kernel32:KERNEL32.dll
 0005:00000208       __imp_GetCommandLineA      0000000180272208     kernel32:KERNEL32.dll
 0005:00000210       __imp_GetCommandLineW      0000000180272210     kernel32:KERNEL32.dll
 0005:00000218       __imp_GetEnvironmentStringsW 0000000180272218     kernel32:KERNEL32.dll
 0005:00000220       __imp_FreeEnvironmentStringsW 0000000180272220     kernel32:KERNEL32.dll
 0005:00000228       __imp_SetEnvironmentVariableA 0000000180272228     kernel32:KERNEL32.dll
 0005:00000230       __imp_SetEnvironmentVariableW 0000000180272230     kernel32:KERNEL32.dll
 0005:00000238       __imp_GetProcessHeap       0000000180272238     kernel32:KERNEL32.dll
 0005:00000240       __imp_GetStdHandle         0000000180272240     kernel32:KERNEL32.dll
 0005:00000248       __imp_GetFileType          0000000180272248     kernel32:KERNEL32.dll
 0005:00000250       __imp_SetConsoleCtrlHandler 0000000180272250     kernel32:KERNEL32.dll
 0005:00000258       __imp_GetStringTypeW       0000000180272258     kernel32:KERNEL32.dll
 0005:00000260       __imp_HeapSize             0000000180272260     kernel32:KERNEL32.dll
 0005:00000268       __imp_HeapReAlloc          0000000180272268     kernel32:KERNEL32.dll
 0005:00000270       __imp_SetStdHandle         0000000180272270     kernel32:KERNEL32.dll
 0005:00000278       __imp_WriteFile            0000000180272278     kernel32:KERNEL32.dll
 0005:00000280       __imp_FlushFileBuffers     0000000180272280     kernel32:KERNEL32.dll
 0005:00000288       __imp_GetConsoleCP         0000000180272288     kernel32:KERNEL32.dll
 0005:00000290       __imp_GetConsoleMode       0000000180272290     kernel32:KERNEL32.dll
 0005:00000298       __imp_SetFilePointerEx     0000000180272298     kernel32:KERNEL32.dll
 0005:000002a0       __imp_OutputDebugStringA   00000001802722a0     kernel32:KERNEL32.dll
 0005:000002a8       __imp_OutputDebugStringW   00000001802722a8     kernel32:KERNEL32.dll
 0005:000002b0       __imp_CloseHandle          00000001802722b0     kernel32:KERNEL32.dll
 0005:000002b8       __imp_WaitForSingleObjectEx 00000001802722b8     kernel32:KERNEL32.dll
 0005:000002c0       __imp_CreateThread         00000001802722c0     kernel32:KERNEL32.dll
 0005:000002c8       __imp_CreateFileW          00000001802722c8     kernel32:KERNEL32.dll
 0005:000002d0       \177KERNEL32_NULL_THUNK_DATA 00000001802722d0     kernel32:KERNEL32.dll
 0005:000003b8       __IMPORT_DESCRIPTOR_KERNEL32 00000001802723b8     kernel32:KERNEL32.dll
 0005:000003cc       __NULL_IMPORT_DESCRIPTOR   00000001802723cc     kernel32:KERNEL32.dll
 0006:00000000       __DELAY_IMPORT_DESCRIPTOR_PxFoundationCHECKED_x64_dll 0000000180274000     PxFoundationCHECKED_x64:PxFoundationCHECKED_x64.dll
 0006:00000020       __NULL_DELAY_IMPORT_DESCRIPTOR 0000000180274020     PxFoundationCHECKED_x64:PxFoundationCHECKED_x64.dll
 0006:000000f0       \177PxFoundationCHECKED_x64_NULL_THUNK_DATA_DLN 00000001802740f0     PxFoundationCHECKED_x64:PxFoundationCHECKED_x64.dll
 0006:00000168       __imp_??0NamedAllocator@shdfnd@physx@@QEAA@PEBD@Z 0000000180274168     PxFoundationCHECKED_x64:PxFoundationCHECKED_x64.dll
 0006:00000170       __imp_?unlock@MutexImpl@shdfnd@physx@@QEAAXXZ 0000000180274170     PxFoundationCHECKED_x64:PxFoundationCHECKED_x64.dll
 0006:00000178       __imp_?getAllocator@shdfnd@physx@@YAAEAVPxAllocatorCallback@2@XZ 0000000180274178     PxFoundationCHECKED_x64:PxFoundationCHECKED_x64.dll
 0006:00000180       __imp_??1NamedAllocator@shdfnd@physx@@QEAA@XZ 0000000180274180     PxFoundationCHECKED_x64:PxFoundationCHECKED_x64.dll
 0006:00000188       __imp_?allocate@NamedAllocator@shdfnd@physx@@QEAAPEAX_KPEBDH@Z 0000000180274188     PxFoundationCHECKED_x64:PxFoundationCHECKED_x64.dll
 0006:00000190       __imp_?deallocate@NamedAllocator@shdfnd@physx@@QEAAXPEAX@Z 0000000180274190     PxFoundationCHECKED_x64:PxFoundationCHECKED_x64.dll
 0006:00000198       __imp_PxGetFoundation      0000000180274198     PxFoundationCHECKED_x64:PxFoundationCHECKED_x64.dll
 0006:000001a0       __imp_?getInstance@Foundation@shdfnd@physx@@SAAEAV123@XZ 00000001802741a0     PxFoundationCHECKED_x64:PxFoundationCHECKED_x64.dll
 0006:000001a8       __imp_?error@Foundation@shdfnd@physx@@QEAAXW4Enum@PxErrorCode@3@PEBDH1ZZ 00000001802741a8     PxFoundationCHECKED_x64:PxFoundationCHECKED_x64.dll
 0006:000001b0       __imp_?PxShortestRotation@physx@@YA?AVPxQuat@1@AEBVPxVec3@1@0@Z 00000001802741b0     PxFoundationCHECKED_x64:PxFoundationCHECKED_x64.dll
 0006:000001b8       __imp_?vsnprintf@shdfnd@physx@@YAHPEAD_KPEBD0@Z 00000001802741b8     PxFoundationCHECKED_x64:PxFoundationCHECKED_x64.dll
 0006:000001c0       __imp_?optimizeBoundingBox@shdfnd@physx@@YA?AVPxVec3@2@AEAVPxMat33@2@@Z 00000001802741c0     PxFoundationCHECKED_x64:PxFoundationCHECKED_x64.dll
 0006:000001c8       __imp_??0NamedAllocator@shdfnd@physx@@QEAA@AEBV012@@Z 00000001802741c8     PxFoundationCHECKED_x64:PxFoundationCHECKED_x64.dll
 0006:000001d0       __imp_?allocate@TempAllocator@shdfnd@physx@@QEAAPEAX_KPEBDH@Z 00000001802741d0     PxFoundationCHECKED_x64:PxFoundationCHECKED_x64.dll
 0006:000001d8       __imp_?deallocate@TempAllocator@shdfnd@physx@@QEAAXPEAX@Z 00000001802741d8     PxFoundationCHECKED_x64:PxFoundationCHECKED_x64.dll
 0006:000001e0       __imp_?atomicIncrement@shdfnd@physx@@YAHPECH@Z 00000001802741e0     PxFoundationCHECKED_x64:PxFoundationCHECKED_x64.dll
 0006:000001e8       __imp_?atomicDecrement@shdfnd@physx@@YAHPECH@Z 00000001802741e8     PxFoundationCHECKED_x64:PxFoundationCHECKED_x64.dll
 0006:000001f0       __imp_PxGetProfilerCallback 00000001802741f0     PxFoundationCHECKED_x64:PxFoundationCHECKED_x64.dll
 0006:000001f8       __imp_??0MutexImpl@shdfnd@physx@@QEAA@XZ 00000001802741f8     PxFoundationCHECKED_x64:PxFoundationCHECKED_x64.dll
 0006:00000200       __imp_??1MutexImpl@shdfnd@physx@@QEAA@XZ 0000000180274200     PxFoundationCHECKED_x64:PxFoundationCHECKED_x64.dll
 0006:00000208       __imp_?lock@MutexImpl@shdfnd@physx@@QEAAXXZ 0000000180274208     PxFoundationCHECKED_x64:PxFoundationCHECKED_x64.dll
 0006:00000210       __imp_?getSize@MutexImpl@shdfnd@physx@@SAIXZ 0000000180274210     PxFoundationCHECKED_x64:PxFoundationCHECKED_x64.dll
 0006:00000218       \177PxFoundationCHECKED_x64_NULL_THUNK_DATA_DLA 0000000180274218     PxFoundationCHECKED_x64:PxFoundationCHECKED_x64.dll
 0006:00000820       \177PxFoundationCHECKED_x64_NULL_THUNK_DATA_DLB 0000000180274820     PxFoundationCHECKED_x64:PxFoundationCHECKED_x64.dll
 0007:00000000       __guard_check_icall_fptr   0000000180275000     LIBCMT:guard_support.obj
 0007:00000010       __guard_dispatch_icall_fptr 0000000180275010     LIBCMT:guard_support.obj
 0007:00000020       __guard_ss_verify_failure_fptr 0000000180275020     LIBCMT:guard_support.obj
 0007:00000030       __guard_ss_verify_sp_fptr  0000000180275030     LIBCMT:guard_support.obj
